Archive member included because of file (symbol)

c:/eclipse-arm/gcc-4_8-2014/bin/../lib/gcc/arm-none-eabi/4.8.4/armv7e-m/fpu\libgcc.a(_arm_addsubdf3.o)
                              ./ZHONX_III/Peripherals/Gyroscope/ADXRS620.o (__aeabi_f2d)
c:/eclipse-arm/gcc-4_8-2014/bin/../lib/gcc/arm-none-eabi/4.8.4/armv7e-m/fpu\libgcc.a(_arm_muldivdf3.o)
                              ./ZHONX_III/Peripherals/Gyroscope/ADXRS620.o (__aeabi_ddiv)
c:/eclipse-arm/gcc-4_8-2014/bin/../lib/gcc/arm-none-eabi/4.8.4/armv7e-m/fpu\libgcc.a(_arm_truncdfsf2.o)
                              ./ZHONX_III/Peripherals/Gyroscope/ADXRS620.o (__aeabi_d2f)
c:/eclipse-arm/gcc-4_8-2014/bin/../lib/gcc/arm-none-eabi/4.8.4/../../../../arm-none-eabi/lib/armv7e-m/fpu\libc.a(lib_a-exit.o)
                              c:/eclipse-arm/gcc-4_8-2014/bin/../lib/gcc/arm-none-eabi/4.8.4/../../../../arm-none-eabi/lib/armv7e-m/fpu/crt0.o (exit)
c:/eclipse-arm/gcc-4_8-2014/bin/../lib/gcc/arm-none-eabi/4.8.4/../../../../arm-none-eabi/lib/armv7e-m/fpu\libc.a(lib_a-impure.o)
                              c:/eclipse-arm/gcc-4_8-2014/bin/../lib/gcc/arm-none-eabi/4.8.4/../../../../arm-none-eabi/lib/armv7e-m/fpu\libc.a(lib_a-exit.o) (_global_impure_ptr)
c:/eclipse-arm/gcc-4_8-2014/bin/../lib/gcc/arm-none-eabi/4.8.4/../../../../arm-none-eabi/lib/armv7e-m/fpu\libc.a(lib_a-init.o)
                              c:/eclipse-arm/gcc-4_8-2014/bin/../lib/gcc/arm-none-eabi/4.8.4/../../../../arm-none-eabi/lib/armv7e-m/fpu/crt0.o (__libc_init_array)
c:/eclipse-arm/gcc-4_8-2014/bin/../lib/gcc/arm-none-eabi/4.8.4/../../../../arm-none-eabi/lib/armv7e-m/fpu\libc.a(lib_a-memcpy.o)
                              ./ZHONX_III/Peripherals/Display/src/ssd1306.o (memcpy)
c:/eclipse-arm/gcc-4_8-2014/bin/../lib/gcc/arm-none-eabi/4.8.4/../../../../arm-none-eabi/lib/armv7e-m/fpu\libc.a(lib_a-memset.o)
                              c:/eclipse-arm/gcc-4_8-2014/bin/../lib/gcc/arm-none-eabi/4.8.4/../../../../arm-none-eabi/lib/armv7e-m/fpu/crt0.o (memset)
c:/eclipse-arm/gcc-4_8-2014/bin/../lib/gcc/arm-none-eabi/4.8.4/../../../../arm-none-eabi/lib/armv7e-m/fpu\libc.a(lib_a-reent.o)
                              ./ZHONX_III/Src/syscalls.o (errno)
c:/eclipse-arm/gcc-4_8-2014/bin/../lib/gcc/arm-none-eabi/4.8.4/../../../../arm-none-eabi/lib/armv7e-m/fpu\libc.a(lib_a-sprintf.o)
                              ./ZHONX_III/Peripherals/Display/src/ssd1306.o (sprintf)
c:/eclipse-arm/gcc-4_8-2014/bin/../lib/gcc/arm-none-eabi/4.8.4/../../../../arm-none-eabi/lib/armv7e-m/fpu\libc.a(lib_a-strlen.o)
                              ./ZHONX_III/Peripherals/Display/src/ssd1306.o (strlen)
c:/eclipse-arm/gcc-4_8-2014/bin/../lib/gcc/arm-none-eabi/4.8.4/../../../../arm-none-eabi/lib/armv7e-m/fpu\libc.a(lib_a-svfprintf.o)
                              c:/eclipse-arm/gcc-4_8-2014/bin/../lib/gcc/arm-none-eabi/4.8.4/../../../../arm-none-eabi/lib/armv7e-m/fpu\libc.a(lib_a-sprintf.o) (_svfprintf_r)
c:/eclipse-arm/gcc-4_8-2014/bin/../lib/gcc/arm-none-eabi/4.8.4/../../../../arm-none-eabi/lib/armv7e-m/fpu\libc.a(lib_a-__call_atexit.o)
                              c:/eclipse-arm/gcc-4_8-2014/bin/../lib/gcc/arm-none-eabi/4.8.4/../../../../arm-none-eabi/lib/armv7e-m/fpu\libc.a(lib_a-exit.o) (__call_exitprocs)
c:/eclipse-arm/gcc-4_8-2014/bin/../lib/gcc/arm-none-eabi/4.8.4/../../../../arm-none-eabi/lib/armv7e-m/fpu\libc.a(lib_a-atexit.o)
                              c:/eclipse-arm/gcc-4_8-2014/bin/../lib/gcc/arm-none-eabi/4.8.4/../../../../arm-none-eabi/lib/armv7e-m/fpu\libc.a(lib_a-__call_atexit.o) (atexit)
c:/eclipse-arm/gcc-4_8-2014/bin/../lib/gcc/arm-none-eabi/4.8.4/../../../../arm-none-eabi/lib/armv7e-m/fpu\libc.a(lib_a-dtoa.o)
                              c:/eclipse-arm/gcc-4_8-2014/bin/../lib/gcc/arm-none-eabi/4.8.4/../../../../arm-none-eabi/lib/armv7e-m/fpu\libc.a(lib_a-svfprintf.o) (_dtoa_r)
c:/eclipse-arm/gcc-4_8-2014/bin/../lib/gcc/arm-none-eabi/4.8.4/../../../../arm-none-eabi/lib/armv7e-m/fpu\libc.a(lib_a-fini.o)
                              c:/eclipse-arm/gcc-4_8-2014/bin/../lib/gcc/arm-none-eabi/4.8.4/../../../../arm-none-eabi/lib/armv7e-m/fpu\libc.a(lib_a-__call_atexit.o) (__libc_fini_array)
c:/eclipse-arm/gcc-4_8-2014/bin/../lib/gcc/arm-none-eabi/4.8.4/../../../../arm-none-eabi/lib/armv7e-m/fpu\libc.a(lib_a-freer.o)
                              c:/eclipse-arm/gcc-4_8-2014/bin/../lib/gcc/arm-none-eabi/4.8.4/../../../../arm-none-eabi/lib/armv7e-m/fpu\libc.a(lib_a-reent.o) (_free_r)
c:/eclipse-arm/gcc-4_8-2014/bin/../lib/gcc/arm-none-eabi/4.8.4/../../../../arm-none-eabi/lib/armv7e-m/fpu\libc.a(lib_a-locale.o)
                              c:/eclipse-arm/gcc-4_8-2014/bin/../lib/gcc/arm-none-eabi/4.8.4/../../../../arm-none-eabi/lib/armv7e-m/fpu\libc.a(lib_a-svfprintf.o) (_localeconv_r)
c:/eclipse-arm/gcc-4_8-2014/bin/../lib/gcc/arm-none-eabi/4.8.4/../../../../arm-none-eabi/lib/armv7e-m/fpu\libc.a(lib_a-mallocr.o)
[...]
Memory Configuration

Name             Origin             Length             Attributes
FLASH            0x08000000         0x00100000         xr
RAM              0x20000000         0x00020000         xrw
CCMRAM           0x10000000         0x00010000         rw
*default*        0x00000000         0xffffffff

Linker script and memory map

LOAD c:/eclipse-arm/gcc-4_8-2014/bin/../lib/gcc/arm-none-eabi/4.8.4/armv7e-m/fpu/crti.o
LOAD c:/eclipse-arm/gcc-4_8-2014/bin/../lib/gcc/arm-none-eabi/4.8.4/armv7e-m/fpu/crtbegin.o
LOAD c:/eclipse-arm/gcc-4_8-2014/bin/../lib/gcc/arm-none-eabi/4.8.4/../../../../arm-none-eabi/lib/armv7e-m/fpu/crt0.o
LOAD ./ZHONX_III/Src/main.o
LOAD ./ZHONX_III/Src/stm32f4xx_hal_msp.o
LOAD ./ZHONX_III/Src/stm32f4xx_it.o
LOAD ./ZHONX_III/Src/syscalls.o
LOAD ./ZHONX_III/Src/user_it_callback.o
LOAD ./ZHONX_III/Peripherals/TimeBase/TimeBase.o
LOAD ./ZHONX_III/Peripherals/Tests/tests.o
LOAD ./ZHONX_III/Peripherals/Telemeters/Telemeters.o
LOAD ./ZHONX_III/Peripherals/Gyroscope/ADXRS620.o
LOAD ./ZHONX_III/Peripherals/Expander/PCF8574.o
LOAD ./ZHONX_III/Peripherals/Encoders/IE512.o
LOAD ./ZHONX_III/Peripherals/Display/src/smallfonts.o
LOAD ./ZHONX_III/Peripherals/Display/src/ssd1306.o
LOAD ./ZHONX_III/Enslavements/Straight_Controls/Straight_Controls.o
LOAD ./ZHONX_III/Enslavements/PID/PID.o
LOAD ./ZHONX_III/Drivers/STM32F4xx_HAL_Driver/Src/stm32f4xx_hal.o
LOAD ./ZHONX_III/Drivers/STM32F4xx_HAL_Driver/Src/stm32f4xx_hal_adc.o
LOAD ./ZHONX_III/Drivers/STM32F4xx_HAL_Driver/Src/stm32f4xx_hal_adc_ex.o
LOAD ./ZHONX_III/Drivers/STM32F4xx_HAL_Driver/Src/stm32f4xx_hal_cortex.o
LOAD ./ZHONX_III/Drivers/STM32F4xx_HAL_Driver/Src/stm32f4xx_hal_dma.o
LOAD ./ZHONX_III/Drivers/STM32F4xx_HAL_Driver/Src/stm32f4xx_hal_dma_ex.o
LOAD ./ZHONX_III/Drivers/STM32F4xx_HAL_Driver/Src/stm32f4xx_hal_flash.o
LOAD ./ZHONX_III/Drivers/STM32F4xx_HAL_Driver/Src/stm32f4xx_hal_flash_ex.o
LOAD ./ZHONX_III/Drivers/STM32F4xx_HAL_Driver/Src/stm32f4xx_hal_flash_ramfunc.o
LOAD ./ZHONX_III/Drivers/STM32F4xx_HAL_Driver/Src/stm32f4xx_hal_gpio.o
LOAD ./ZHONX_III/Drivers/STM32F4xx_HAL_Driver/Src/stm32f4xx_hal_i2c.o
LOAD ./ZHONX_III/Drivers/STM32F4xx_HAL_Driver/Src/stm32f4xx_hal_i2c_ex.o
LOAD ./ZHONX_III/Drivers/STM32F4xx_HAL_Driver/Src/stm32f4xx_hal_pwr.o
LOAD ./ZHONX_III/Drivers/STM32F4xx_HAL_Driver/Src/stm32f4xx_hal_pwr_ex.o
LOAD ./ZHONX_III/Drivers/STM32F4xx_HAL_Driver/Src/stm32f4xx_hal_rcc.o
LOAD ./ZHONX_III/Drivers/STM32F4xx_HAL_Driver/Src/stm32f4xx_hal_rcc_ex.o
LOAD ./ZHONX_III/Drivers/STM32F4xx_HAL_Driver/Src/stm32f4xx_hal_tim.o
LOAD ./ZHONX_III/Drivers/STM32F4xx_HAL_Driver/Src/stm32f4xx_hal_tim_ex.o
LOAD ./ZHONX_III/Drivers/STM32F4xx_HAL_Driver/Src/stm32f4xx_hal_uart.o
LOAD ./ZHONX_III/Drivers/CMSIS/Device/ST/STM32F4xx/Source/Templates/gcc/startup_stm32f405xx.o
LOAD ./ZHONX_III/Drivers/CMSIS/Device/ST/STM32F4xx/Source/Templates/system_stm32f4xx.o
LOAD ./ZHONX_III/DSP_lib/ControllerFunctions/arm_pid_init_f32.o
LOAD ./ZHONX_III/DSP_lib/ControllerFunctions/arm_pid_init_q15.o
LOAD ./ZHONX_III/DSP_lib/ControllerFunctions/arm_pid_init_q31.o
LOAD ./ZHONX_III/DSP_lib/ControllerFunctions/arm_pid_reset_f32.o
LOAD ./ZHONX_III/DSP_lib/ControllerFunctions/arm_pid_reset_q15.o
LOAD ./ZHONX_III/DSP_lib/ControllerFunctions/arm_pid_reset_q31.o
LOAD ./ZHONX_III/DSP_lib/ControllerFunctions/arm_sin_cos_f32.o
LOAD ./ZHONX_III/DSP_lib/ControllerFunctions/arm_sin_cos_q31.o
START GROUP
LOAD c:/eclipse-arm/gcc-4_8-2014/bin/../lib/gcc/arm-none-eabi/4.8.4/armv7e-m/fpu\libgcc.a
LOAD c:/eclipse-arm/gcc-4_8-2014/bin/../lib/gcc/arm-none-eabi/4.8.4/../../../../arm-none-eabi/lib/armv7e-m/fpu\libc.a
END GROUP
LOAD c:/eclipse-arm/gcc-4_8-2014/bin/../lib/gcc/arm-none-eabi/4.8.4/armv7e-m/fpu/crtend.o
LOAD c:/eclipse-arm/gcc-4_8-2014/bin/../lib/gcc/arm-none-eabi/4.8.4/armv7e-m/fpu/crtn.o
                0x2001ffff                _estack = 0x2001ffff
                0x00000000                _Min_Heap_Size = 0x0
                0x00000400                _Min_Stack_Size = 0x400

.isr_vector     0x08000000      0x188
                0x08000000                . = ALIGN (0x4)
 *(.isr_vector)
 .isr_vector    0x08000000      0x188 ./ZHONX_III/Drivers/CMSIS/Device/ST/STM32F4xx/Source/Templates/gcc/startup_stm32f405xx.o
                0x08000000                g_pfnVectors
                0x08000188                . = ALIGN (0x4)

.text           0x08000188     0x92e8
                0x08000188                . = ALIGN (0x4)
 *(.text)
 .text          0x08000188       0x54 c:/eclipse-arm/gcc-4_8-2014/bin/../lib/gcc/arm-none-eabi/4.8.4/armv7e-m/fpu/crtbegin.o
 .text          0x080001dc      0x370 c:/eclipse-arm/gcc-4_8-2014/bin/../lib/gcc/arm-none-eabi/4.8.4/armv7e-m/fpu\libgcc.a(_arm_addsubdf3.o)
                0x080001dc                __aeabi_drsub
                0x080001e4                __aeabi_dsub
                0x080001e4                __subdf3
                0x080001e8                __aeabi_dadd
                0x080001e8                __adddf3
                0x08000460                __floatunsidf
                0x08000460                __aeabi_ui2d
                0x08000480                __floatsidf
                0x08000480                __aeabi_i2d
                0x080004a4                __aeabi_f2d
                0x080004a4                __extendsfdf2
                0x080004e0                __floatundidf
                0x080004e0                __aeabi_ul2d
                0x080004f0                __floatdidf
                0x080004f0                __aeabi_l2d
 .text          0x0800054c      0x424 c:/eclipse-arm/gcc-4_8-2014/bin/../lib/gcc/arm-none-eabi/4.8.4/armv7e-m/fpu\libgcc.a(_arm_muldivdf3.o)
                0x0800054c                __aeabi_dmul
                0x0800054c                __muldf3
                0x080007a0                __divdf3
                0x080007a0                __aeabi_ddiv
 .text          0x08000970       0xa0 c:/eclipse-arm/gcc-4_8-2014/bin/../lib/gcc/arm-none-eabi/4.8.4/armv7e-m/fpu\libgcc.a(_arm_truncdfsf2.o)
                0x08000970                __truncdfsf2
                0x08000970                __aeabi_d2f
 .text          0x08000a10      0x134 c:/eclipse-arm/gcc-4_8-2014/bin/../lib/gcc/arm-none-eabi/4.8.4/../../../../arm-none-eabi/lib/armv7e-m/fpu\libc.a(lib_a-memcpy.o)
                0x08000a10                memcpy
 .text          0x08000b44      0x110 c:/eclipse-arm/gcc-4_8-2014/bin/../lib/gcc/arm-none-eabi/4.8.4/armv7e-m/fpu\libgcc.a(_arm_cmpdf2.o)
                0x08000b44                __gtdf2
                0x08000b44                __gedf2
                0x08000b4c                __ltdf2
                0x08000b4c                __ledf2
                0x08000b54                __nedf2
                0x08000b54                __eqdf2
                0x08000b54                __cmpdf2
                0x08000bd0                __aeabi_cdrcmple
                0x08000be0                __aeabi_cdcmpeq
                0x08000be0                __aeabi_cdcmple
                0x08000bf0                __aeabi_dcmpeq
                0x08000c04                __aeabi_dcmplt
                0x08000c18                __aeabi_dcmple
                0x08000c2c                __aeabi_dcmpge
                0x08000c40                __aeabi_dcmpgt
 .text          0x08000c54       0x50 c:/eclipse-arm/gcc-4_8-2014/bin/../lib/gcc/arm-none-eabi/4.8.4/armv7e-m/fpu\libgcc.a(_arm_fixdfsi.o)
                0x08000c54                __aeabi_d2iz
                0x08000c54                __fixdfsi
 .text          0x08000ca4       0x2c c:/eclipse-arm/gcc-4_8-2014/bin/../lib/gcc/arm-none-eabi/4.8.4/armv7e-m/fpu\libgcc.a(_aeabi_uldivmod.o)
                0x08000ca4                __aeabi_uldivmod
 .text          0x08000cd0       0x60 c:/eclipse-arm/gcc-4_8-2014/bin/../lib/gcc/arm-none-eabi/4.8.4/armv7e-m/fpu\libgcc.a(bpabi.o)
                0x08000cd0                __gnu_ldivmod_helper
                0x08000d00                __gnu_uldivmod_helper
 .text          0x08000d30        0x4 c:/eclipse-arm/gcc-4_8-2014/bin/../lib/gcc/arm-none-eabi/4.8.4/armv7e-m/fpu\libgcc.a(_dvmd_tls.o)
                0x08000d30                __aeabi_idiv0
                0x08000d30                __aeabi_ldiv0
 .text          0x08000d34      0x298 c:/eclipse-arm/gcc-4_8-2014/bin/../lib/gcc/arm-none-eabi/4.8.4/armv7e-m/fpu\libgcc.a(_divdi3.o)
                0x08000d34                __divdi3
 .text          0x08000fcc      0x284 c:/eclipse-arm/gcc-4_8-2014/bin/../lib/gcc/arm-none-eabi/4.8.4/armv7e-m/fpu\libgcc.a(_udivdi3.o)
                0x08000fcc                __udivdi3
 *(.text*)
 .text.SystemClock_Config
                0x08001250       0x68 ./ZHONX_III/Src/main.o
                0x08001250                SystemClock_Config
 .text.startup.main
                0x080012b8      0x440 ./ZHONX_III/Src/main.o
                0x080012b8                main
 .text.HAL_ADC_MspInit
                0x080016f8       0x98 ./ZHONX_III/Src/stm32f4xx_hal_msp.o
                0x080016f8                HAL_ADC_MspInit
 .text.HAL_I2C_MspInit
                0x08001790       0x48 ./ZHONX_III/Src/stm32f4xx_hal_msp.o
                0x08001790                HAL_I2C_MspInit
 .text.HAL_TIM_Encoder_MspInit
                0x080017d8       0xa4 ./ZHONX_III/Src/stm32f4xx_hal_msp.o
                0x080017d8                HAL_TIM_Encoder_MspInit
 .text.HAL_TIM_PWM_MspInit
                0x0800187c       0x44 ./ZHONX_III/Src/stm32f4xx_hal_msp.o
                0x0800187c                HAL_TIM_PWM_MspInit
 .text.HAL_TIM_Base_MspInit
                0x080018c0      0x100 ./ZHONX_III/Src/stm32f4xx_hal_msp.o
                0x080018c0                HAL_TIM_Base_MspInit
 .text.HAL_UART_MspInit
                0x080019c0       0x44 ./ZHONX_III/Src/stm32f4xx_hal_msp.o
                0x080019c0                HAL_UART_MspInit
 .text.TIM6_DAC_IRQHandler
                0x08001a04       0x18 ./ZHONX_III/Src/stm32f4xx_it.o
                0x08001a04                TIM6_DAC_IRQHandler
 .text.SysTick_Handler
                0x08001a1c       0x10 ./ZHONX_III/Src/stm32f4xx_it.o
                0x08001a1c                SysTick_Handler
 .text.TIM7_IRQHandler
                0x08001a2c       0x18 ./ZHONX_III/Src/stm32f4xx_it.o
                0x08001a2c                TIM7_IRQHandler
 .text.TIM8_TRG_COM_TIM14_IRQHandler
                0x08001a44       0x20 ./ZHONX_III/Src/stm32f4xx_it.o
                0x08001a44                TIM8_TRG_COM_TIM14_IRQHandler
 .text.TIM1_UP_TIM10_IRQHandler
                0x08001a64       0x20 ./ZHONX_III/Src/stm32f4xx_it.o
                0x08001a64                TIM1_UP_TIM10_IRQHandler
 .text.TIM3_IRQHandler
                0x08001a84       0x18 ./ZHONX_III/Src/stm32f4xx_it.o
                0x08001a84                TIM3_IRQHandler
 .text._sbrk    0x08001a9c       0x34 ./ZHONX_III/Src/syscalls.o
                0x08001a9c                _sbrk
 .text.HAL_TIM_PeriodElapsedCallback
                0x08001ad0       0x68 ./ZHONX_III/Src/user_it_callback.o
                0x08001ad0                HAL_TIM_PeriodElapsedCallback
 .text.TimeBase_Init
                0x08001b38       0x50 ./ZHONX_III/Peripherals/TimeBase/TimeBase.o
                0x08001b38                TimeBase_Init
 .text.Led_Power_Blink
                0x08001b88        0xc ./ZHONX_III/Peripherals/TimeBase/TimeBase.o
                0x08001b88                Led_Power_Blink
 .text.Led_Blink_IT
                0x08001b94       0x40 ./ZHONX_III/Peripherals/TimeBase/TimeBase.o
                0x08001b94                Led_Blink_IT
 .text.Telemeters_IT
                0x08001bd4      0x178 ./ZHONX_III/Peripherals/Telemeters/Telemeters.o
                0x08001bd4                Telemeters_IT
 .text.ADXRS620_Init
                0x08001d4c       0x70 ./ZHONX_III/Peripherals/Gyroscope/ADXRS620.o
                0x08001d4c                ADXRS620_Init
 *fill*         0x08001dbc        0x4 
 .text.ADXRS620_IT
                0x08001dc0       0x88 ./ZHONX_III/Peripherals/Gyroscope/ADXRS620.o
                0x08001dc0                ADXRS620_IT
 .text.ExpanderSetbit
                0x08001e48       0xb0 ./ZHONX_III/Peripherals/Expander/PCF8574.o
                0x08001e48                ExpanderSetbit
 .text.Left_Encoder_IT
                0x08001ef8       0x24 ./ZHONX_III/Peripherals/Encoders/IE512.o
                0x08001ef8                Left_Encoder_IT
 .text.Right_Encoder_IT
                0x08001f1c       0x24 ./ZHONX_III/Peripherals/Encoders/IE512.o
                0x08001f1c                Right_Encoder_IT
 .text.ssd1306Init
                0x08001f40      0xf34 ./ZHONX_III/Peripherals/Display/src/ssd1306.o
                0x08001f40                ssd1306Init
 .text.ssd1306ClearScreen
                0x08002e74       0x10 ./ZHONX_III/Peripherals/Display/src/ssd1306.o
                0x08002e74                ssd1306ClearScreen
 .text.ssd1306Refresh
                0x08002e84      0x214 ./ZHONX_III/Peripherals/Display/src/ssd1306.o
                0x08002e84                ssd1306Refresh
 .text.ssd1306DrawString
                0x08003098      0x11c ./ZHONX_III/Peripherals/Display/src/ssd1306.o
                0x08003098                ssd1306DrawString
 .text.ssd1306PrintInt
                0x080031b4       0x50 ./ZHONX_III/Peripherals/Display/src/ssd1306.o
                0x080031b4                ssd1306PrintInt
 .text.Pwm_Init
                0x08003204       0xe0 ./ZHONX_III/Enslavements/Straight_Controls/Straight_Controls.o
                0x08003204                Pwm_Init
 .text.Straight_Control_Start
                0x080032e4       0x44 ./ZHONX_III/Enslavements/Straight_Controls/Straight_Controls.o
                0x080032e4                Straight_Control_Start
 .text.Straight_Control_IT
                0x08003328       0x98 ./ZHONX_III/Enslavements/Straight_Controls/Straight_Controls.o
                0x08003328                Straight_Control_IT
 .text.Debug_Straight_Control
                0x080033c0       0x60 ./ZHONX_III/Enslavements/Straight_Controls/Straight_Controls.o
                0x080033c0                Debug_Straight_Control
 .text.Pid_Timer_Init
                0x08003420       0x3c ./ZHONX_III/Enslavements/PID/PID.o
                0x08003420                Pid_Timer_Init
 .text.Pid_Init
                0x0800345c        0x8 ./ZHONX_III/Enslavements/PID/PID.o
                0x0800345c                Pid_Init
 .text.Pid      0x08003464       0x38 ./ZHONX_III/Enslavements/PID/PID.o
                0x08003464                Pid
 .text.Pids_IT  0x0800349c        0x4 ./ZHONX_III/Enslavements/PID/PID.o
                0x0800349c                Pids_IT
 .text.HAL_MspInit
                0x080034a0        0x4 ./ZHONX_III/Drivers/STM32F4xx_HAL_Driver/Src/stm32f4xx_hal.o
                0x080034a0                HAL_MspInit
 .text.HAL_InitTick
                0x080034a4       0x28 ./ZHONX_III/Drivers/STM32F4xx_HAL_Driver/Src/stm32f4xx_hal.o
                0x080034a4                HAL_InitTick
 .text.HAL_Init
                0x080034cc       0x34 ./ZHONX_III/Drivers/STM32F4xx_HAL_Driver/Src/stm32f4xx_hal.o
                0x080034cc                HAL_Init
 .text.HAL_IncTick
                0x08003500       0x10 ./ZHONX_III/Drivers/STM32F4xx_HAL_Driver/Src/stm32f4xx_hal.o
                0x08003500                HAL_IncTick
 .text.HAL_GetTick
                0x08003510        0xc ./ZHONX_III/Drivers/STM32F4xx_HAL_Driver/Src/stm32f4xx_hal.o
                0x08003510                HAL_GetTick
 .text.HAL_Delay
                0x0800351c       0x1c ./ZHONX_III/Drivers/STM32F4xx_HAL_Driver/Src/stm32f4xx_hal.o
                0x0800351c                HAL_Delay
 .text.HAL_ADC_Init
                0x08003538      0x110 ./ZHONX_III/Drivers/STM32F4xx_HAL_Driver/Src/stm32f4xx_hal_adc.o
                0x08003538                HAL_ADC_Init
 .text.HAL_ADC_Start
                0x08003648       0x78 ./ZHONX_III/Drivers/STM32F4xx_HAL_Driver/Src/stm32f4xx_hal_adc.o
                0x08003648                HAL_ADC_Start
 .text.HAL_ADC_Start_DMA
                0x080036c0       0x90 ./ZHONX_III/Drivers/STM32F4xx_HAL_Driver/Src/stm32f4xx_hal_adc.o
                0x080036c0                HAL_ADC_Start_DMA
 .text.HAL_ADC_Stop_DMA
                0x08003750       0x30 ./ZHONX_III/Drivers/STM32F4xx_HAL_Driver/Src/stm32f4xx_hal_adc.o
                0x08003750                HAL_ADC_Stop_DMA
 .text.HAL_ADC_GetValue
                0x08003780        0x8 ./ZHONX_III/Drivers/STM32F4xx_HAL_Driver/Src/stm32f4xx_hal_adc.o
                0x08003780                HAL_ADC_GetValue
 .text.HAL_ADC_ConvCpltCallback
                0x08003788        0x4 ./ZHONX_III/Drivers/STM32F4xx_HAL_Driver/Src/stm32f4xx_hal_adc.o
                0x08003788                HAL_ADC_ConvCpltCallback
 .text.ADC_DMAConvCplt
                0x0800378c       0x1c ./ZHONX_III/Drivers/STM32F4xx_HAL_Driver/Src/stm32f4xx_hal_adc.o
 .text.HAL_ADC_ConvHalfCpltCallback
                0x080037a8        0x4 ./ZHONX_III/Drivers/STM32F4xx_HAL_Driver/Src/stm32f4xx_hal_adc.o
                0x080037a8                HAL_ADC_ConvHalfCpltCallback
 .text.ADC_DMAHalfConvCplt
                0x080037ac        0xc ./ZHONX_III/Drivers/STM32F4xx_HAL_Driver/Src/stm32f4xx_hal_adc.o
 .text.HAL_ADC_ErrorCallback
                0x080037b8        0x4 ./ZHONX_III/Drivers/STM32F4xx_HAL_Driver/Src/stm32f4xx_hal_adc.o
                0x080037b8                HAL_ADC_ErrorCallback
 .text.ADC_DMAError
                0x080037bc       0x18 ./ZHONX_III/Drivers/STM32F4xx_HAL_Driver/Src/stm32f4xx_hal_adc.o
 .text.HAL_ADC_ConfigChannel
                0x080037d4       0xf8 ./ZHONX_III/Drivers/STM32F4xx_HAL_Driver/Src/stm32f4xx_hal_adc.o
                0x080037d4                HAL_ADC_ConfigChannel
 .text.HAL_NVIC_SetPriorityGrouping
                0x080038cc       0x24 ./ZHONX_III/Drivers/STM32F4xx_HAL_Driver/Src/stm32f4xx_hal_cortex.o
                0x080038cc                HAL_NVIC_SetPriorityGrouping
 .text.HAL_NVIC_SetPriority
                0x080038f0       0x70 ./ZHONX_III/Drivers/STM32F4xx_HAL_Driver/Src/stm32f4xx_hal_cortex.o
                0x080038f0                HAL_NVIC_SetPriority
 .text.HAL_NVIC_EnableIRQ
                0x08003960       0x18 ./ZHONX_III/Drivers/STM32F4xx_HAL_Driver/Src/stm32f4xx_hal_cortex.o
                0x08003960                HAL_NVIC_EnableIRQ
 .text.HAL_SYSTICK_Config
                0x08003978       0x38 ./ZHONX_III/Drivers/STM32F4xx_HAL_Driver/Src/stm32f4xx_hal_cortex.o
                0x08003978                HAL_SYSTICK_Config
 .text.HAL_NVIC_ClearPendingIRQ
                0x080039b0       0x1c ./ZHONX_III/Drivers/STM32F4xx_HAL_Driver/Src/stm32f4xx_hal_cortex.o
                0x080039b0                HAL_NVIC_ClearPendingIRQ
 .text.HAL_SYSTICK_Callback
                0x080039cc        0x4 ./ZHONX_III/Drivers/STM32F4xx_HAL_Driver/Src/stm32f4xx_hal_cortex.o
                0x080039cc                HAL_SYSTICK_Callback
 .text.HAL_SYSTICK_IRQHandler
                0x080039d0        0x8 ./ZHONX_III/Drivers/STM32F4xx_HAL_Driver/Src/stm32f4xx_hal_cortex.o
                0x080039d0                HAL_SYSTICK_IRQHandler
 .text.HAL_DMA_Init
                0x080039d8       0xa0 ./ZHONX_III/Drivers/STM32F4xx_HAL_Driver/Src/stm32f4xx_hal_dma.o
                0x080039d8                HAL_DMA_Init
 .text.HAL_DMA_Start_IT
                0x08003a78       0x70 ./ZHONX_III/Drivers/STM32F4xx_HAL_Driver/Src/stm32f4xx_hal_dma.o
                0x08003a78                HAL_DMA_Start_IT
 .text.HAL_DMA_Abort
                0x08003ae8       0x50 ./ZHONX_III/Drivers/STM32F4xx_HAL_Driver/Src/stm32f4xx_hal_dma.o
                0x08003ae8                HAL_DMA_Abort
 .text.HAL_GPIO_Init
                0x08003b38      0x278 ./ZHONX_III/Drivers/STM32F4xx_HAL_Driver/Src/stm32f4xx_hal_gpio.o
                0x08003b38                HAL_GPIO_Init
 .text.HAL_GPIO_WritePin
                0x08003db0        0xc ./ZHONX_III/Drivers/STM32F4xx_HAL_Driver/Src/stm32f4xx_hal_gpio.o
                0x08003db0                HAL_GPIO_WritePin
 .text.I2C_WaitOnFlagUntilTimeout.constprop.9
                0x08003dbc       0x44 ./ZHONX_III/Drivers/STM32F4xx_HAL_Driver/Src/stm32f4xx_hal_i2c.o
 .text.I2C_MasterRequestWrite
                0x08003e00      0x154 ./ZHONX_III/Drivers/STM32F4xx_HAL_Driver/Src/stm32f4xx_hal_i2c.o
 .text.I2C_MasterRequestRead
                0x08003f54      0x1d0 ./ZHONX_III/Drivers/STM32F4xx_HAL_Driver/Src/stm32f4xx_hal_i2c.o
 .text.HAL_I2C_Init
                0x08004124       0xe8 ./ZHONX_III/Drivers/STM32F4xx_HAL_Driver/Src/stm32f4xx_hal_i2c.o
                0x08004124                HAL_I2C_Init
 .text.HAL_I2C_Master_Transmit
                0x0800420c      0x11c ./ZHONX_III/Drivers/STM32F4xx_HAL_Driver/Src/stm32f4xx_hal_i2c.o
                0x0800420c                HAL_I2C_Master_Transmit
 .text.HAL_I2C_Master_Receive
                0x08004328      0x25c ./ZHONX_III/Drivers/STM32F4xx_HAL_Driver/Src/stm32f4xx_hal_i2c.o
                0x08004328                HAL_I2C_Master_Receive
 .text.HAL_I2C_GetError
                0x08004584        0x8 ./ZHONX_III/Drivers/STM32F4xx_HAL_Driver/Src/stm32f4xx_hal_i2c.o
                0x08004584                HAL_I2C_GetError
 .text.HAL_RCC_OscConfig
                0x0800458c      0x364 ./ZHONX_III/Drivers/STM32F4xx_HAL_Driver/Src/stm32f4xx_hal_rcc.o
                0x0800458c                HAL_RCC_OscConfig
 .text.HAL_RCC_ClockConfig
                0x080048f0      0x1b0 ./ZHONX_III/Drivers/STM32F4xx_HAL_Driver/Src/stm32f4xx_hal_rcc.o
                0x080048f0                HAL_RCC_ClockConfig
 .text.HAL_RCC_EnableCSS
                0x08004aa0        0xc ./ZHONX_III/Drivers/STM32F4xx_HAL_Driver/Src/stm32f4xx_hal_rcc.o
                0x08004aa0                HAL_RCC_EnableCSS
 .text.HAL_RCC_GetHCLKFreq
                0x08004aac       0xa4 ./ZHONX_III/Drivers/STM32F4xx_HAL_Driver/Src/stm32f4xx_hal_rcc.o
                0x08004aac                HAL_RCC_GetHCLKFreq
 .text.HAL_RCC_GetPCLK1Freq
                0x08004b50       0xc0 ./ZHONX_III/Drivers/STM32F4xx_HAL_Driver/Src/stm32f4xx_hal_rcc.o
                0x08004b50                HAL_RCC_GetPCLK1Freq
 .text.HAL_RCC_GetPCLK2Freq
                0x08004c10       0xc0 ./ZHONX_III/Drivers/STM32F4xx_HAL_Driver/Src/stm32f4xx_hal_rcc.o
                0x08004c10                HAL_RCC_GetPCLK2Freq
 .text.HAL_TIM_Base_Init
                0x08004cd0       0xe0 ./ZHONX_III/Drivers/STM32F4xx_HAL_Driver/Src/stm32f4xx_hal_tim.o
                0x08004cd0                HAL_TIM_Base_Init
 .text.HAL_TIM_Base_Start_IT
                0x08004db0       0x18 ./ZHONX_III/Drivers/STM32F4xx_HAL_Driver/Src/stm32f4xx_hal_tim.o
                0x08004db0                HAL_TIM_Base_Start_IT
 .text.HAL_TIM_PWM_Init
                0x08004dc8       0xe0 ./ZHONX_III/Drivers/STM32F4xx_HAL_Driver/Src/stm32f4xx_hal_tim.o
                0x08004dc8                HAL_TIM_PWM_Init
 .text.HAL_TIM_PWM_Start
                0x08004ea8       0x48 ./ZHONX_III/Drivers/STM32F4xx_HAL_Driver/Src/stm32f4xx_hal_tim.o
                0x08004ea8                HAL_TIM_PWM_Start
 .text.HAL_TIM_Encoder_Init
                0x08004ef0      0x154 ./ZHONX_III/Drivers/STM32F4xx_HAL_Driver/Src/stm32f4xx_hal_tim.o
                0x08004ef0                HAL_TIM_Encoder_Init
 .text.HAL_TIM_PWM_ConfigChannel
                0x08005044      0x214 ./ZHONX_III/Drivers/STM32F4xx_HAL_Driver/Src/stm32f4xx_hal_tim.o
                0x08005044                HAL_TIM_PWM_ConfigChannel
 .text.HAL_TIM_ConfigClockSource
                0x08005258      0x184 ./ZHONX_III/Drivers/STM32F4xx_HAL_Driver/Src/stm32f4xx_hal_tim.o
                0x08005258                HAL_TIM_ConfigClockSource
 .text.HAL_TIM_OC_DelayElapsedCallback
                0x080053dc        0x4 ./ZHONX_III/Drivers/STM32F4xx_HAL_Driver/Src/stm32f4xx_hal_tim.o
                0x080053dc                HAL_TIM_OC_DelayElapsedCallback
 .text.HAL_TIM_IC_CaptureCallback
                0x080053e0        0x4 ./ZHONX_III/Drivers/STM32F4xx_HAL_Driver/Src/stm32f4xx_hal_tim.o
                0x080053e0                HAL_TIM_IC_CaptureCallback
 .text.HAL_TIM_PWM_PulseFinishedCallback
                0x080053e4        0x4 ./ZHONX_III/Drivers/STM32F4xx_HAL_Driver/Src/stm32f4xx_hal_tim.o
                0x080053e4                HAL_TIM_PWM_PulseFinishedCallback
 .text.HAL_TIM_TriggerCallback
                0x080053e8        0x4 ./ZHONX_III/Drivers/STM32F4xx_HAL_Driver/Src/stm32f4xx_hal_tim.o
                0x080053e8                HAL_TIM_TriggerCallback
 .text.HAL_TIM_IRQHandler
                0x080053ec      0x154 ./ZHONX_III/Drivers/STM32F4xx_HAL_Driver/Src/stm32f4xx_hal_tim.o
                0x080053ec                HAL_TIM_IRQHandler
 .text.HAL_TIMEx_MasterConfigSynchronization
                0x08005540       0x48 ./ZHONX_III/Drivers/STM32F4xx_HAL_Driver/Src/stm32f4xx_hal_tim_ex.o
                0x08005540                HAL_TIMEx_MasterConfigSynchronization
 .text.HAL_TIMEx_ConfigBreakDeadTime
                0x08005588       0x4c ./ZHONX_III/Drivers/STM32F4xx_HAL_Driver/Src/stm32f4xx_hal_tim_ex.o
                0x08005588                HAL_TIMEx_ConfigBreakDeadTime
 .text.HAL_TIMEx_CommutationCallback
                0x080055d4        0x4 ./ZHONX_III/Drivers/STM32F4xx_HAL_Driver/Src/stm32f4xx_hal_tim_ex.o
                0x080055d4                HAL_TIMEx_CommutationCallback
 .text.HAL_TIMEx_BreakCallback
                0x080055d8        0x4 ./ZHONX_III/Drivers/STM32F4xx_HAL_Driver/Src/stm32f4xx_hal_tim_ex.o
                0x080055d8                HAL_TIMEx_BreakCallback
 .text.HAL_UART_Init
                0x080055dc      0x204 ./ZHONX_III/Drivers/STM32F4xx_HAL_Driver/Src/stm32f4xx_hal_uart.o
                0x080055dc                HAL_UART_Init
 .text.Reset_Handler
                0x080057e0       0x58 ./ZHONX_III/Drivers/CMSIS/Device/ST/STM32F4xx/Source/Templates/gcc/startup_stm32f405xx.o
                0x080057e0                Reset_Handler
 .text.Default_Handler
                0x08005838        0x4 ./ZHONX_III/Drivers/CMSIS/Device/ST/STM32F4xx/Source/Templates/gcc/startup_stm32f405xx.o
                0x08005838                RTC_Alarm_IRQHandler
                0x08005838                HASH_RNG_IRQHandler
                0x08005838                EXTI2_IRQHandler
                0x08005838                TIM8_CC_IRQHandler
                0x08005838                DebugMon_Handler
                0x08005838                TIM1_CC_IRQHandler
                0x08005838                DMA2_Stream5_IRQHandler
                0x08005838                HardFault_Handler
                0x08005838                DMA1_Stream5_IRQHandler
                0x08005838                PVD_IRQHandler
                0x08005838                SDIO_IRQHandler
                0x08005838                TAMP_STAMP_IRQHandler
                0x08005838                PendSV_Handler
                0x08005838                NMI_Handler
                0x08005838                CAN2_RX1_IRQHandler
                0x08005838                EXTI3_IRQHandler
                0x08005838                TIM8_UP_TIM13_IRQHandler
                0x08005838                I2C3_ER_IRQHandler
                0x08005838                EXTI0_IRQHandler
                0x08005838                I2C2_EV_IRQHandler
                0x08005838                DMA1_Stream2_IRQHandler
                0x08005838                CAN1_RX0_IRQHandler
                0x08005838                FPU_IRQHandler
                0x08005838                OTG_HS_WKUP_IRQHandler
                0x08005838                UsageFault_Handler
                0x08005838                CAN2_SCE_IRQHandler
                0x08005838                DMA2_Stream2_IRQHandler
                0x08005838                SPI1_IRQHandler
                0x08005838                TIM1_BRK_TIM9_IRQHandler
                0x08005838                CAN2_RX0_IRQHandler
                0x08005838                DMA2_Stream3_IRQHandler
                0x08005838                USART6_IRQHandler
                0x08005838                USART3_IRQHandler
                0x08005838                CAN1_RX1_IRQHandler
                0x08005838                UART5_IRQHandler
                0x08005838                DMA2_Stream0_IRQHandler
                0x08005838                TIM4_IRQHandler
                0x08005838                I2C1_EV_IRQHandler
                0x08005838                DMA1_Stream6_IRQHandler
                0x08005838                DMA1_Stream1_IRQHandler
                0x08005838                UART4_IRQHandler
                0x08005838                RCC_IRQHandler
                0x08005838                TIM8_BRK_TIM12_IRQHandler
                0x08005838                Default_Handler
                0x08005838                EXTI15_10_IRQHandler
                0x08005838                ADC_IRQHandler
                0x08005838                DMA1_Stream7_IRQHandler
                0x08005838                CAN2_TX_IRQHandler
                0x08005838                TIM5_IRQHandler
                0x08005838                DMA2_Stream7_IRQHandler
                0x08005838                I2C3_EV_IRQHandler
                0x08005838                EXTI9_5_IRQHandler
                0x08005838                RTC_WKUP_IRQHandler
                0x08005838                SPI2_IRQHandler
                0x08005838                OTG_HS_EP1_IN_IRQHandler
                0x08005838                MemManage_Handler
                0x08005838                DMA1_Stream0_IRQHandler
                0x08005838                CAN1_TX_IRQHandler
                0x08005838                SVC_Handler
                0x08005838                EXTI4_IRQHandler
                0x08005838                FSMC_IRQHandler
                0x08005838                OTG_HS_EP1_OUT_IRQHandler
                0x08005838                WWDG_IRQHandler
                0x08005838                TIM2_IRQHandler
                0x08005838                OTG_FS_WKUP_IRQHandler
                0x08005838                TIM1_TRG_COM_TIM11_IRQHandler
                0x08005838                OTG_HS_IRQHandler
                0x08005838                EXTI1_IRQHandler
                0x08005838                USART2_IRQHandler
                0x08005838                I2C2_ER_IRQHandler
                0x08005838                DMA2_Stream1_IRQHandler
                0x08005838                CAN1_SCE_IRQHandler
                0x08005838                FLASH_IRQHandler
                0x08005838                DMA2_Stream4_IRQHandler
                0x08005838                BusFault_Handler
                0x08005838                USART1_IRQHandler
                0x08005838                OTG_FS_IRQHandler
                0x08005838                SPI3_IRQHandler
                0x08005838                DMA1_Stream4_IRQHandler
                0x08005838                I2C1_ER_IRQHandler
                0x08005838                DMA2_Stream6_IRQHandler
                0x08005838                DMA1_Stream3_IRQHandler
 .text.SystemInit
                0x0800583c       0x50 ./ZHONX_III/Drivers/CMSIS/Device/ST/STM32F4xx/Source/Templates/system_stm32f4xx.o
                0x0800583c                SystemInit
 .text.arm_pid_init_f32
                0x0800588c       0x48 ./ZHONX_III/DSP_lib/ControllerFunctions/arm_pid_init_f32.o
                0x0800588c                arm_pid_init_f32
 .text.__libc_init_array
                0x080058d4       0x50 c:/eclipse-arm/gcc-4_8-2014/bin/../lib/gcc/arm-none-eabi/4.8.4/../../../../arm-none-eabi/lib/armv7e-m/fpu\libc.a(lib_a-init.o)
                0x080058d4                __libc_init_array
 .text.memset   0x08005924       0x94 c:/eclipse-arm/gcc-4_8-2014/bin/../lib/gcc/arm-none-eabi/4.8.4/../../../../arm-none-eabi/lib/armv7e-m/fpu\libc.a(lib_a-memset.o)
                0x08005924                memset
 .text.sprintf  0x080059b8       0x4c c:/eclipse-arm/gcc-4_8-2014/bin/../lib/gcc/arm-none-eabi/4.8.4/../../../../arm-none-eabi/lib/armv7e-m/fpu\libc.a(lib_a-sprintf.o)
                0x080059b8                sprintf
 .text.strlen   0x08005a04       0x60 c:/eclipse-arm/gcc-4_8-2014/bin/../lib/gcc/arm-none-eabi/4.8.4/../../../../arm-none-eabi/lib/armv7e-m/fpu\libc.a(lib_a-strlen.o)
                0x08005a04                strlen
 *fill*         0x08005a64        0x4 
 .text._svfprintf_r
                0x08005a68     0x14f0 c:/eclipse-arm/gcc-4_8-2014/bin/../lib/gcc/arm-none-eabi/4.8.4/../../../../arm-none-eabi/lib/armv7e-m/fpu\libc.a(lib_a-svfprintf.o)
                0x08005a68                _svfprintf_r
 .text.startup.register_fini
                0x08006f58       0x14 c:/eclipse-arm/gcc-4_8-2014/bin/../lib/gcc/arm-none-eabi/4.8.4/../../../../arm-none-eabi/lib/armv7e-m/fpu\libc.a(lib_a-__call_atexit.o)
 .text.atexit   0x08006f6c        0xc c:/eclipse-arm/gcc-4_8-2014/bin/../lib/gcc/arm-none-eabi/4.8.4/../../../../arm-none-eabi/lib/armv7e-m/fpu\libc.a(lib_a-atexit.o)
                0x08006f6c                atexit
 .text.quorem   0x08006f78      0x130 c:/eclipse-arm/gcc-4_8-2014/bin/../lib/gcc/arm-none-eabi/4.8.4/../../../../arm-none-eabi/lib/armv7e-m/fpu\libc.a(lib_a-dtoa.o)
 .text._dtoa_r  0x080070a8      0xe58 c:/eclipse-arm/gcc-4_8-2014/bin/../lib/gcc/arm-none-eabi/4.8.4/../../../../arm-none-eabi/lib/armv7e-m/fpu\libc.a(lib_a-dtoa.o)
                0x080070a8                _dtoa_r
 .text.__libc_fini_array
                0x08007f00       0x30 c:/eclipse-arm/gcc-4_8-2014/bin/../lib/gcc/arm-none-eabi/4.8.4/../../../../arm-none-eabi/lib/armv7e-m/fpu\libc.a(lib_a-fini.o)
                0x08007f00                __libc_fini_array
 .text._malloc_trim_r
                0x08007f30       0x9c c:/eclipse-arm/gcc-4_8-2014/bin/../lib/gcc/arm-none-eabi/4.8.4/../../../../arm-none-eabi/lib/armv7e-m/fpu\libc.a(lib_a-freer.o)
                0x08007f30                _malloc_trim_r
 .text._free_r  0x08007fcc      0x19c c:/eclipse-arm/gcc-4_8-2014/bin/../lib/gcc/arm-none-eabi/4.8.4/../../../../arm-none-eabi/lib/armv7e-m/fpu\libc.a(lib_a-freer.o)
                0x08007fcc                _free_r
 .text._localeconv_r
                0x08008168        0x8 c:/eclipse-arm/gcc-4_8-2014/bin/../lib/gcc/arm-none-eabi/4.8.4/../../../../arm-none-eabi/lib/armv7e-m/fpu\libc.a(lib_a-locale.o)
                0x08008168                _localeconv_r
 .text._malloc_r
                0x08008170      0x538 c:/eclipse-arm/gcc-4_8-2014/bin/../lib/gcc/arm-none-eabi/4.8.4/../../../../arm-none-eabi/lib/armv7e-m/fpu\libc.a(lib_a-mallocr.o)
                0x08008170                _malloc_r
 .text.memchr   0x080086a8       0x90 c:/eclipse-arm/gcc-4_8-2014/bin/../lib/gcc/arm-none-eabi/4.8.4/../../../../arm-none-eabi/lib/armv7e-m/fpu\libc.a(lib_a-memchr-stub.o)
                0x080086a8                memchr
 .text.__malloc_lock
                0x08008738        0x4 c:/eclipse-arm/gcc-4_8-2014/bin/../lib/gcc/arm-none-eabi/4.8.4/../../../../arm-none-eabi/lib/armv7e-m/fpu\libc.a(lib_a-mlock.o)
                0x08008738                __malloc_lock
 .text.__malloc_unlock
                0x0800873c        0x4 c:/eclipse-arm/gcc-4_8-2014/bin/../lib/gcc/arm-none-eabi/4.8.4/../../../../arm-none-eabi/lib/armv7e-m/fpu\libc.a(lib_a-mlock.o)
                0x0800873c                __malloc_unlock
 .text._Balloc  0x08008740       0x4c c:/eclipse-arm/gcc-4_8-2014/bin/../lib/gcc/arm-none-eabi/4.8.4/../../../../arm-none-eabi/lib/armv7e-m/fpu\libc.a(lib_a-mprec.o)
                0x08008740                _Balloc
 .text._Bfree   0x0800878c       0x14 c:/eclipse-arm/gcc-4_8-2014/bin/../lib/gcc/arm-none-eabi/4.8.4/../../../../arm-none-eabi/lib/armv7e-m/fpu\libc.a(lib_a-mprec.o)
                0x0800878c                _Bfree
 .text.__multadd
                0x080087a0       0x98 c:/eclipse-arm/gcc-4_8-2014/bin/../lib/gcc/arm-none-eabi/4.8.4/../../../../arm-none-eabi/lib/armv7e-m/fpu\libc.a(lib_a-mprec.o)
                0x080087a0                __multadd
 .text.__hi0bits
                0x08008838       0x40 c:/eclipse-arm/gcc-4_8-2014/bin/../lib/gcc/arm-none-eabi/4.8.4/../../../../arm-none-eabi/lib/armv7e-m/fpu\libc.a(lib_a-mprec.o)
                0x08008838                __hi0bits
 .text.__lo0bits
                0x08008878       0x5c c:/eclipse-arm/gcc-4_8-2014/bin/../lib/gcc/arm-none-eabi/4.8.4/../../../../arm-none-eabi/lib/armv7e-m/fpu\libc.a(lib_a-mprec.o)
                0x08008878                __lo0bits
 .text.__i2b    0x080088d4       0x14 c:/eclipse-arm/gcc-4_8-2014/bin/../lib/gcc/arm-none-eabi/4.8.4/../../../../arm-none-eabi/lib/armv7e-m/fpu\libc.a(lib_a-mprec.o)
                0x080088d4                __i2b
 .text.__multiply
                0x080088e8      0x13c c:/eclipse-arm/gcc-4_8-2014/bin/../lib/gcc/arm-none-eabi/4.8.4/../../../../arm-none-eabi/lib/armv7e-m/fpu\libc.a(lib_a-mprec.o)
                0x080088e8                __multiply
 .text.__pow5mult
                0x08008a24       0x9c c:/eclipse-arm/gcc-4_8-2014/bin/../lib/gcc/arm-none-eabi/4.8.4/../../../../arm-none-eabi/lib/armv7e-m/fpu\libc.a(lib_a-mprec.o)
                0x08008a24                __pow5mult
 .text.__lshift
                0x08008ac0       0xbc c:/eclipse-arm/gcc-4_8-2014/bin/../lib/gcc/arm-none-eabi/4.8.4/../../../../arm-none-eabi/lib/armv7e-m/fpu\libc.a(lib_a-mprec.o)
                0x08008ac0                __lshift
 .text.__mcmp   0x08008b7c       0x48 c:/eclipse-arm/gcc-4_8-2014/bin/../lib/gcc/arm-none-eabi/4.8.4/../../../../arm-none-eabi/lib/armv7e-m/fpu\libc.a(lib_a-mprec.o)
                0x08008b7c                __mcmp
 .text.__mdiff  0x08008bc4       0xd4 c:/eclipse-arm/gcc-4_8-2014/bin/../lib/gcc/arm-none-eabi/4.8.4/../../../../arm-none-eabi/lib/armv7e-m/fpu\libc.a(lib_a-mprec.o)
                0x08008bc4                __mdiff
 .text.__d2b    0x08008c98       0xb4 c:/eclipse-arm/gcc-4_8-2014/bin/../lib/gcc/arm-none-eabi/4.8.4/../../../../arm-none-eabi/lib/armv7e-m/fpu\libc.a(lib_a-mprec.o)
                0x08008c98                __d2b
 .text.__fpclassifyd
                0x08008d4c       0x54 c:/eclipse-arm/gcc-4_8-2014/bin/../lib/gcc/arm-none-eabi/4.8.4/../../../../arm-none-eabi/lib/armv7e-m/fpu\libc.a(lib_a-s_fpclassify.o)
                0x08008d4c                __fpclassifyd
 .text._sbrk_r  0x08008da0       0x24 c:/eclipse-arm/gcc-4_8-2014/bin/../lib/gcc/arm-none-eabi/4.8.4/../../../../arm-none-eabi/lib/armv7e-m/fpu\libc.a(lib_a-sbrkr.o)
                0x08008da0                _sbrk_r
 .text.__ssprint_r
                0x08008dc4      0x100 c:/eclipse-arm/gcc-4_8-2014/bin/../lib/gcc/arm-none-eabi/4.8.4/../../../../arm-none-eabi/lib/armv7e-m/fpu\libc.a(lib_a-svfiprintf.o)
                0x08008dc4                __ssprint_r
 .text.__register_exitproc
                0x08008ec4       0xa8 c:/eclipse-arm/gcc-4_8-2014/bin/../lib/gcc/arm-none-eabi/4.8.4/../../../../arm-none-eabi/lib/armv7e-m/fpu\libc.a(lib_a-__atexit.o)
                0x08008ec4                __register_exitproc
 .text._calloc_r
                0x08008f6c       0x60 c:/eclipse-arm/gcc-4_8-2014/bin/../lib/gcc/arm-none-eabi/4.8.4/../../../../arm-none-eabi/lib/armv7e-m/fpu\libc.a(lib_a-callocr.o)
                0x08008f6c                _calloc_r
 .text.memmove  0x08008fcc       0xc0 c:/eclipse-arm/gcc-4_8-2014/bin/../lib/gcc/arm-none-eabi/4.8.4/../../../../arm-none-eabi/lib/armv7e-m/fpu\libc.a(lib_a-memmove.o)
                0x08008fcc                memmove
 .text._realloc_r
                0x0800908c      0x3cc c:/eclipse-arm/gcc-4_8-2014/bin/../lib/gcc/arm-none-eabi/4.8.4/../../../../arm-none-eabi/lib/armv7e-m/fpu\libc.a(lib_a-reallocr.o)
                0x0800908c                _realloc_r
 *(.glue_7)
 .glue_7        0x00000000        0x0 linker stubs
 *(.glue_7t)
 .glue_7t       0x00000000        0x0 linker stubs
 *(.eh_frame)
 .eh_frame      0x08009458        0x0 c:/eclipse-arm/gcc-4_8-2014/bin/../lib/gcc/arm-none-eabi/4.8.4/armv7e-m/fpu/crtbegin.o
 *(.init)
 .init          0x08009458        0x4 c:/eclipse-arm/gcc-4_8-2014/bin/../lib/gcc/arm-none-eabi/4.8.4/armv7e-m/fpu/crti.o
                0x08009458                _init
 .init          0x0800945c        0x8 c:/eclipse-arm/gcc-4_8-2014/bin/../lib/gcc/arm-none-eabi/4.8.4/armv7e-m/fpu/crtn.o
 *(.fini)
 .fini          0x08009464        0x4 c:/eclipse-arm/gcc-4_8-2014/bin/../lib/gcc/arm-none-eabi/4.8.4/armv7e-m/fpu/crti.o
                0x08009464                _fini
 .fini          0x08009468        0x8 c:/eclipse-arm/gcc-4_8-2014/bin/../lib/gcc/arm-none-eabi/4.8.4/armv7e-m/fpu/crtn.o
                0x08009470                . = ALIGN (0x4)
                0x08009470                _etext = .

.vfp11_veneer   0x08009470        0x0
 .vfp11_veneer  0x00000000        0x0 linker stubs

.v4_bx          0x08009470        0x0
 .v4_bx         0x00000000        0x0 linker stubs

.iplt           0x08009470        0x0
 .iplt          0x00000000        0x0 c:/eclipse-arm/gcc-4_8-2014/bin/../lib/gcc/arm-none-eabi/4.8.4/armv7e-m/fpu/crtbegin.o

.rodata         0x08009470      0x3bc
                0x08009470                . = ALIGN (0x4)
 *(.rodata)
 *(.rodata*)
 .rodata.Font_5x8
                0x08009470        0x8 ./ZHONX_III/Peripherals/Display/src/smallfonts.o
                0x08009470                Font_5x8
 .rodata.au8Font5x8
                0x08009478      0x1e8 ./ZHONX_III/Peripherals/Display/src/smallfonts.o
                0x08009478                au8Font5x8
 .rodata.str1.4
                0x08009660        0x9 ./ZHONX_III/Peripherals/Display/src/ssd1306.o
                                  0xc (size before relaxing)
 *fill*         0x08009669        0x3 
 .rodata.str1.4
                0x0800966c       0x2a ./ZHONX_III/Enslavements/Straight_Controls/Straight_Controls.o
                                 0x2c (size before relaxing)
 *fill*         0x08009696        0x2 
 .rodata.APBAHBPrescTable
                0x08009698       0x10 ./ZHONX_III/Drivers/STM32F4xx_HAL_Driver/Src/stm32f4xx_hal_rcc.o
                0x08009698                APBAHBPrescTable
 .rodata.str1.4
                0x080096a8        0x2 c:/eclipse-arm/gcc-4_8-2014/bin/../lib/gcc/arm-none-eabi/4.8.4/../../../../arm-none-eabi/lib/armv7e-m/fpu\libc.a(lib_a-impure.o)
                                  0x4 (size before relaxing)
 *fill*         0x080096aa        0x2 
 .rodata._global_impure_ptr
                0x080096ac        0x4 c:/eclipse-arm/gcc-4_8-2014/bin/../lib/gcc/arm-none-eabi/4.8.4/../../../../arm-none-eabi/lib/armv7e-m/fpu\libc.a(lib_a-impure.o)
                0x080096ac                _global_impure_ptr
 .rodata.zeroes.6763
                0x080096b0       0x10 c:/eclipse-arm/gcc-4_8-2014/bin/../lib/gcc/arm-none-eabi/4.8.4/../../../../arm-none-eabi/lib/armv7e-m/fpu\libc.a(lib_a-svfprintf.o)
 .rodata.str1.4
                0x080096c0       0x42 c:/eclipse-arm/gcc-4_8-2014/bin/../lib/gcc/arm-none-eabi/4.8.4/../../../../arm-none-eabi/lib/armv7e-m/fpu\libc.a(lib_a-svfprintf.o)
                                 0x44 (size before relaxing)
 *fill*         0x08009702        0x2 
 .rodata.blanks.6762
                0x08009704       0x10 c:/eclipse-arm/gcc-4_8-2014/bin/../lib/gcc/arm-none-eabi/4.8.4/../../../../arm-none-eabi/lib/armv7e-m/fpu\libc.a(lib_a-svfprintf.o)
 .rodata.str1.4
                0x08009714       0x10 c:/eclipse-arm/gcc-4_8-2014/bin/../lib/gcc/arm-none-eabi/4.8.4/../../../../arm-none-eabi/lib/armv7e-m/fpu\libc.a(lib_a-dtoa.o)
                                 0x14 (size before relaxing)
 .rodata.str1.4
                0x08009724        0xc c:/eclipse-arm/gcc-4_8-2014/bin/../lib/gcc/arm-none-eabi/4.8.4/../../../../arm-none-eabi/lib/armv7e-m/fpu\libc.a(lib_a-locale.o)
                                 0x14 (size before relaxing)
 .rodata.__mprec_tens
                0x08009730       0xc8 c:/eclipse-arm/gcc-4_8-2014/bin/../lib/gcc/arm-none-eabi/4.8.4/../../../../arm-none-eabi/lib/armv7e-m/fpu\libc.a(lib_a-mprec.o)
                0x08009730                __mprec_tens
 .rodata.__mprec_bigtens
                0x080097f8       0x28 c:/eclipse-arm/gcc-4_8-2014/bin/../lib/gcc/arm-none-eabi/4.8.4/../../../../arm-none-eabi/lib/armv7e-m/fpu\libc.a(lib_a-mprec.o)
                0x080097f8                __mprec_bigtens
 .rodata.p05.5269
                0x08009820        0xc c:/eclipse-arm/gcc-4_8-2014/bin/../lib/gcc/arm-none-eabi/4.8.4/../../../../arm-none-eabi/lib/armv7e-m/fpu\libc.a(lib_a-mprec.o)
                0x0800982c                . = ALIGN (0x4)

.ARM.extab
 *(.ARM.extab* .gnu.linkonce.armextab.*)

.ARM            0x0800982c        0x8
                0x0800982c                __exidx_start = .
 *(.ARM.exidx*)
 .ARM.exidx     0x0800982c        0x8 c:/eclipse-arm/gcc-4_8-2014/bin/../lib/gcc/arm-none-eabi/4.8.4/armv7e-m/fpu\libgcc.a(_divdi3.o)
 .ARM.exidx     0x08009834        0x0 c:/eclipse-arm/gcc-4_8-2014/bin/../lib/gcc/arm-none-eabi/4.8.4/armv7e-m/fpu\libgcc.a(_udivdi3.o)
                                  0x8 (size before relaxing)
                0x08009834                __exidx_end = .

.rel.dyn        0x08009834        0x0
 .rel.iplt      0x00000000        0x0 c:/eclipse-arm/gcc-4_8-2014/bin/../lib/gcc/arm-none-eabi/4.8.4/armv7e-m/fpu/crtbegin.o

.preinit_array  0x08009834        0x0
                0x08009834                PROVIDE (__preinit_array_start, .)
 *(.preinit_array*)
                0x08009834                PROVIDE (__preinit_array_end, .)

.init_array     0x08009834        0x8
                0x08009834                PROVIDE (__init_array_start, .)
 *(SORT(.init_array.*))
 .init_array.00000
                0x08009834        0x4 c:/eclipse-arm/gcc-4_8-2014/bin/../lib/gcc/arm-none-eabi/4.8.4/../../../../arm-none-eabi/lib/armv7e-m/fpu\libc.a(lib_a-__call_atexit.o)
 *(.init_array*)
 .init_array    0x08009838        0x4 c:/eclipse-arm/gcc-4_8-2014/bin/../lib/gcc/arm-none-eabi/4.8.4/armv7e-m/fpu/crtbegin.o
                0x0800983c                PROVIDE (__init_array_end, .)

.fini_array     0x0800983c        0x4
                0x0800983c                PROVIDE (__fini_array_start, .)
 *(SORT(.fini_array.*))
 *(.fini_array*)
 .fini_array    0x0800983c        0x4 c:/eclipse-arm/gcc-4_8-2014/bin/../lib/gcc/arm-none-eabi/4.8.4/armv7e-m/fpu/crtbegin.o
                0x08009840                PROVIDE (__fini_array_end, .)
                0x08009840                _sidata = LOADADDR (.data)

.data           0x20000000      0x88c load address 0x08009840
                0x20000000                . = ALIGN (0x4)
                0x20000000                _sdata = .
 *(.data)
 *(.data*)
 .data.Blink    0x20000000        0xc ./ZHONX_III/Peripherals/TimeBase/TimeBase.o
                0x20000000                Blink
 .data.left_encoder
                0x2000000c        0x8 ./ZHONX_III/Peripherals/Encoders/IE512.o
                0x2000000c                left_encoder
 .data.SystemCoreClock
                0x20000014        0x4 ./ZHONX_III/Drivers/CMSIS/Device/ST/STM32F4xx/Source/Templates/system_stm32f4xx.o
                0x20000014                SystemCoreClock
 .data.impure_data
                0x20000018      0x428 c:/eclipse-arm/gcc-4_8-2014/bin/../lib/gcc/arm-none-eabi/4.8.4/../../../../arm-none-eabi/lib/armv7e-m/fpu\libc.a(lib_a-impure.o)
 .data._impure_ptr
                0x20000440        0x4 c:/eclipse-arm/gcc-4_8-2014/bin/../lib/gcc/arm-none-eabi/4.8.4/../../../../arm-none-eabi/lib/armv7e-m/fpu\libc.a(lib_a-impure.o)
                0x20000440                _impure_ptr
 .data.lconv    0x20000444       0x38 c:/eclipse-arm/gcc-4_8-2014/bin/../lib/gcc/arm-none-eabi/4.8.4/../../../../arm-none-eabi/lib/armv7e-m/fpu\libc.a(lib_a-locale.o)
 .data.__malloc_av_
                0x2000047c      0x408 c:/eclipse-arm/gcc-4_8-2014/bin/../lib/gcc/arm-none-eabi/4.8.4/../../../../arm-none-eabi/lib/armv7e-m/fpu\libc.a(lib_a-mallocr.o)
                0x2000047c                __malloc_av_
 .data.__malloc_trim_threshold
                0x20000884        0x4 c:/eclipse-arm/gcc-4_8-2014/bin/../lib/gcc/arm-none-eabi/4.8.4/../../../../arm-none-eabi/lib/armv7e-m/fpu\libc.a(lib_a-mallocr.o)
                0x20000884                __malloc_trim_threshold
 .data.__malloc_sbrk_base
                0x20000888        0x4 c:/eclipse-arm/gcc-4_8-2014/bin/../lib/gcc/arm-none-eabi/4.8.4/../../../../arm-none-eabi/lib/armv7e-m/fpu\libc.a(lib_a-mallocr.o)
                0x20000888                __malloc_sbrk_base
                0x2000088c                . = ALIGN (0x4)
                0x2000088c                _edata = .
                0x0800a0cc                _siccmram = LOADADDR (.ccmram)

.jcr            0x2000088c        0x0 load address 0x0800a0cc
 .jcr           0x2000088c        0x0 c:/eclipse-arm/gcc-4_8-2014/bin/../lib/gcc/arm-none-eabi/4.8.4/armv7e-m/fpu/crtbegin.o

.igot.plt       0x2000088c        0x0 load address 0x0800a0cc
 .igot.plt      0x00000000        0x0 c:/eclipse-arm/gcc-4_8-2014/bin/../lib/gcc/arm-none-eabi/4.8.4/armv7e-m/fpu/crtbegin.o

.ccmram         0x10000000        0x0 load address 0x0800a0cc
                0x10000000                . = ALIGN (0x4)
                0x10000000                _sccmram = .
 *(.ccmram)
 *(.ccmram*)
                0x10000000                . = ALIGN (0x4)
                0x10000000                _eccmram = .
                0x10000000                . = ALIGN (0x4)

.bss            0x2000088c      0x7d4
                0x2000088c                _sbss = .
                0x2000088c                __bss_start__ = _sbss
 *(.bss)
 .bss           0x2000088c       0x1c c:/eclipse-arm/gcc-4_8-2014/bin/../lib/gcc/arm-none-eabi/4.8.4/armv7e-m/fpu/crtbegin.o
 *(.bss*)
 .bss.heap_end.5585
                0x200008a8        0x4 ./ZHONX_III/Src/syscalls.o
 .bss.i.7731    0x200008ac        0x4 ./ZHONX_III/Peripherals/TimeBase/TimeBase.o
 .bss.selector.7837
                0x200008b0        0x1 ./ZHONX_III/Peripherals/Telemeters/Telemeters.o
 *fill*         0x200008b1        0x3 
 .bss.uhADCxConvertedValue_LFRONT
                0x200008b4        0x4 ./ZHONX_III/Peripherals/Telemeters/Telemeters.o
                0x200008b4                uhADCxConvertedValue_LFRONT
 .bss.uhADCxConvertedValue_RDIAG
                0x200008b8        0x4 ./ZHONX_III/Peripherals/Telemeters/Telemeters.o
                0x200008b8                uhADCxConvertedValue_RDIAG
 .bss.uhADCxConvertedValue_LDIAG
                0x200008bc        0x4 ./ZHONX_III/Peripherals/Telemeters/Telemeters.o
                0x200008bc                uhADCxConvertedValue_LDIAG
 .bss.L_front_distance
                0x200008c0        0x4 ./ZHONX_III/Peripherals/Telemeters/Telemeters.o
                0x200008c0                L_front_distance
 .bss.R_front_distance
                0x200008c4        0x4 ./ZHONX_III/Peripherals/Telemeters/Telemeters.o
                0x200008c4                R_front_distance
 .bss.R_diag_distance
                0x200008c8        0x4 ./ZHONX_III/Peripherals/Telemeters/Telemeters.o
                0x200008c8                R_diag_distance
 .bss.uhADCxConvertedValue_RFRONT
                0x200008cc        0x4 ./ZHONX_III/Peripherals/Telemeters/Telemeters.o
                0x200008cc                uhADCxConvertedValue_RFRONT
 .bss.L_diag_distance
                0x200008d0        0x4 ./ZHONX_III/Peripherals/Telemeters/Telemeters.o
                0x200008d0                L_diag_distance
 .bss.gyro_Current_Angle
                0x200008d4        0x4 ./ZHONX_III/Peripherals/Gyroscope/ADXRS620.o
                0x200008d4                gyro_Current_Angle
 .bss.gyroRate  0x200008d8        0x4 ./ZHONX_III/Peripherals/Gyroscope/ADXRS620.o
                0x200008d8                gyroRate
 .bss.right_encoder
                0x200008dc        0x8 ./ZHONX_III/Peripherals/Encoders/IE512.o
                0x200008dc                right_encoder
 .bss.buffer    0x200008e4      0x400 ./ZHONX_III/Peripherals/Display/src/ssd1306.o
                0x200008e4                buffer
 .bss.Pulses    0x20000ce4        0x8 ./ZHONX_III/Enslavements/Straight_Controls/Straight_Controls.o
                0x20000ce4                Pulses
 .bss.consigne  0x20000cec        0x4 ./ZHONX_III/Enslavements/Straight_Controls/Straight_Controls.o
                0x20000cec                consigne
 .bss.uwTick    0x20000cf0        0x4 ./ZHONX_III/Drivers/STM32F4xx_HAL_Driver/Src/stm32f4xx_hal.o
 .bss.__malloc_max_total_mem
                0x20000cf4        0x4 c:/eclipse-arm/gcc-4_8-2014/bin/../lib/gcc/arm-none-eabi/4.8.4/../../../../arm-none-eabi/lib/armv7e-m/fpu\libc.a(lib_a-mallocr.o)
                0x20000cf4                __malloc_max_total_mem
 .bss.__malloc_max_sbrked_mem
                0x20000cf8        0x4 c:/eclipse-arm/gcc-4_8-2014/bin/../lib/gcc/arm-none-eabi/4.8.4/../../../../arm-none-eabi/lib/armv7e-m/fpu\libc.a(lib_a-mallocr.o)
                0x20000cf8                __malloc_max_sbrked_mem
 .bss.__malloc_top_pad
                0x20000cfc        0x4 c:/eclipse-arm/gcc-4_8-2014/bin/../lib/gcc/arm-none-eabi/4.8.4/../../../../arm-none-eabi/lib/armv7e-m/fpu\libc.a(lib_a-mallocr.o)
                0x20000cfc                __malloc_top_pad
 .bss.__malloc_current_mallinfo
                0x20000d00       0x28 c:/eclipse-arm/gcc-4_8-2014/bin/../lib/gcc/arm-none-eabi/4.8.4/../../../../arm-none-eabi/lib/armv7e-m/fpu\libc.a(lib_a-mallocr.o)
                0x20000d00                __malloc_current_mallinfo
 *(COMMON)
 COMMON         0x20000d28      0x2e8 ./ZHONX_III/Src/main.o
                0x20000d28                htim8
                0x20000d64                htim4
                0x20000da0                huart3
                0x20000ddc                hi2c1
                0x20000e14                htim10
                0x20000e50                htim3
                0x20000e8c                hadc1
                0x20000ed0                hdma_adc1
                0x20000f20                htim6
                0x20000f5c                htim1
                0x20000f98                htim14
                0x20000fd4                htim7
 COMMON         0x20001010       0x4c ./ZHONX_III/Enslavements/Straight_Controls/Straight_Controls.o
                0x20001010                trajectory_control
                0x2000101c                gyro_pid_instance
                0x20001040                sConfigOC
 COMMON         0x2000105c        0x4 c:/eclipse-arm/gcc-4_8-2014/bin/../lib/gcc/arm-none-eabi/4.8.4/../../../../arm-none-eabi/lib/armv7e-m/fpu\libc.a(lib_a-reent.o)
                0x2000105c                errno
                0x20001060                . = ALIGN (0x4)
                0x20001060                _ebss = .
                0x20001060                __bss_end__ = _ebss

._user_heap_stack
                0x20001060      0x400
                0x20001060                . = ALIGN (0x4)
                0x20001060                PROVIDE (end, .)
                0x20001060                PROVIDE (_end, .)
                0x20001060                . = (. + _Min_Heap_Size)
                0x20001460                . = (. + _Min_Stack_Size)
 *fill*         0x20001060      0x400 
                0x20001460                . = ALIGN (0x4)

/DISCARD/
 libc.a(*)
 libm.a(*)
 libgcc.a(*)

.ARM.attributes
                0x00000000       0x30
 *(.ARM.attributes)
 .ARM.attributes
                0x00000000       0x22 c:/eclipse-arm/gcc-4_8-2014/bin/../lib/gcc/arm-none-eabi/4.8.4/armv7e-m/fpu/crti.o
 .ARM.attributes
                0x00000022       0x34 c:/eclipse-arm/gcc-4_8-2014/bin/../lib/gcc/arm-none-eabi/4.8.4/armv7e-m/fpu/crtbegin.o
 .ARM.attributes
                0x00000056       0x39 ./ZHONX_III/Src/main.o
 .ARM.attributes
                0x0000008f       0x39 ./ZHONX_III/Src/stm32f4xx_hal_msp.o
 .ARM.attributes
                0x000000c8       0x39 ./ZHONX_III/Src/stm32f4xx_it.o
 .ARM.attributes
                0x00000101       0x39 ./ZHONX_III/Src/syscalls.o
 .ARM.attributes
                0x0000013a       0x39 ./ZHONX_III/Src/user_it_callback.o
 .ARM.attributes
                0x00000173       0x39 ./ZHONX_III/Peripherals/TimeBase/TimeBase.o
 .ARM.attributes
                0x000001ac       0x39 ./ZHONX_III/Peripherals/Telemeters/Telemeters.o
 .ARM.attributes
                0x000001e5       0x39 ./ZHONX_III/Peripherals/Gyroscope/ADXRS620.o
 .ARM.attributes
                0x0000021e       0x39 ./ZHONX_III/Peripherals/Expander/PCF8574.o
 .ARM.attributes
                0x00000257       0x39 ./ZHONX_III/Peripherals/Encoders/IE512.o
 .ARM.attributes
                0x00000290       0x39 ./ZHONX_III/Peripherals/Display/src/smallfonts.o
 .ARM.attributes
                0x000002c9       0x39 ./ZHONX_III/Peripherals/Display/src/ssd1306.o
 .ARM.attributes
                0x00000302       0x39 ./ZHONX_III/Enslavements/Straight_Controls/Straight_Controls.o
 .ARM.attributes
                0x0000033b       0x39 ./ZHONX_III/Enslavements/PID/PID.o
 .ARM.attributes
                0x00000374       0x39 ./ZHONX_III/Drivers/STM32F4xx_HAL_Driver/Src/stm32f4xx_hal.o
 .ARM.attributes
                0x000003ad       0x39 ./ZHONX_III/Drivers/STM32F4xx_HAL_Driver/Src/stm32f4xx_hal_adc.o
 .ARM.attributes
                0x000003e6       0x39 ./ZHONX_III/Drivers/STM32F4xx_HAL_Driver/Src/stm32f4xx_hal_cortex.o
 .ARM.attributes
                0x0000041f       0x39 ./ZHONX_III/Drivers/STM32F4xx_HAL_Driver/Src/stm32f4xx_hal_dma.o
 .ARM.attributes
                0x00000458       0x39 ./ZHONX_III/Drivers/STM32F4xx_HAL_Driver/Src/stm32f4xx_hal_gpio.o
 .ARM.attributes
                0x00000491       0x39 ./ZHONX_III/Drivers/STM32F4xx_HAL_Driver/Src/stm32f4xx_hal_i2c.o
 .ARM.attributes
                0x000004ca       0x39 ./ZHONX_III/Drivers/STM32F4xx_HAL_Driver/Src/stm32f4xx_hal_rcc.o
 .ARM.attributes
                0x00000503       0x39 ./ZHONX_III/Drivers/STM32F4xx_HAL_Driver/Src/stm32f4xx_hal_tim.o
 .ARM.attributes
                0x0000053c       0x39 ./ZHONX_III/Drivers/STM32F4xx_HAL_Driver/Src/stm32f4xx_hal_tim_ex.o
 .ARM.attributes
                0x00000575       0x39 ./ZHONX_III/Drivers/STM32F4xx_HAL_Driver/Src/stm32f4xx_hal_uart.o
 .ARM.attributes
                0x000005ae       0x21 ./ZHONX_III/Drivers/CMSIS/Device/ST/STM32F4xx/Source/Templates/gcc/startup_stm32f405xx.o
 .ARM.attributes
                0x000005cf       0x39 ./ZHONX_III/Drivers/CMSIS/Device/ST/STM32F4xx/Source/Templates/system_stm32f4xx.o
 .ARM.attributes
                0x00000608       0x39 ./ZHONX_III/DSP_lib/ControllerFunctions/arm_pid_init_f32.o
 .ARM.attributes
                0x00000641       0x22 c:/eclipse-arm/gcc-4_8-2014/bin/../lib/gcc/arm-none-eabi/4.8.4/armv7e-m/fpu\libgcc.a(_arm_addsubdf3.o)
 .ARM.attributes
                0x00000663       0x22 c:/eclipse-arm/gcc-4_8-2014/bin/../lib/gcc/arm-none-eabi/4.8.4/armv7e-m/fpu\libgcc.a(_arm_muldivdf3.o)
 .ARM.attributes
                0x00000685       0x22 c:/eclipse-arm/gcc-4_8-2014/bin/../lib/gcc/arm-none-eabi/4.8.4/armv7e-m/fpu\libgcc.a(_arm_truncdfsf2.o)
 .ARM.attributes
                0x000006a7       0x34 c:/eclipse-arm/gcc-4_8-2014/bin/../lib/gcc/arm-none-eabi/4.8.4/../../../../arm-none-eabi/lib/armv7e-m/fpu\libc.a(lib_a-impure.o)
 .ARM.attributes
                0x000006db       0x34 c:/eclipse-arm/gcc-4_8-2014/bin/../lib/gcc/arm-none-eabi/4.8.4/../../../../arm-none-eabi/lib/armv7e-m/fpu\libc.a(lib_a-init.o)
 .ARM.attributes
                0x0000070f       0x20 c:/eclipse-arm/gcc-4_8-2014/bin/../lib/gcc/arm-none-eabi/4.8.4/../../../../arm-none-eabi/lib/armv7e-m/fpu\libc.a(lib_a-memcpy.o)
 .ARM.attributes
                0x0000072f       0x34 c:/eclipse-arm/gcc-4_8-2014/bin/../lib/gcc/arm-none-eabi/4.8.4/../../../../arm-none-eabi/lib/armv7e-m/fpu\libc.a(lib_a-memset.o)
 .ARM.attributes
                0x00000763       0x34 c:/eclipse-arm/gcc-4_8-2014/bin/../lib/gcc/arm-none-eabi/4.8.4/../../../../arm-none-eabi/lib/armv7e-m/fpu\libc.a(lib_a-reent.o)
 .ARM.attributes
                0x00000797       0x34 c:/eclipse-arm/gcc-4_8-2014/bin/../lib/gcc/arm-none-eabi/4.8.4/../../../../arm-none-eabi/lib/armv7e-m/fpu\libc.a(lib_a-sprintf.o)
 .ARM.attributes
                0x000007cb       0x34 c:/eclipse-arm/gcc-4_8-2014/bin/../lib/gcc/arm-none-eabi/4.8.4/../../../../arm-none-eabi/lib/armv7e-m/fpu\libc.a(lib_a-strlen.o)
 .ARM.attributes
                0x000007ff       0x34 c:/eclipse-arm/gcc-4_8-2014/bin/../lib/gcc/arm-none-eabi/4.8.4/../../../../arm-none-eabi/lib/armv7e-m/fpu\libc.a(lib_a-svfprintf.o)
 .ARM.attributes
                0x00000833       0x34 c:/eclipse-arm/gcc-4_8-2014/bin/../lib/gcc/arm-none-eabi/4.8.4/../../../../arm-none-eabi/lib/armv7e-m/fpu\libc.a(lib_a-__call_atexit.o)
 .ARM.attributes
                0x00000867       0x34 c:/eclipse-arm/gcc-4_8-2014/bin/../lib/gcc/arm-none-eabi/4.8.4/../../../../arm-none-eabi/lib/armv7e-m/fpu\libc.a(lib_a-atexit.o)
 .ARM.attributes
                0x0000089b       0x34 c:/eclipse-arm/gcc-4_8-2014/bin/../lib/gcc/arm-none-eabi/4.8.4/../../../../arm-none-eabi/lib/armv7e-m/fpu\libc.a(lib_a-dtoa.o)
 .ARM.attributes
                0x000008cf       0x34 c:/eclipse-arm/gcc-4_8-2014/bin/../lib/gcc/arm-none-eabi/4.8.4/../../../../arm-none-eabi/lib/armv7e-m/fpu\libc.a(lib_a-fini.o)
 .ARM.attributes
                0x00000903       0x34 c:/eclipse-arm/gcc-4_8-2014/bin/../lib/gcc/arm-none-eabi/4.8.4/../../../../arm-none-eabi/lib/armv7e-m/fpu\libc.a(lib_a-freer.o)
 .ARM.attributes
                0x00000937       0x34 c:/eclipse-arm/gcc-4_8-2014/bin/../lib/gcc/arm-none-eabi/4.8.4/../../../../arm-none-eabi/lib/armv7e-m/fpu\libc.a(lib_a-locale.o)
 .ARM.attributes
                0x0000096b       0x34 c:/eclipse-arm/gcc-4_8-2014/bin/../lib/gcc/arm-none-eabi/4.8.4/../../../../arm-none-eabi/lib/armv7e-m/fpu\libc.a(lib_a-mallocr.o)
 .ARM.attributes
                0x0000099f       0x34 c:/eclipse-arm/gcc-4_8-2014/bin/../lib/gcc/arm-none-eabi/4.8.4/../../../../arm-none-eabi/lib/armv7e-m/fpu\libc.a(lib_a-memchr-stub.o)
 .ARM.attributes
                0x000009d3       0x34 c:/eclipse-arm/gcc-4_8-2014/bin/../lib/gcc/arm-none-eabi/4.8.4/../../../../arm-none-eabi/lib/armv7e-m/fpu\libc.a(lib_a-mlock.o)
 .ARM.attributes
                0x00000a07       0x34 c:/eclipse-arm/gcc-4_8-2014/bin/../lib/gcc/arm-none-eabi/4.8.4/../../../../arm-none-eabi/lib/armv7e-m/fpu\libc.a(lib_a-mprec.o)
 .ARM.attributes
                0x00000a3b       0x34 c:/eclipse-arm/gcc-4_8-2014/bin/../lib/gcc/arm-none-eabi/4.8.4/../../../../arm-none-eabi/lib/armv7e-m/fpu\libc.a(lib_a-s_fpclassify.o)
 .ARM.attributes
                0x00000a6f       0x34 c:/eclipse-arm/gcc-4_8-2014/bin/../lib/gcc/arm-none-eabi/4.8.4/../../../../arm-none-eabi/lib/armv7e-m/fpu\libc.a(lib_a-sbrkr.o)
 .ARM.attributes
                0x00000aa3       0x34 c:/eclipse-arm/gcc-4_8-2014/bin/../lib/gcc/arm-none-eabi/4.8.4/../../../../arm-none-eabi/lib/armv7e-m/fpu\libc.a(lib_a-svfiprintf.o)
 .ARM.attributes
                0x00000ad7       0x34 c:/eclipse-arm/gcc-4_8-2014/bin/../lib/gcc/arm-none-eabi/4.8.4/../../../../arm-none-eabi/lib/armv7e-m/fpu\libc.a(lib_a-__atexit.o)
 .ARM.attributes
                0x00000b0b       0x34 c:/eclipse-arm/gcc-4_8-2014/bin/../lib/gcc/arm-none-eabi/4.8.4/../../../../arm-none-eabi/lib/armv7e-m/fpu\libc.a(lib_a-callocr.o)
 .ARM.attributes
                0x00000b3f       0x34 c:/eclipse-arm/gcc-4_8-2014/bin/../lib/gcc/arm-none-eabi/4.8.4/../../../../arm-none-eabi/lib/armv7e-m/fpu\libc.a(lib_a-memmove.o)
 .ARM.attributes
                0x00000b73       0x34 c:/eclipse-arm/gcc-4_8-2014/bin/../lib/gcc/arm-none-eabi/4.8.4/../../../../arm-none-eabi/lib/armv7e-m/fpu\libc.a(lib_a-reallocr.o)
 .ARM.attributes
                0x00000ba7       0x22 c:/eclipse-arm/gcc-4_8-2014/bin/../lib/gcc/arm-none-eabi/4.8.4/armv7e-m/fpu\libgcc.a(_arm_cmpdf2.o)
 .ARM.attributes
                0x00000bc9       0x22 c:/eclipse-arm/gcc-4_8-2014/bin/../lib/gcc/arm-none-eabi/4.8.4/armv7e-m/fpu\libgcc.a(_arm_fixdfsi.o)
 .ARM.attributes
                0x00000beb       0x22 c:/eclipse-arm/gcc-4_8-2014/bin/../lib/gcc/arm-none-eabi/4.8.4/armv7e-m/fpu\libgcc.a(_aeabi_uldivmod.o)
 .ARM.attributes
                0x00000c0d       0x34 c:/eclipse-arm/gcc-4_8-2014/bin/../lib/gcc/arm-none-eabi/4.8.4/armv7e-m/fpu\libgcc.a(bpabi.o)
 .ARM.attributes
                0x00000c41       0x22 c:/eclipse-arm/gcc-4_8-2014/bin/../lib/gcc/arm-none-eabi/4.8.4/armv7e-m/fpu\libgcc.a(_dvmd_tls.o)
 .ARM.attributes
                0x00000c63       0x34 c:/eclipse-arm/gcc-4_8-2014/bin/../lib/gcc/arm-none-eabi/4.8.4/armv7e-m/fpu\libgcc.a(_divdi3.o)
 .ARM.attributes
                0x00000c97       0x34 c:/eclipse-arm/gcc-4_8-2014/bin/../lib/gcc/arm-none-eabi/4.8.4/armv7e-m/fpu\libgcc.a(_udivdi3.o)
 .ARM.attributes
                0x00000ccb       0x22 c:/eclipse-arm/gcc-4_8-2014/bin/../lib/gcc/arm-none-eabi/4.8.4/armv7e-m/fpu/crtn.o
OUTPUT(ZHONX_III.elf elf32-littlearm)

.comment        0x00000000       0x70
 .comment       0x00000000       0x70 ./ZHONX_III/Src/main.o
                                 0x71 (size before relaxing)
 .comment       0x00000000       0x71 ./ZHONX_III/Src/stm32f4xx_hal_msp.o
 .comment       0x00000000       0x71 ./ZHONX_III/Src/stm32f4xx_it.o
 .comment       0x00000000       0x71 ./ZHONX_III/Src/syscalls.o
 .comment       0x00000000       0x71 ./ZHONX_III/Src/user_it_callback.o
 .comment       0x00000000       0x71 ./ZHONX_III/Peripherals/TimeBase/TimeBase.o
 .comment       0x00000000       0x71 ./ZHONX_III/Peripherals/Telemeters/Telemeters.o
 .comment       0x00000000       0x71 ./ZHONX_III/Peripherals/Gyroscope/ADXRS620.o
 .comment       0x00000000       0x71 ./ZHONX_III/Peripherals/Expander/PCF8574.o
 .comment       0x00000000       0x71 ./ZHONX_III/Peripherals/Encoders/IE512.o
 .comment       0x00000000       0x71 ./ZHONX_III/Peripherals/Display/src/smallfonts.o
 .comment       0x00000000       0x71 ./ZHONX_III/Peripherals/Display/src/ssd1306.o
 .comment       0x00000000       0x71 ./ZHONX_III/Enslavements/Straight_Controls/Straight_Controls.o
 .comment       0x00000000       0x71 ./ZHONX_III/Enslavements/PID/PID.o
 .comment       0x00000000       0x71 ./ZHONX_III/Drivers/STM32F4xx_HAL_Driver/Src/stm32f4xx_hal.o
 .comment       0x00000000       0x71 ./ZHONX_III/Drivers/STM32F4xx_HAL_Driver/Src/stm32f4xx_hal_adc.o
 .comment       0x00000000       0x71 ./ZHONX_III/Drivers/STM32F4xx_HAL_Driver/Src/stm32f4xx_hal_cortex.o
 .comment       0x00000000       0x71 ./ZHONX_III/Drivers/STM32F4xx_HAL_Driver/Src/stm32f4xx_hal_dma.o
 .comment       0x00000000       0x71 ./ZHONX_III/Drivers/STM32F4xx_HAL_Driver/Src/stm32f4xx_hal_gpio.o
 .comment       0x00000000       0x71 ./ZHONX_III/Drivers/STM32F4xx_HAL_Driver/Src/stm32f4xx_hal_i2c.o
 .comment       0x00000000       0x71 ./ZHONX_III/Drivers/STM32F4xx_HAL_Driver/Src/stm32f4xx_hal_rcc.o
 .comment       0x00000000       0x71 ./ZHONX_III/Drivers/STM32F4xx_HAL_Driver/Src/stm32f4xx_hal_tim.o
 .comment       0x00000000       0x71 ./ZHONX_III/Drivers/STM32F4xx_HAL_Driver/Src/stm32f4xx_hal_tim_ex.o
 .comment       0x00000000       0x71 ./ZHONX_III/Drivers/STM32F4xx_HAL_Driver/Src/stm32f4xx_hal_uart.o
 .comment       0x00000000       0x71 ./ZHONX_III/Drivers/CMSIS/Device/ST/STM32F4xx/Source/Templates/system_stm32f4xx.o
 .comment       0x00000000       0x71 ./ZHONX_III/DSP_lib/ControllerFunctions/arm_pid_init_f32.o

.debug_frame    0x00000000      0x82c
 .debug_frame   0x00000000       0x2c c:/eclipse-arm/gcc-4_8-2014/bin/../lib/gcc/arm-none-eabi/4.8.4/../../../../arm-none-eabi/lib/armv7e-m/fpu\libc.a(lib_a-init.o)
 .debug_frame   0x0000002c       0x2c c:/eclipse-arm/gcc-4_8-2014/bin/../lib/gcc/arm-none-eabi/4.8.4/../../../../arm-none-eabi/lib/armv7e-m/fpu\libc.a(lib_a-memset.o)
 .debug_frame   0x00000058       0x48 c:/eclipse-arm/gcc-4_8-2014/bin/../lib/gcc/arm-none-eabi/4.8.4/../../../../arm-none-eabi/lib/armv7e-m/fpu\libc.a(lib_a-reent.o)
 .debug_frame   0x000000a0       0x64 c:/eclipse-arm/gcc-4_8-2014/bin/../lib/gcc/arm-none-eabi/4.8.4/../../../../arm-none-eabi/lib/armv7e-m/fpu\libc.a(lib_a-sprintf.o)
 .debug_frame   0x00000104       0x20 c:/eclipse-arm/gcc-4_8-2014/bin/../lib/gcc/arm-none-eabi/4.8.4/../../../../arm-none-eabi/lib/armv7e-m/fpu\libc.a(lib_a-strlen.o)
 .debug_frame   0x00000124       0x3c c:/eclipse-arm/gcc-4_8-2014/bin/../lib/gcc/arm-none-eabi/4.8.4/../../../../arm-none-eabi/lib/armv7e-m/fpu\libc.a(lib_a-svfprintf.o)
 .debug_frame   0x00000160       0x48 c:/eclipse-arm/gcc-4_8-2014/bin/../lib/gcc/arm-none-eabi/4.8.4/../../../../arm-none-eabi/lib/armv7e-m/fpu\libc.a(lib_a-__call_atexit.o)
 .debug_frame   0x000001a8       0x20 c:/eclipse-arm/gcc-4_8-2014/bin/../lib/gcc/arm-none-eabi/4.8.4/../../../../arm-none-eabi/lib/armv7e-m/fpu\libc.a(lib_a-atexit.o)
 .debug_frame   0x000001c8       0x64 c:/eclipse-arm/gcc-4_8-2014/bin/../lib/gcc/arm-none-eabi/4.8.4/../../../../arm-none-eabi/lib/armv7e-m/fpu\libc.a(lib_a-dtoa.o)
 .debug_frame   0x0000022c       0x2c c:/eclipse-arm/gcc-4_8-2014/bin/../lib/gcc/arm-none-eabi/4.8.4/../../../../arm-none-eabi/lib/armv7e-m/fpu\libc.a(lib_a-fini.o)
 .debug_frame   0x00000258       0x50 c:/eclipse-arm/gcc-4_8-2014/bin/../lib/gcc/arm-none-eabi/4.8.4/../../../../arm-none-eabi/lib/armv7e-m/fpu\libc.a(lib_a-freer.o)
 .debug_frame   0x000002a8       0x98 c:/eclipse-arm/gcc-4_8-2014/bin/../lib/gcc/arm-none-eabi/4.8.4/../../../../arm-none-eabi/lib/armv7e-m/fpu\libc.a(lib_a-locale.o)
 .debug_frame   0x00000340       0x38 c:/eclipse-arm/gcc-4_8-2014/bin/../lib/gcc/arm-none-eabi/4.8.4/../../../../arm-none-eabi/lib/armv7e-m/fpu\libc.a(lib_a-mallocr.o)
 .debug_frame   0x00000378       0x2c c:/eclipse-arm/gcc-4_8-2014/bin/../lib/gcc/arm-none-eabi/4.8.4/../../../../arm-none-eabi/lib/armv7e-m/fpu\libc.a(lib_a-memchr-stub.o)
 .debug_frame   0x000003a4       0x30 c:/eclipse-arm/gcc-4_8-2014/bin/../lib/gcc/arm-none-eabi/4.8.4/../../../../arm-none-eabi/lib/armv7e-m/fpu\libc.a(lib_a-mlock.o)
 .debug_frame   0x000003d4      0x22c c:/eclipse-arm/gcc-4_8-2014/bin/../lib/gcc/arm-none-eabi/4.8.4/../../../../arm-none-eabi/lib/armv7e-m/fpu\libc.a(lib_a-mprec.o)
 .debug_frame   0x00000600       0x28 c:/eclipse-arm/gcc-4_8-2014/bin/../lib/gcc/arm-none-eabi/4.8.4/../../../../arm-none-eabi/lib/armv7e-m/fpu\libc.a(lib_a-s_fpclassify.o)
 .debug_frame   0x00000628       0x2c c:/eclipse-arm/gcc-4_8-2014/bin/../lib/gcc/arm-none-eabi/4.8.4/../../../../arm-none-eabi/lib/armv7e-m/fpu\libc.a(lib_a-sbrkr.o)
 .debug_frame   0x00000654       0x64 c:/eclipse-arm/gcc-4_8-2014/bin/../lib/gcc/arm-none-eabi/4.8.4/../../../../arm-none-eabi/lib/armv7e-m/fpu\libc.a(lib_a-svfiprintf.o)
 .debug_frame   0x000006b8       0x30 c:/eclipse-arm/gcc-4_8-2014/bin/../lib/gcc/arm-none-eabi/4.8.4/../../../../arm-none-eabi/lib/armv7e-m/fpu\libc.a(lib_a-__atexit.o)
 .debug_frame   0x000006e8       0x28 c:/eclipse-arm/gcc-4_8-2014/bin/../lib/gcc/arm-none-eabi/4.8.4/../../../../arm-none-eabi/lib/armv7e-m/fpu\libc.a(lib_a-callocr.o)
 .debug_frame   0x00000710       0x2c c:/eclipse-arm/gcc-4_8-2014/bin/../lib/gcc/arm-none-eabi/4.8.4/../../../../arm-none-eabi/lib/armv7e-m/fpu\libc.a(lib_a-memmove.o)
 .debug_frame   0x0000073c       0x38 c:/eclipse-arm/gcc-4_8-2014/bin/../lib/gcc/arm-none-eabi/4.8.4/../../../../arm-none-eabi/lib/armv7e-m/fpu\libc.a(lib_a-reallocr.o)
 .debug_frame   0x00000774       0x50 c:/eclipse-arm/gcc-4_8-2014/bin/../lib/gcc/arm-none-eabi/4.8.4/armv7e-m/fpu\libgcc.a(bpabi.o)
 .debug_frame   0x000007c4       0x34 c:/eclipse-arm/gcc-4_8-2014/bin/../lib/gcc/arm-none-eabi/4.8.4/armv7e-m/fpu\libgcc.a(_divdi3.o)
 .debug_frame   0x000007f8       0x34 c:/eclipse-arm/gcc-4_8-2014/bin/../lib/gcc/arm-none-eabi/4.8.4/armv7e-m/fpu\libgcc.a(_udivdi3.o)

Cross Reference Table

Symbol                                            File
ADC_IRQHandler                                    ./ZHONX_III/Drivers/CMSIS/Device/ST/STM32F4xx/Source/Templates/gcc/startup_stm32f405xx.o
ADXRS620_IT                                       ./ZHONX_III/Peripherals/Gyroscope/ADXRS620.o
                                                  ./ZHONX_III/Src/user_it_callback.o
ADXRS620_Init                                     ./ZHONX_III/Peripherals/Gyroscope/ADXRS620.o
                                                  ./ZHONX_III/Peripherals/Tests/tests.o
                                                  ./ZHONX_III/Src/main.o
AHBPrescTable                                     ./ZHONX_III/Drivers/CMSIS/Device/ST/STM32F4xx/Source/Templates/system_stm32f4xx.o
APBAHBPrescTable                                  ./ZHONX_III/Drivers/STM32F4xx_HAL_Driver/Src/stm32f4xx_hal_rcc.o
Blink                                             ./ZHONX_III/Peripherals/TimeBase/TimeBase.o
BusFault_Handler                                  ./ZHONX_III/Drivers/CMSIS/Device/ST/STM32F4xx/Source/Templates/gcc/startup_stm32f405xx.o
CAN1_RX0_IRQHandler                               ./ZHONX_III/Drivers/CMSIS/Device/ST/STM32F4xx/Source/Templates/gcc/startup_stm32f405xx.o
CAN1_RX1_IRQHandler                               ./ZHONX_III/Drivers/CMSIS/Device/ST/STM32F4xx/Source/Templates/gcc/startup_stm32f405xx.o
CAN1_SCE_IRQHandler                               ./ZHONX_III/Drivers/CMSIS/Device/ST/STM32F4xx/Source/Templates/gcc/startup_stm32f405xx.o
CAN1_TX_IRQHandler                                ./ZHONX_III/Drivers/CMSIS/Device/ST/STM32F4xx/Source/Templates/gcc/startup_stm32f405xx.o
CAN2_RX0_IRQHandler                               ./ZHONX_III/Drivers/CMSIS/Device/ST/STM32F4xx/Source/Templates/gcc/startup_stm32f405xx.o
CAN2_RX1_IRQHandler                               ./ZHONX_III/Drivers/CMSIS/Device/ST/STM32F4xx/Source/Templates/gcc/startup_stm32f405xx.o
CAN2_SCE_IRQHandler                               ./ZHONX_III/Drivers/CMSIS/Device/ST/STM32F4xx/Source/Templates/gcc/startup_stm32f405xx.o
CAN2_TX_IRQHandler                                ./ZHONX_III/Drivers/CMSIS/Device/ST/STM32F4xx/Source/Templates/gcc/startup_stm32f405xx.o
DMA1_Stream0_IRQHandler                           ./ZHONX_III/Drivers/CMSIS/Device/ST/STM32F4xx/Source/Templates/gcc/startup_stm32f405xx.o
DMA1_Stream1_IRQHandler                           ./ZHONX_III/Drivers/CMSIS/Device/ST/STM32F4xx/Source/Templates/gcc/startup_stm32f405xx.o
DMA1_Stream2_IRQHandler                           ./ZHONX_III/Drivers/CMSIS/Device/ST/STM32F4xx/Source/Templates/gcc/startup_stm32f405xx.o
DMA1_Stream3_IRQHandler                           ./ZHONX_III/Drivers/CMSIS/Device/ST/STM32F4xx/Source/Templates/gcc/startup_stm32f405xx.o
DMA1_Stream4_IRQHandler                           ./ZHONX_III/Drivers/CMSIS/Device/ST/STM32F4xx/Source/Templates/gcc/startup_stm32f405xx.o
DMA1_Stream5_IRQHandler                           ./ZHONX_III/Drivers/CMSIS/Device/ST/STM32F4xx/Source/Templates/gcc/startup_stm32f405xx.o
DMA1_Stream6_IRQHandler                           ./ZHONX_III/Drivers/CMSIS/Device/ST/STM32F4xx/Source/Templates/gcc/startup_stm32f405xx.o
DMA1_Stream7_IRQHandler                           ./ZHONX_III/Drivers/CMSIS/Device/ST/STM32F4xx/Source/Templates/gcc/startup_stm32f405xx.o
DMA2_Stream0_IRQHandler                           ./ZHONX_III/Drivers/CMSIS/Device/ST/STM32F4xx/Source/Templates/gcc/startup_stm32f405xx.o
DMA2_Stream1_IRQHandler                           ./ZHONX_III/Drivers/CMSIS/Device/ST/STM32F4xx/Source/Templates/gcc/startup_stm32f405xx.o
DMA2_Stream2_IRQHandler                           ./ZHONX_III/Drivers/CMSIS/Device/ST/STM32F4xx/Source/Templates/gcc/startup_stm32f405xx.o
DMA2_Stream3_IRQHandler                           ./ZHONX_III/Drivers/CMSIS/Device/ST/STM32F4xx/Source/Templates/gcc/startup_stm32f405xx.o
DMA2_Stream4_IRQHandler                           ./ZHONX_III/Drivers/CMSIS/Device/ST/STM32F4xx/Source/Templates/gcc/startup_stm32f405xx.o
DMA2_Stream5_IRQHandler                           ./ZHONX_III/Drivers/CMSIS/Device/ST/STM32F4xx/Source/Templates/gcc/startup_stm32f405xx.o
DMA2_Stream6_IRQHandler                           ./ZHONX_III/Drivers/CMSIS/Device/ST/STM32F4xx/Source/Templates/gcc/startup_stm32f405xx.o
DMA2_Stream7_IRQHandler                           ./ZHONX_III/Drivers/CMSIS/Device/ST/STM32F4xx/Source/Templates/gcc/startup_stm32f405xx.o
DebugMon_Handler                                  ./ZHONX_III/Drivers/CMSIS/Device/ST/STM32F4xx/Source/Templates/gcc/startup_stm32f405xx.o
Debug_Straight_Control                            ./ZHONX_III/Enslavements/Straight_Controls/Straight_Controls.o
                                                  ./ZHONX_III/Src/main.o
Default_Handler                                   ./ZHONX_III/Drivers/CMSIS/Device/ST/STM32F4xx/Source/Templates/gcc/startup_stm32f405xx.o
EXTI0_IRQHandler                                  ./ZHONX_III/Drivers/CMSIS/Device/ST/STM32F4xx/Source/Templates/gcc/startup_stm32f405xx.o
EXTI15_10_IRQHandler                              ./ZHONX_III/Drivers/CMSIS/Device/ST/STM32F4xx/Source/Templates/gcc/startup_stm32f405xx.o
EXTI1_IRQHandler                                  ./ZHONX_III/Drivers/CMSIS/Device/ST/STM32F4xx/Source/Templates/gcc/startup_stm32f405xx.o
EXTI2_IRQHandler                                  ./ZHONX_III/Drivers/CMSIS/Device/ST/STM32F4xx/Source/Templates/gcc/startup_stm32f405xx.o
EXTI3_IRQHandler                                  ./ZHONX_III/Drivers/CMSIS/Device/ST/STM32F4xx/Source/Templates/gcc/startup_stm32f405xx.o
EXTI4_IRQHandler                                  ./ZHONX_III/Drivers/CMSIS/Device/ST/STM32F4xx/Source/Templates/gcc/startup_stm32f405xx.o
EXTI9_5_IRQHandler                                ./ZHONX_III/Drivers/CMSIS/Device/ST/STM32F4xx/Source/Templates/gcc/startup_stm32f405xx.o
Encoders_Init                                     ./ZHONX_III/Peripherals/Encoders/IE512.o
                                                  ./ZHONX_III/Peripherals/Tests/tests.o
ExpanderGetbit                                    ./ZHONX_III/Peripherals/Expander/PCF8574.o
ExpanderReset                                     ./ZHONX_III/Peripherals/Expander/PCF8574.o
                                                  ./ZHONX_III/Peripherals/Tests/tests.o
ExpanderSetbit                                    ./ZHONX_III/Peripherals/Expander/PCF8574.o
                                                  ./ZHONX_III/Peripherals/Display/src/ssd1306.o
                                                  ./ZHONX_III/Peripherals/Tests/tests.o
FLASH_Erase_Sector                                ./ZHONX_III/Drivers/STM32F4xx_HAL_Driver/Src/stm32f4xx_hal_flash_ex.o
                                                  ./ZHONX_III/Drivers/STM32F4xx_HAL_Driver/Src/stm32f4xx_hal_flash.o
FLASH_IRQHandler                                  ./ZHONX_III/Drivers/CMSIS/Device/ST/STM32F4xx/Source/Templates/gcc/startup_stm32f405xx.o
FLASH_WaitForLastOperation                        ./ZHONX_III/Drivers/STM32F4xx_HAL_Driver/Src/stm32f4xx_hal_flash.o
                                                  ./ZHONX_III/Drivers/STM32F4xx_HAL_Driver/Src/stm32f4xx_hal_flash_ex.o
FPU_IRQHandler                                    ./ZHONX_III/Drivers/CMSIS/Device/ST/STM32F4xx/Source/Templates/gcc/startup_stm32f405xx.o
FSMC_IRQHandler                                   ./ZHONX_III/Drivers/CMSIS/Device/ST/STM32F4xx/Source/Templates/gcc/startup_stm32f405xx.o
Font_3x6                                          ./ZHONX_III/Peripherals/Display/src/smallfonts.o
                                                  ./ZHONX_III/Peripherals/Tests/tests.o
Font_5x8                                          ./ZHONX_III/Peripherals/Display/src/smallfonts.o
                                                  ./ZHONX_III/Enslavements/Straight_Controls/Straight_Controls.o
                                                  ./ZHONX_III/Peripherals/Tests/tests.o
Font_7x8                                          ./ZHONX_III/Peripherals/Display/src/smallfonts.o
Font_8x8                                          ./ZHONX_III/Peripherals/Display/src/smallfonts.o
                                                  ./ZHONX_III/Peripherals/Tests/tests.o
Font_8x8Thin                                      ./ZHONX_III/Peripherals/Display/src/smallfonts.o
GPIO_InitStruct                                   ./ZHONX_III/Enslavements/PID/PID.o
                                                  ./ZHONX_III/Enslavements/Straight_Controls/Straight_Controls.o
                                                  ./ZHONX_III/Peripherals/Gyroscope/ADXRS620.o
                                                  ./ZHONX_III/Peripherals/Telemeters/Telemeters.o
                                                  ./ZHONX_III/Peripherals/Tests/tests.o
                                                  ./ZHONX_III/Peripherals/TimeBase/TimeBase.o
HAL_ADCEx_InjectedConfigChannel                   ./ZHONX_III/Drivers/STM32F4xx_HAL_Driver/Src/stm32f4xx_hal_adc_ex.o
HAL_ADCEx_InjectedConvCpltCallback                ./ZHONX_III/Drivers/STM32F4xx_HAL_Driver/Src/stm32f4xx_hal_adc_ex.o
                                                  ./ZHONX_III/Drivers/STM32F4xx_HAL_Driver/Src/stm32f4xx_hal_adc.o
HAL_ADCEx_InjectedGetValue                        ./ZHONX_III/Drivers/STM32F4xx_HAL_Driver/Src/stm32f4xx_hal_adc_ex.o
HAL_ADCEx_InjectedPollForConversion               ./ZHONX_III/Drivers/STM32F4xx_HAL_Driver/Src/stm32f4xx_hal_adc_ex.o
HAL_ADCEx_InjectedStart                           ./ZHONX_III/Drivers/STM32F4xx_HAL_Driver/Src/stm32f4xx_hal_adc_ex.o
HAL_ADCEx_InjectedStart_IT                        ./ZHONX_III/Drivers/STM32F4xx_HAL_Driver/Src/stm32f4xx_hal_adc_ex.o
HAL_ADCEx_InjectedStop                            ./ZHONX_III/Drivers/STM32F4xx_HAL_Driver/Src/stm32f4xx_hal_adc_ex.o
HAL_ADCEx_InjectedStop_IT                         ./ZHONX_III/Drivers/STM32F4xx_HAL_Driver/Src/stm32f4xx_hal_adc_ex.o
HAL_ADCEx_MultiModeConfigChannel                  ./ZHONX_III/Drivers/STM32F4xx_HAL_Driver/Src/stm32f4xx_hal_adc_ex.o
HAL_ADCEx_MultiModeGetValue                       ./ZHONX_III/Drivers/STM32F4xx_HAL_Driver/Src/stm32f4xx_hal_adc_ex.o
HAL_ADCEx_MultiModeStart_DMA                      ./ZHONX_III/Drivers/STM32F4xx_HAL_Driver/Src/stm32f4xx_hal_adc_ex.o
HAL_ADCEx_MultiModeStop_DMA                       ./ZHONX_III/Drivers/STM32F4xx_HAL_Driver/Src/stm32f4xx_hal_adc_ex.o
HAL_ADC_AnalogWDGConfig                           ./ZHONX_III/Drivers/STM32F4xx_HAL_Driver/Src/stm32f4xx_hal_adc.o
HAL_ADC_ConfigChannel                             ./ZHONX_III/Drivers/STM32F4xx_HAL_Driver/Src/stm32f4xx_hal_adc.o
                                                  ./ZHONX_III/Peripherals/Gyroscope/ADXRS620.o
                                                  ./ZHONX_III/Peripherals/Telemeters/Telemeters.o
                                                  ./ZHONX_III/Peripherals/Tests/tests.o
                                                  ./ZHONX_III/Src/main.o
HAL_ADC_ConvCpltCallback                          ./ZHONX_III/Drivers/STM32F4xx_HAL_Driver/Src/stm32f4xx_hal_adc.o
                                                  ./ZHONX_III/Drivers/STM32F4xx_HAL_Driver/Src/stm32f4xx_hal_adc_ex.o
HAL_ADC_ConvHalfCpltCallback                      ./ZHONX_III/Drivers/STM32F4xx_HAL_Driver/Src/stm32f4xx_hal_adc.o
                                                  ./ZHONX_III/Drivers/STM32F4xx_HAL_Driver/Src/stm32f4xx_hal_adc_ex.o
HAL_ADC_DeInit                                    ./ZHONX_III/Drivers/STM32F4xx_HAL_Driver/Src/stm32f4xx_hal_adc.o
HAL_ADC_ErrorCallback                             ./ZHONX_III/Drivers/STM32F4xx_HAL_Driver/Src/stm32f4xx_hal_adc.o
                                                  ./ZHONX_III/Drivers/STM32F4xx_HAL_Driver/Src/stm32f4xx_hal_adc_ex.o
HAL_ADC_GetError                                  ./ZHONX_III/Drivers/STM32F4xx_HAL_Driver/Src/stm32f4xx_hal_adc.o
HAL_ADC_GetState                                  ./ZHONX_III/Drivers/STM32F4xx_HAL_Driver/Src/stm32f4xx_hal_adc.o
HAL_ADC_GetValue                                  ./ZHONX_III/Drivers/STM32F4xx_HAL_Driver/Src/stm32f4xx_hal_adc.o
                                                  ./ZHONX_III/Peripherals/Gyroscope/ADXRS620.o
HAL_ADC_IRQHandler                                ./ZHONX_III/Drivers/STM32F4xx_HAL_Driver/Src/stm32f4xx_hal_adc.o
HAL_ADC_Init                                      ./ZHONX_III/Drivers/STM32F4xx_HAL_Driver/Src/stm32f4xx_hal_adc.o
                                                  ./ZHONX_III/Src/main.o
HAL_ADC_LevelOutOfWindowCallback                  ./ZHONX_III/Drivers/STM32F4xx_HAL_Driver/Src/stm32f4xx_hal_adc.o
HAL_ADC_MspDeInit                                 ./ZHONX_III/Src/stm32f4xx_hal_msp.o
HAL_ADC_MspInit                                   ./ZHONX_III/Src/stm32f4xx_hal_msp.o
HAL_ADC_PollForConversion                         ./ZHONX_III/Drivers/STM32F4xx_HAL_Driver/Src/stm32f4xx_hal_adc.o
HAL_ADC_PollForEvent                              ./ZHONX_III/Drivers/STM32F4xx_HAL_Driver/Src/stm32f4xx_hal_adc.o
HAL_ADC_Start                                     ./ZHONX_III/Drivers/STM32F4xx_HAL_Driver/Src/stm32f4xx_hal_adc.o
                                                  ./ZHONX_III/Peripherals/Gyroscope/ADXRS620.o
HAL_ADC_Start_DMA                                 ./ZHONX_III/Drivers/STM32F4xx_HAL_Driver/Src/stm32f4xx_hal_adc.o
                                                  ./ZHONX_III/Peripherals/Telemeters/Telemeters.o
                                                  ./ZHONX_III/Peripherals/Tests/tests.o
HAL_ADC_Start_IT                                  ./ZHONX_III/Drivers/STM32F4xx_HAL_Driver/Src/stm32f4xx_hal_adc.o
HAL_ADC_Stop                                      ./ZHONX_III/Drivers/STM32F4xx_HAL_Driver/Src/stm32f4xx_hal_adc.o
HAL_ADC_Stop_DMA                                  ./ZHONX_III/Drivers/STM32F4xx_HAL_Driver/Src/stm32f4xx_hal_adc.o
                                                  ./ZHONX_III/Peripherals/Gyroscope/ADXRS620.o
                                                  ./ZHONX_III/Peripherals/Telemeters/Telemeters.o
                                                  ./ZHONX_III/Peripherals/Tests/tests.o
HAL_ADC_Stop_IT                                   ./ZHONX_III/Drivers/STM32F4xx_HAL_Driver/Src/stm32f4xx_hal_adc.o
HAL_DMAEx_ChangeMemory                            ./ZHONX_III/Drivers/STM32F4xx_HAL_Driver/Src/stm32f4xx_hal_dma_ex.o
HAL_DMAEx_MultiBufferStart                        ./ZHONX_III/Drivers/STM32F4xx_HAL_Driver/Src/stm32f4xx_hal_dma_ex.o
HAL_DMAEx_MultiBufferStart_IT                     ./ZHONX_III/Drivers/STM32F4xx_HAL_Driver/Src/stm32f4xx_hal_dma_ex.o
HAL_DMA_Abort                                     ./ZHONX_III/Drivers/STM32F4xx_HAL_Driver/Src/stm32f4xx_hal_dma.o
                                                  ./ZHONX_III/Drivers/STM32F4xx_HAL_Driver/Src/stm32f4xx_hal_uart.o
                                                  ./ZHONX_III/Drivers/STM32F4xx_HAL_Driver/Src/stm32f4xx_hal_adc_ex.o
                                                  ./ZHONX_III/Drivers/STM32F4xx_HAL_Driver/Src/stm32f4xx_hal_adc.o
HAL_DMA_DeInit                                    ./ZHONX_III/Drivers/STM32F4xx_HAL_Driver/Src/stm32f4xx_hal_dma.o
                                                  ./ZHONX_III/Src/stm32f4xx_hal_msp.o
HAL_DMA_GetError                                  ./ZHONX_III/Drivers/STM32F4xx_HAL_Driver/Src/stm32f4xx_hal_dma.o
HAL_DMA_GetState                                  ./ZHONX_III/Drivers/STM32F4xx_HAL_Driver/Src/stm32f4xx_hal_dma.o
HAL_DMA_IRQHandler                                ./ZHONX_III/Drivers/STM32F4xx_HAL_Driver/Src/stm32f4xx_hal_dma.o
HAL_DMA_Init                                      ./ZHONX_III/Drivers/STM32F4xx_HAL_Driver/Src/stm32f4xx_hal_dma.o
                                                  ./ZHONX_III/Src/stm32f4xx_hal_msp.o
HAL_DMA_PollForTransfer                           ./ZHONX_III/Drivers/STM32F4xx_HAL_Driver/Src/stm32f4xx_hal_dma.o
HAL_DMA_Start                                     ./ZHONX_III/Drivers/STM32F4xx_HAL_Driver/Src/stm32f4xx_hal_dma.o
HAL_DMA_Start_IT                                  ./ZHONX_III/Drivers/STM32F4xx_HAL_Driver/Src/stm32f4xx_hal_dma.o
                                                  ./ZHONX_III/Drivers/STM32F4xx_HAL_Driver/Src/stm32f4xx_hal_uart.o
                                                  ./ZHONX_III/Drivers/STM32F4xx_HAL_Driver/Src/stm32f4xx_hal_tim_ex.o
                                                  ./ZHONX_III/Drivers/STM32F4xx_HAL_Driver/Src/stm32f4xx_hal_tim.o
                                                  ./ZHONX_III/Drivers/STM32F4xx_HAL_Driver/Src/stm32f4xx_hal_i2c.o
                                                  ./ZHONX_III/Drivers/STM32F4xx_HAL_Driver/Src/stm32f4xx_hal_adc_ex.o
                                                  ./ZHONX_III/Drivers/STM32F4xx_HAL_Driver/Src/stm32f4xx_hal_adc.o
HAL_DeInit                                        ./ZHONX_III/Drivers/STM32F4xx_HAL_Driver/Src/stm32f4xx_hal.o
HAL_Delay                                         ./ZHONX_III/Drivers/STM32F4xx_HAL_Driver/Src/stm32f4xx_hal.o
                                                  ./ZHONX_III/Peripherals/Display/src/ssd1306.o
                                                  ./ZHONX_III/Peripherals/Tests/tests.o
HAL_DisableCompensationCell                       ./ZHONX_III/Drivers/STM32F4xx_HAL_Driver/Src/stm32f4xx_hal.o
HAL_DisableDBGSleepMode                           ./ZHONX_III/Drivers/STM32F4xx_HAL_Driver/Src/stm32f4xx_hal.o
HAL_DisableDBGStandbyMode                         ./ZHONX_III/Drivers/STM32F4xx_HAL_Driver/Src/stm32f4xx_hal.o
HAL_DisableDBGStopMode                            ./ZHONX_III/Drivers/STM32F4xx_HAL_Driver/Src/stm32f4xx_hal.o
HAL_EnableCompensationCell                        ./ZHONX_III/Drivers/STM32F4xx_HAL_Driver/Src/stm32f4xx_hal.o
HAL_EnableDBGSleepMode                            ./ZHONX_III/Drivers/STM32F4xx_HAL_Driver/Src/stm32f4xx_hal.o
HAL_EnableDBGStandbyMode                          ./ZHONX_III/Drivers/STM32F4xx_HAL_Driver/Src/stm32f4xx_hal.o
HAL_EnableDBGStopMode                             ./ZHONX_III/Drivers/STM32F4xx_HAL_Driver/Src/stm32f4xx_hal.o
HAL_FLASHEx_Erase                                 ./ZHONX_III/Drivers/STM32F4xx_HAL_Driver/Src/stm32f4xx_hal_flash_ex.o
HAL_FLASHEx_Erase_IT                              ./ZHONX_III/Drivers/STM32F4xx_HAL_Driver/Src/stm32f4xx_hal_flash_ex.o
HAL_FLASHEx_OBGetConfig                           ./ZHONX_III/Drivers/STM32F4xx_HAL_Driver/Src/stm32f4xx_hal_flash_ex.o
HAL_FLASHEx_OBProgram                             ./ZHONX_III/Drivers/STM32F4xx_HAL_Driver/Src/stm32f4xx_hal_flash_ex.o
HAL_FLASH_EndOfOperationCallback                  ./ZHONX_III/Drivers/STM32F4xx_HAL_Driver/Src/stm32f4xx_hal_flash.o
HAL_FLASH_GetError                                ./ZHONX_III/Drivers/STM32F4xx_HAL_Driver/Src/stm32f4xx_hal_flash.o
HAL_FLASH_IRQHandler                              ./ZHONX_III/Drivers/STM32F4xx_HAL_Driver/Src/stm32f4xx_hal_flash.o
HAL_FLASH_Lock                                    ./ZHONX_III/Drivers/STM32F4xx_HAL_Driver/Src/stm32f4xx_hal_flash.o
HAL_FLASH_OB_Launch                               ./ZHONX_III/Drivers/STM32F4xx_HAL_Driver/Src/stm32f4xx_hal_flash.o
HAL_FLASH_OB_Lock                                 ./ZHONX_III/Drivers/STM32F4xx_HAL_Driver/Src/stm32f4xx_hal_flash.o
HAL_FLASH_OB_Unlock                               ./ZHONX_III/Drivers/STM32F4xx_HAL_Driver/Src/stm32f4xx_hal_flash.o
HAL_FLASH_OperationErrorCallback                  ./ZHONX_III/Drivers/STM32F4xx_HAL_Driver/Src/stm32f4xx_hal_flash.o
HAL_FLASH_Program                                 ./ZHONX_III/Drivers/STM32F4xx_HAL_Driver/Src/stm32f4xx_hal_flash.o
HAL_FLASH_Program_IT                              ./ZHONX_III/Drivers/STM32F4xx_HAL_Driver/Src/stm32f4xx_hal_flash.o
HAL_FLASH_Unlock                                  ./ZHONX_III/Drivers/STM32F4xx_HAL_Driver/Src/stm32f4xx_hal_flash.o
HAL_GPIO_DeInit                                   ./ZHONX_III/Drivers/STM32F4xx_HAL_Driver/Src/stm32f4xx_hal_gpio.o
                                                  ./ZHONX_III/Src/stm32f4xx_hal_msp.o
HAL_GPIO_EXTI_Callback                            ./ZHONX_III/Drivers/STM32F4xx_HAL_Driver/Src/stm32f4xx_hal_gpio.o
HAL_GPIO_EXTI_IRQHandler                          ./ZHONX_III/Drivers/STM32F4xx_HAL_Driver/Src/stm32f4xx_hal_gpio.o
HAL_GPIO_Init                                     ./ZHONX_III/Drivers/STM32F4xx_HAL_Driver/Src/stm32f4xx_hal_gpio.o
                                                  ./ZHONX_III/Drivers/STM32F4xx_HAL_Driver/Src/stm32f4xx_hal_rcc.o
                                                  ./ZHONX_III/Peripherals/Tests/tests.o
                                                  ./ZHONX_III/Src/stm32f4xx_hal_msp.o
                                                  ./ZHONX_III/Src/main.o
HAL_GPIO_LockPin                                  ./ZHONX_III/Drivers/STM32F4xx_HAL_Driver/Src/stm32f4xx_hal_gpio.o
HAL_GPIO_ReadPin                                  ./ZHONX_III/Drivers/STM32F4xx_HAL_Driver/Src/stm32f4xx_hal_gpio.o
HAL_GPIO_TogglePin                                ./ZHONX_III/Drivers/STM32F4xx_HAL_Driver/Src/stm32f4xx_hal_gpio.o
HAL_GPIO_WritePin                                 ./ZHONX_III/Drivers/STM32F4xx_HAL_Driver/Src/stm32f4xx_hal_gpio.o
                                                  ./ZHONX_III/Enslavements/Straight_Controls/Straight_Controls.o
                                                  ./ZHONX_III/Peripherals/Display/src/ssd1306.o
                                                  ./ZHONX_III/Peripherals/Expander/PCF8574.o
                                                  ./ZHONX_III/Peripherals/Telemeters/Telemeters.o