Archive member included because of file (symbol)

c:/eclipse-arm/gcc-4_8-2014/bin/../lib/gcc/arm-none-eabi/4.8.4/armv7e-m/fpu\libgcc.a(_arm_addsubdf3.o)
                              ./ZHONX_III/Peripherals/Gyroscope/ADXRS620.o (__aeabi_dsub)
c:/eclipse-arm/gcc-4_8-2014/bin/../lib/gcc/arm-none-eabi/4.8.4/armv7e-m/fpu\libgcc.a(_arm_muldivdf3.o)
                              ./ZHONX_III/Peripherals/Gyroscope/ADXRS620.o (__aeabi_dmul)
c:/eclipse-arm/gcc-4_8-2014/bin/../lib/gcc/arm-none-eabi/4.8.4/armv7e-m/fpu\libgcc.a(_arm_fixdfsi.o)
                              ./ZHONX_III/Peripherals/Gyroscope/ADXRS620.o (__aeabi_d2iz)
c:/eclipse-arm/gcc-4_8-2014/bin/../lib/gcc/arm-none-eabi/4.8.4/armv7e-m/fpu\libgcc.a(_arm_truncdfsf2.o)
                              ./ZHONX_III/Peripherals/Gyroscope/ADXRS620.o (__aeabi_d2f)
c:/eclipse-arm/gcc-4_8-2014/bin/../lib/gcc/arm-none-eabi/4.8.4/../../../../arm-none-eabi/lib/armv7e-m/fpu\libg.a(lib_a-exit.o)
                              c:/eclipse-arm/gcc-4_8-2014/bin/../lib/gcc/arm-none-eabi/4.8.4/../../../../arm-none-eabi/lib/armv7e-m/fpu/crt0.o (exit)
c:/eclipse-arm/gcc-4_8-2014/bin/../lib/gcc/arm-none-eabi/4.8.4/../../../../arm-none-eabi/lib/armv7e-m/fpu\libg.a(lib_a-impure.o)
                              c:/eclipse-arm/gcc-4_8-2014/bin/../lib/gcc/arm-none-eabi/4.8.4/../../../../arm-none-eabi/lib/armv7e-m/fpu\libg.a(lib_a-exit.o) (_global_impure_ptr)
c:/eclipse-arm/gcc-4_8-2014/bin/../lib/gcc/arm-none-eabi/4.8.4/../../../../arm-none-eabi/lib/armv7e-m/fpu\libg.a(lib_a-init.o)
                              c:/eclipse-arm/gcc-4_8-2014/bin/../lib/gcc/arm-none-eabi/4.8.4/../../../../arm-none-eabi/lib/armv7e-m/fpu/crt0.o (__libc_init_array)
c:/eclipse-arm/gcc-4_8-2014/bin/../lib/gcc/arm-none-eabi/4.8.4/../../../../arm-none-eabi/lib/armv7e-m/fpu\libg.a(lib_a-memset.o)
                              c:/eclipse-arm/gcc-4_8-2014/bin/../lib/gcc/arm-none-eabi/4.8.4/../../../../arm-none-eabi/lib/armv7e-m/fpu/crt0.o (memset)
c:/eclipse-arm/gcc-4_8-2014/bin/../lib/gcc/arm-none-eabi/4.8.4/../../../../arm-none-eabi/lib/armv7e-m/fpu\libg.a(lib_a-reent.o)
                              ./ZHONX_III/Src/syscalls.o (errno)
c:/eclipse-arm/gcc-4_8-2014/bin/../lib/gcc/arm-none-eabi/4.8.4/../../../../arm-none-eabi/lib/armv7e-m/fpu\libg.a(lib_a-sprintf.o)
                              ./ZHONX_III/Peripherals/Display/src/ssd1306.o (sprintf)
c:/eclipse-arm/gcc-4_8-2014/bin/../lib/gcc/arm-none-eabi/4.8.4/../../../../arm-none-eabi/lib/armv7e-m/fpu\libg.a(lib_a-strlen.o)
                              ./ZHONX_III/Src/itoa.o (strlen)
c:/eclipse-arm/gcc-4_8-2014/bin/../lib/gcc/arm-none-eabi/4.8.4/../../../../arm-none-eabi/lib/armv7e-m/fpu\libg.a(lib_a-svfprintf.o)
                              c:/eclipse-arm/gcc-4_8-2014/bin/../lib/gcc/arm-none-eabi/4.8.4/../../../../arm-none-eabi/lib/armv7e-m/fpu\libg.a(lib_a-sprintf.o) (_svfprintf_r)
c:/eclipse-arm/gcc-4_8-2014/bin/../lib/gcc/arm-none-eabi/4.8.4/../../../../arm-none-eabi/lib/armv7e-m/fpu\libg.a(lib_a-__call_atexit.o)
                              c:/eclipse-arm/gcc-4_8-2014/bin/../lib/gcc/arm-none-eabi/4.8.4/../../../../arm-none-eabi/lib/armv7e-m/fpu\libg.a(lib_a-exit.o) (__call_exitprocs)
c:/eclipse-arm/gcc-4_8-2014/bin/../lib/gcc/arm-none-eabi/4.8.4/../../../../arm-none-eabi/lib/armv7e-m/fpu\libg.a(lib_a-atexit.o)
                              c:/eclipse-arm/gcc-4_8-2014/bin/../lib/gcc/arm-none-eabi/4.8.4/../../../../arm-none-eabi/lib/armv7e-m/fpu\libg.a(lib_a-__call_atexit.o) (atexit)
c:/eclipse-arm/gcc-4_8-2014/bin/../lib/gcc/arm-none-eabi/4.8.4/../../../../arm-none-eabi/lib/armv7e-m/fpu\libg.a(lib_a-dtoa.o)
                              c:/eclipse-arm/gcc-4_8-2014/bin/../lib/gcc/arm-none-eabi/4.8.4/../../../../arm-none-eabi/lib/armv7e-m/fpu\libg.a(lib_a-svfprintf.o) (_dtoa_r)
c:/eclipse-arm/gcc-4_8-2014/bin/../lib/gcc/arm-none-eabi/4.8.4/../../../../arm-none-eabi/lib/armv7e-m/fpu\libg.a(lib_a-fini.o)
                              c:/eclipse-arm/gcc-4_8-2014/bin/../lib/gcc/arm-none-eabi/4.8.4/../../../../arm-none-eabi/lib/armv7e-m/fpu\libg.a(lib_a-__call_atexit.o) (__libc_fini_array)
c:/eclipse-arm/gcc-4_8-2014/bin/../lib/gcc/arm-none-eabi/4.8.4/../../../../arm-none-eabi/lib/armv7e-m/fpu\libg.a(lib_a-freer.o)
                              c:/eclipse-arm/gcc-4_8-2014/bin/../lib/gcc/arm-none-eabi/4.8.4/../../../../arm-none-eabi/lib/armv7e-m/fpu\libg.a(lib_a-reent.o) (_free_r)
c:/eclipse-arm/gcc-4_8-2014/bin/../lib/gcc/arm-none-eabi/4.8.4/../../../../arm-none-eabi/lib/armv7e-m/fpu\libg.a(lib_a-locale.o)
                              c:/eclipse-arm/gcc-4_8-2014/bin/../lib/gcc/arm-none-eabi/4.8.4/../../../../arm-none-eabi/lib/armv7e-m/fpu\libg.a(lib_a-svfprintf.o) (_localeconv_r)
c:/eclipse-arm/gcc-4_8-2014/bin/../lib/gcc/arm-none-eabi/4.8.4/../../../../arm-none-eabi/lib/armv7e-m/fpu\libg.a(lib_a-mallocr.o)
[...]
Memory Configuration

Name             Origin             Length             Attributes
FLASH            0x08000000         0x00100000         xr
RAM              0x20000000         0x00020000         xrw
CCMRAM           0x10000000         0x00010000         rw
*default*        0x00000000         0xffffffff

Linker script and memory map

LOAD c:/eclipse-arm/gcc-4_8-2014/bin/../lib/gcc/arm-none-eabi/4.8.4/armv7e-m/fpu/crti.o
LOAD c:/eclipse-arm/gcc-4_8-2014/bin/../lib/gcc/arm-none-eabi/4.8.4/armv7e-m/fpu/crtbegin.o
LOAD c:/eclipse-arm/gcc-4_8-2014/bin/../lib/gcc/arm-none-eabi/4.8.4/../../../../arm-none-eabi/lib/armv7e-m/fpu/crt0.o
LOAD ./ZHONX_III/TimesBase/TimesBase.o
LOAD ./ZHONX_III/Src/itoa.o
LOAD ./ZHONX_III/Src/main.o
LOAD ./ZHONX_III/Src/stm32f4xx_hal_msp.o
LOAD ./ZHONX_III/Src/stm32f4xx_it.o
LOAD ./ZHONX_III/Src/syscalls.o
LOAD ./ZHONX_III/Src/user_it_callback.o
LOAD ./ZHONX_III/Peripherals/Tests/tests.o
LOAD ./ZHONX_III/Peripherals/Telemeters/Telemeters.o
LOAD ./ZHONX_III/Peripherals/Gyroscope/ADXRS620.o
LOAD ./ZHONX_III/Peripherals/Expander/PCF8574.o
LOAD ./ZHONX_III/Peripherals/Encoders/IE512.o
LOAD ./ZHONX_III/Peripherals/Display/src/smallfonts.o
LOAD ./ZHONX_III/Peripherals/Display/src/ssd1306.o
LOAD ./ZHONX_III/Peripherals/Bluetooth/Bluetooth.o
LOAD ./ZHONX_III/Enslavements/Straight_Controls/Straight_Controls.o
LOAD ./ZHONX_III/Enslavements/PID/PID.o
LOAD ./ZHONX_III/Drivers/STM32F4xx_HAL_Driver/Src/stm32f4xx_hal.o
LOAD ./ZHONX_III/Drivers/STM32F4xx_HAL_Driver/Src/stm32f4xx_hal_adc.o
LOAD ./ZHONX_III/Drivers/STM32F4xx_HAL_Driver/Src/stm32f4xx_hal_adc_ex.o
LOAD ./ZHONX_III/Drivers/STM32F4xx_HAL_Driver/Src/stm32f4xx_hal_cortex.o
LOAD ./ZHONX_III/Drivers/STM32F4xx_HAL_Driver/Src/stm32f4xx_hal_dma.o
LOAD ./ZHONX_III/Drivers/STM32F4xx_HAL_Driver/Src/stm32f4xx_hal_dma_ex.o
LOAD ./ZHONX_III/Drivers/STM32F4xx_HAL_Driver/Src/stm32f4xx_hal_flash.o
LOAD ./ZHONX_III/Drivers/STM32F4xx_HAL_Driver/Src/stm32f4xx_hal_flash_ex.o
LOAD ./ZHONX_III/Drivers/STM32F4xx_HAL_Driver/Src/stm32f4xx_hal_flash_ramfunc.o
LOAD ./ZHONX_III/Drivers/STM32F4xx_HAL_Driver/Src/stm32f4xx_hal_gpio.o
LOAD ./ZHONX_III/Drivers/STM32F4xx_HAL_Driver/Src/stm32f4xx_hal_i2c.o
LOAD ./ZHONX_III/Drivers/STM32F4xx_HAL_Driver/Src/stm32f4xx_hal_i2c_ex.o
LOAD ./ZHONX_III/Drivers/STM32F4xx_HAL_Driver/Src/stm32f4xx_hal_pwr.o
LOAD ./ZHONX_III/Drivers/STM32F4xx_HAL_Driver/Src/stm32f4xx_hal_pwr_ex.o
LOAD ./ZHONX_III/Drivers/STM32F4xx_HAL_Driver/Src/stm32f4xx_hal_rcc.o
LOAD ./ZHONX_III/Drivers/STM32F4xx_HAL_Driver/Src/stm32f4xx_hal_rcc_ex.o
LOAD ./ZHONX_III/Drivers/STM32F4xx_HAL_Driver/Src/stm32f4xx_hal_tim.o
LOAD ./ZHONX_III/Drivers/STM32F4xx_HAL_Driver/Src/stm32f4xx_hal_tim_ex.o
LOAD ./ZHONX_III/Drivers/STM32F4xx_HAL_Driver/Src/stm32f4xx_hal_uart.o
LOAD ./ZHONX_III/Drivers/CMSIS/Device/ST/STM32F4xx/Source/Templates/gcc/startup_stm32f405xx.o
LOAD ./ZHONX_III/Drivers/CMSIS/Device/ST/STM32F4xx/Source/Templates/system_stm32f4xx.o
LOAD ./ZHONX_III/DSP_lib/ControllerFunctions/arm_pid_init_f32.o
LOAD ./ZHONX_III/DSP_lib/ControllerFunctions/arm_pid_init_q15.o
LOAD ./ZHONX_III/DSP_lib/ControllerFunctions/arm_pid_init_q31.o
LOAD ./ZHONX_III/DSP_lib/ControllerFunctions/arm_pid_reset_f32.o
LOAD ./ZHONX_III/DSP_lib/ControllerFunctions/arm_pid_reset_q15.o
LOAD ./ZHONX_III/DSP_lib/ControllerFunctions/arm_pid_reset_q31.o
LOAD ./ZHONX_III/DSP_lib/ControllerFunctions/arm_sin_cos_f32.o
LOAD ./ZHONX_III/DSP_lib/ControllerFunctions/arm_sin_cos_q31.o
START GROUP
LOAD c:/eclipse-arm/gcc-4_8-2014/bin/../lib/gcc/arm-none-eabi/4.8.4/armv7e-m/fpu\libgcc.a
LOAD c:/eclipse-arm/gcc-4_8-2014/bin/../lib/gcc/arm-none-eabi/4.8.4/../../../../arm-none-eabi/lib/armv7e-m/fpu\libg.a
LOAD c:/eclipse-arm/gcc-4_8-2014/bin/../lib/gcc/arm-none-eabi/4.8.4/../../../../arm-none-eabi/lib/armv7e-m/fpu\libc.a
END GROUP
LOAD c:/eclipse-arm/gcc-4_8-2014/bin/../lib/gcc/arm-none-eabi/4.8.4/armv7e-m/fpu/crtend.o
LOAD c:/eclipse-arm/gcc-4_8-2014/bin/../lib/gcc/arm-none-eabi/4.8.4/armv7e-m/fpu/crtn.o
                0x2001ffff                _estack = 0x2001ffff
                0x00000000                _Min_Heap_Size = 0x0
                0x00000400                _Min_Stack_Size = 0x400

.isr_vector     0x08000000      0x188
                0x08000000                . = ALIGN (0x4)
 *(.isr_vector)
 .isr_vector    0x08000000      0x188 ./ZHONX_III/Drivers/CMSIS/Device/ST/STM32F4xx/Source/Templates/gcc/startup_stm32f405xx.o
                0x08000000                g_pfnVectors
                0x08000188                . = ALIGN (0x4)

.text           0x08000188     0xe048
                0x08000188                . = ALIGN (0x4)
 *(.text)
 .text          0x08000188       0x54 c:/eclipse-arm/gcc-4_8-2014/bin/../lib/gcc/arm-none-eabi/4.8.4/armv7e-m/fpu/crtbegin.o
 .text          0x080001dc      0x370 c:/eclipse-arm/gcc-4_8-2014/bin/../lib/gcc/arm-none-eabi/4.8.4/armv7e-m/fpu\libgcc.a(_arm_addsubdf3.o)
                0x080001dc                __aeabi_drsub
                0x080001e4                __aeabi_dsub
                0x080001e4                __subdf3
                0x080001e8                __aeabi_dadd
                0x080001e8                __adddf3
                0x08000460                __floatunsidf
                0x08000460                __aeabi_ui2d
                0x08000480                __floatsidf
                0x08000480                __aeabi_i2d
                0x080004a4                __aeabi_f2d
                0x080004a4                __extendsfdf2
                0x080004e0                __floatundidf
                0x080004e0                __aeabi_ul2d
                0x080004f0                __floatdidf
                0x080004f0                __aeabi_l2d
 .text          0x0800054c      0x424 c:/eclipse-arm/gcc-4_8-2014/bin/../lib/gcc/arm-none-eabi/4.8.4/armv7e-m/fpu\libgcc.a(_arm_muldivdf3.o)
                0x0800054c                __aeabi_dmul
                0x0800054c                __muldf3
                0x080007a0                __divdf3
                0x080007a0                __aeabi_ddiv
 .text          0x08000970       0x50 c:/eclipse-arm/gcc-4_8-2014/bin/../lib/gcc/arm-none-eabi/4.8.4/armv7e-m/fpu\libgcc.a(_arm_fixdfsi.o)
                0x08000970                __aeabi_d2iz
                0x08000970                __fixdfsi
 .text          0x080009c0       0xa0 c:/eclipse-arm/gcc-4_8-2014/bin/../lib/gcc/arm-none-eabi/4.8.4/armv7e-m/fpu\libgcc.a(_arm_truncdfsf2.o)
                0x080009c0                __truncdfsf2
                0x080009c0                __aeabi_d2f
 .text          0x08000a60      0x134 c:/eclipse-arm/gcc-4_8-2014/bin/../lib/gcc/arm-none-eabi/4.8.4/../../../../arm-none-eabi/lib/armv7e-m/fpu\libg.a(lib_a-memcpy.o)
                0x08000a60                memcpy
 .text          0x08000b94      0x110 c:/eclipse-arm/gcc-4_8-2014/bin/../lib/gcc/arm-none-eabi/4.8.4/armv7e-m/fpu\libgcc.a(_arm_cmpdf2.o)
                0x08000b94                __gtdf2
                0x08000b94                __gedf2
                0x08000b9c                __ltdf2
                0x08000b9c                __ledf2
                0x08000ba4                __nedf2
                0x08000ba4                __eqdf2
                0x08000ba4                __cmpdf2
                0x08000c20                __aeabi_cdrcmple
                0x08000c30                __aeabi_cdcmpeq
                0x08000c30                __aeabi_cdcmple
                0x08000c40                __aeabi_dcmpeq
                0x08000c54                __aeabi_dcmplt
                0x08000c68                __aeabi_dcmple
                0x08000c7c                __aeabi_dcmpge
                0x08000c90                __aeabi_dcmpgt
 .text          0x08000ca4       0x2c c:/eclipse-arm/gcc-4_8-2014/bin/../lib/gcc/arm-none-eabi/4.8.4/armv7e-m/fpu\libgcc.a(_aeabi_uldivmod.o)
                0x08000ca4                __aeabi_uldivmod
 .text          0x08000cd0       0x60 c:/eclipse-arm/gcc-4_8-2014/bin/../lib/gcc/arm-none-eabi/4.8.4/armv7e-m/fpu\libgcc.a(bpabi.o)
                0x08000cd0                __gnu_ldivmod_helper
                0x08000d00                __gnu_uldivmod_helper
 .text          0x08000d30        0x4 c:/eclipse-arm/gcc-4_8-2014/bin/../lib/gcc/arm-none-eabi/4.8.4/armv7e-m/fpu\libgcc.a(_dvmd_tls.o)
                0x08000d30                __aeabi_idiv0
                0x08000d30                __aeabi_ldiv0
 .text          0x08000d34      0x298 c:/eclipse-arm/gcc-4_8-2014/bin/../lib/gcc/arm-none-eabi/4.8.4/armv7e-m/fpu\libgcc.a(_divdi3.o)
                0x08000d34                __divdi3
 .text          0x08000fcc      0x284 c:/eclipse-arm/gcc-4_8-2014/bin/../lib/gcc/arm-none-eabi/4.8.4/armv7e-m/fpu\libgcc.a(_udivdi3.o)
                0x08000fcc                __udivdi3
 *(.text*)
 .text.TimesBase_Init
                0x08001250       0xbc ./ZHONX_III/TimesBase/TimesBase.o
                0x08001250                TimesBase_Init
 .text.Led_Power_Blink
                0x0800130c       0x50 ./ZHONX_III/TimesBase/TimesBase.o
                0x0800130c                Led_Power_Blink
 .text.Led_Blink_IT
                0x0800135c       0x94 ./ZHONX_III/TimesBase/TimesBase.o
                0x0800135c                Led_Blink_IT
 .text.High_Freq_IT
                0x080013f0       0x10 ./ZHONX_III/TimesBase/TimesBase.o
                0x080013f0                High_Freq_IT
 .text.Low_Freq_IT
                0x08001400        0xc ./ZHONX_III/TimesBase/TimesBase.o
                0x08001400                Low_Freq_IT
 .text.main     0x0800140c       0x90 ./ZHONX_III/Src/main.o
                0x0800140c                main
 .text.SystemClock_Config
                0x0800149c       0x80 ./ZHONX_III/Src/main.o
                0x0800149c                SystemClock_Config
 .text.MX_ADC1_Init
                0x0800151c       0x78 ./ZHONX_III/Src/main.o
 .text.MX_I2C1_Init
                0x08001594       0x54 ./ZHONX_III/Src/main.o
 .text.MX_TIM1_Init
                0x080015e8       0x7c ./ZHONX_III/Src/main.o
 .text.MX_TIM3_Init
                0x08001664       0x78 ./ZHONX_III/Src/main.o
 .text.MX_TIM4_Init
                0x080016dc       0x6c ./ZHONX_III/Src/main.o
 .text.MX_TIM6_Init
                0x08001748       0x48 ./ZHONX_III/Src/main.o
 .text.MX_TIM7_Init
                0x08001790       0x48 ./ZHONX_III/Src/main.o
 .text.MX_TIM8_Init
                0x080017d8       0xc8 ./ZHONX_III/Src/main.o
 .text.MX_TIM10_Init
                0x080018a0       0x34 ./ZHONX_III/Src/main.o
 .text.MX_USART3_UART_Init
                0x080018d4       0x48 ./ZHONX_III/Src/main.o
 .text.MX_DMA_Init
                0x0800191c       0x50 ./ZHONX_III/Src/main.o
 .text.MX_GPIO_Init
                0x0800196c      0x140 ./ZHONX_III/Src/main.o
 .text.HAL_ADC_MspInit
                0x08001aac       0xc4 ./ZHONX_III/Src/stm32f4xx_hal_msp.o
                0x08001aac                HAL_ADC_MspInit
 .text.HAL_I2C_MspInit
                0x08001b70      0x134 ./ZHONX_III/Src/stm32f4xx_hal_msp.o
                0x08001b70                HAL_I2C_MspInit
 .text.HAL_TIM_Encoder_MspInit
                0x08001ca4       0xc0 ./ZHONX_III/Src/stm32f4xx_hal_msp.o
                0x08001ca4                HAL_TIM_Encoder_MspInit
 .text.HAL_TIM_PWM_MspInit
                0x08001d64       0x54 ./ZHONX_III/Src/stm32f4xx_hal_msp.o
                0x08001d64                HAL_TIM_PWM_MspInit
 .text.HAL_TIM_Base_MspInit
                0x08001db8       0xe8 ./ZHONX_III/Src/stm32f4xx_hal_msp.o
                0x08001db8                HAL_TIM_Base_MspInit
 .text.HAL_UART_MspInit
                0x08001ea0       0x54 ./ZHONX_III/Src/stm32f4xx_hal_msp.o
                0x08001ea0                HAL_UART_MspInit
 .text.DMA1_Stream6_IRQHandler
                0x08001ef4       0x18 ./ZHONX_III/Src/stm32f4xx_it.o
                0x08001ef4                DMA1_Stream6_IRQHandler
 .text.TIM6_DAC_IRQHandler
                0x08001f0c       0x18 ./ZHONX_III/Src/stm32f4xx_it.o
                0x08001f0c                TIM6_DAC_IRQHandler
 .text.SysTick_Handler
                0x08001f24       0x10 ./ZHONX_III/Src/stm32f4xx_it.o
                0x08001f24                SysTick_Handler
 .text.TIM7_IRQHandler
                0x08001f34       0x18 ./ZHONX_III/Src/stm32f4xx_it.o
                0x08001f34                TIM7_IRQHandler
 .text.I2C1_ER_IRQHandler
                0x08001f4c       0x18 ./ZHONX_III/Src/stm32f4xx_it.o
                0x08001f4c                I2C1_ER_IRQHandler
 .text.I2C1_EV_IRQHandler
                0x08001f64       0x18 ./ZHONX_III/Src/stm32f4xx_it.o
                0x08001f64                I2C1_EV_IRQHandler
 .text.DMA1_Stream5_IRQHandler
                0x08001f7c       0x18 ./ZHONX_III/Src/stm32f4xx_it.o
                0x08001f7c                DMA1_Stream5_IRQHandler
 .text.TIM1_UP_TIM10_IRQHandler
                0x08001f94       0x20 ./ZHONX_III/Src/stm32f4xx_it.o
                0x08001f94                TIM1_UP_TIM10_IRQHandler
 .text.TIM3_IRQHandler
                0x08001fb4       0x18 ./ZHONX_III/Src/stm32f4xx_it.o
                0x08001fb4                TIM3_IRQHandler
 .text._sbrk    0x08001fcc       0x5c ./ZHONX_III/Src/syscalls.o
                0x08001fcc                _sbrk
 .text.HAL_TIM_PeriodElapsedCallback
                0x08002028       0x60 ./ZHONX_III/Src/user_it_callback.o
                0x08002028                HAL_TIM_PeriodElapsedCallback
 .text.test_Encoders
                0x08002088       0xe4 ./ZHONX_III/Peripherals/Tests/tests.o
                0x08002088                test_Encoders
 .text.test_Beeper
                0x0800216c       0x3c ./ZHONX_III/Peripherals/Tests/tests.o
                0x0800216c                test_Beeper
 .text.test_Telemeters
                0x080021a8       0x88 ./ZHONX_III/Peripherals/Tests/tests.o
                0x080021a8                test_Telemeters
 .text.Telemeters_Init
                0x08002230       0x88 ./ZHONX_III/Peripherals/Telemeters/Telemeters.o
                0x08002230                Telemeters_Init
 .text.Telemeters_IT
                0x080022b8      0x1b8 ./ZHONX_III/Peripherals/Telemeters/Telemeters.o
                0x080022b8                Telemeters_IT
 .text.ADXRS620_Init
                0x08002470       0x50 ./ZHONX_III/Peripherals/Gyroscope/ADXRS620.o
                0x08002470                ADXRS620_Init
 .text.ADXRS620_Calibrate
                0x080024c0       0x88 ./ZHONX_III/Peripherals/Gyroscope/ADXRS620.o
                0x080024c0                ADXRS620_Calibrate
 .text.ADXRS620_IT
                0x08002548       0x68 ./ZHONX_III/Peripherals/Gyroscope/ADXRS620.o
                0x08002548                ADXRS620_IT
 .text.Debug_ADXRS620
                0x080025b0       0xb8 ./ZHONX_III/Peripherals/Gyroscope/ADXRS620.o
                0x080025b0                Debug_ADXRS620
 .text.sendData
                0x08002668       0x24 ./ZHONX_III/Peripherals/Expander/PCF8574.o
 .text.getData  0x0800268c       0x34 ./ZHONX_III/Peripherals/Expander/PCF8574.o
 .text.ExpanderSetbit
                0x080026c0       0x64 ./ZHONX_III/Peripherals/Expander/PCF8574.o
                0x080026c0                ExpanderSetbit
 .text.Encoders_Init
                0x08002724       0xfc ./ZHONX_III/Peripherals/Encoders/IE512.o
                0x08002724                Encoders_Init
 .text.Left_Encoder_IT
                0x08002820       0x48 ./ZHONX_III/Peripherals/Encoders/IE512.o
                0x08002820                Left_Encoder_IT
 .text.Right_Encoder_IT
                0x08002868       0x48 ./ZHONX_III/Peripherals/Encoders/IE512.o
                0x08002868                Right_Encoder_IT
 .text.CMD      0x080028b0       0x30 ./ZHONX_III/Peripherals/Display/src/ssd1306.o
 .text.DATA     0x080028e0       0x30 ./ZHONX_III/Peripherals/Display/src/ssd1306.o
 .text.ssd1306DrawChar
                0x08002910      0x15c ./ZHONX_III/Peripherals/Display/src/ssd1306.o
 .text.ssd1306Init
                0x08002a6c      0x108 ./ZHONX_III/Peripherals/Display/src/ssd1306.o
                0x08002a6c                ssd1306Init
 .text.ssd1306DrawPixel
                0x08002b74       0x60 ./ZHONX_III/Peripherals/Display/src/ssd1306.o
                0x08002b74                ssd1306DrawPixel
 .text.ssd1306ClearScreen
                0x08002bd4       0x18 ./ZHONX_III/Peripherals/Display/src/ssd1306.o
                0x08002bd4                ssd1306ClearScreen
 .text.ssd1306Refresh
                0x08002bec       0x44 ./ZHONX_III/Peripherals/Display/src/ssd1306.o
                0x08002bec                ssd1306Refresh
 .text.ssd1306DrawString
                0x08002c30       0x58 ./ZHONX_III/Peripherals/Display/src/ssd1306.o
                0x08002c30                ssd1306DrawString
 .text.ssd1306PrintInt
                0x08002c88       0x60 ./ZHONX_III/Peripherals/Display/src/ssd1306.o
                0x08002c88                ssd1306PrintInt
 .text.Straight_Control_Start
                0x08002ce8       0x7c ./ZHONX_III/Enslavements/Straight_Controls/Straight_Controls.o
                0x08002ce8                Straight_Control_Start
 .text.Pwm_Init
                0x08002d64      0x124 ./ZHONX_III/Enslavements/Straight_Controls/Straight_Controls.o
                0x08002d64                Pwm_Init
 .text.Straight_Control_IT
                0x08002e88       0xbc ./ZHONX_III/Enslavements/Straight_Controls/Straight_Controls.o
                0x08002e88                Straight_Control_IT
 .text.arm_pid_f32
                0x08002f44       0x78 ./ZHONX_III/Enslavements/PID/PID.o
 .text.Pid_Init
                0x08002fbc       0x18 ./ZHONX_III/Enslavements/PID/PID.o
                0x08002fbc                Pid_Init
 .text.Pid      0x08002fd4       0x24 ./ZHONX_III/Enslavements/PID/PID.o
                0x08002fd4                Pid
 .text.Pids_IT  0x08002ff8        0xc ./ZHONX_III/Enslavements/PID/PID.o
                0x08002ff8                Pids_IT
 .text.HAL_Init
                0x08003004       0x44 ./ZHONX_III/Drivers/STM32F4xx_HAL_Driver/Src/stm32f4xx_hal.o
                0x08003004                HAL_Init
 .text.HAL_MspInit
                0x08003048        0xc ./ZHONX_III/Drivers/STM32F4xx_HAL_Driver/Src/stm32f4xx_hal.o
                0x08003048                HAL_MspInit
 .text.HAL_InitTick
                0x08003054       0x38 ./ZHONX_III/Drivers/STM32F4xx_HAL_Driver/Src/stm32f4xx_hal.o
                0x08003054                HAL_InitTick
 .text.HAL_IncTick
                0x0800308c       0x1c ./ZHONX_III/Drivers/STM32F4xx_HAL_Driver/Src/stm32f4xx_hal.o
                0x0800308c                HAL_IncTick
 .text.HAL_GetTick
                0x080030a8       0x18 ./ZHONX_III/Drivers/STM32F4xx_HAL_Driver/Src/stm32f4xx_hal.o
                0x080030a8                HAL_GetTick
 .text.HAL_Delay
                0x080030c0       0x2c ./ZHONX_III/Drivers/STM32F4xx_HAL_Driver/Src/stm32f4xx_hal.o
                0x080030c0                HAL_Delay
 .text.HAL_ADC_Init
                0x080030ec       0x54 ./ZHONX_III/Drivers/STM32F4xx_HAL_Driver/Src/stm32f4xx_hal_adc.o
                0x080030ec                HAL_ADC_Init
 .text.HAL_ADC_Start
                0x08003140       0xd8 ./ZHONX_III/Drivers/STM32F4xx_HAL_Driver/Src/stm32f4xx_hal_adc.o
                0x08003140                HAL_ADC_Start
 .text.HAL_ADC_Start_DMA
                0x08003218       0xe8 ./ZHONX_III/Drivers/STM32F4xx_HAL_Driver/Src/stm32f4xx_hal_adc.o
                0x08003218                HAL_ADC_Start_DMA
 .text.HAL_ADC_Stop_DMA
                0x08003300       0x54 ./ZHONX_III/Drivers/STM32F4xx_HAL_Driver/Src/stm32f4xx_hal_adc.o
                0x08003300                HAL_ADC_Stop_DMA
 .text.HAL_ADC_ConvCpltCallback
                0x08003354       0x14 ./ZHONX_III/Drivers/STM32F4xx_HAL_Driver/Src/stm32f4xx_hal_adc.o
                0x08003354                HAL_ADC_ConvCpltCallback
 .text.HAL_ADC_ConvHalfCpltCallback
                0x08003368       0x14 ./ZHONX_III/Drivers/STM32F4xx_HAL_Driver/Src/stm32f4xx_hal_adc.o
                0x08003368                HAL_ADC_ConvHalfCpltCallback
 .text.HAL_ADC_ErrorCallback
                0x0800337c       0x14 ./ZHONX_III/Drivers/STM32F4xx_HAL_Driver/Src/stm32f4xx_hal_adc.o
                0x0800337c                HAL_ADC_ErrorCallback
 .text.HAL_ADC_ConfigChannel
                0x08003390      0x1f0 ./ZHONX_III/Drivers/STM32F4xx_HAL_Driver/Src/stm32f4xx_hal_adc.o
                0x08003390                HAL_ADC_ConfigChannel
 .text.ADC_Init
                0x08003580      0x1c0 ./ZHONX_III/Drivers/STM32F4xx_HAL_Driver/Src/stm32f4xx_hal_adc.o
 .text.ADC_DMAConvCplt
                0x08003740       0x38 ./ZHONX_III/Drivers/STM32F4xx_HAL_Driver/Src/stm32f4xx_hal_adc.o
 .text.ADC_DMAHalfConvCplt
                0x08003778       0x1c ./ZHONX_III/Drivers/STM32F4xx_HAL_Driver/Src/stm32f4xx_hal_adc.o
 .text.ADC_DMAError
                0x08003794       0x30 ./ZHONX_III/Drivers/STM32F4xx_HAL_Driver/Src/stm32f4xx_hal_adc.o
 .text.NVIC_SetPriorityGrouping
                0x080037c4       0x48 ./ZHONX_III/Drivers/STM32F4xx_HAL_Driver/Src/stm32f4xx_hal_cortex.o
 .text.NVIC_GetPriorityGrouping
                0x0800380c       0x1c ./ZHONX_III/Drivers/STM32F4xx_HAL_Driver/Src/stm32f4xx_hal_cortex.o
 .text.NVIC_EnableIRQ
                0x08003828       0x30 ./ZHONX_III/Drivers/STM32F4xx_HAL_Driver/Src/stm32f4xx_hal_cortex.o
 .text.NVIC_ClearPendingIRQ
                0x08003858       0x34 ./ZHONX_III/Drivers/STM32F4xx_HAL_Driver/Src/stm32f4xx_hal_cortex.o
 .text.NVIC_SetPriority
                0x0800388c       0x54 ./ZHONX_III/Drivers/STM32F4xx_HAL_Driver/Src/stm32f4xx_hal_cortex.o
 .text.NVIC_EncodePriority
                0x080038e0       0x68 ./ZHONX_III/Drivers/STM32F4xx_HAL_Driver/Src/stm32f4xx_hal_cortex.o
 .text.SysTick_Config
                0x08003948       0x44 ./ZHONX_III/Drivers/STM32F4xx_HAL_Driver/Src/stm32f4xx_hal_cortex.o
 .text.HAL_NVIC_SetPriorityGrouping
                0x0800398c       0x14 ./ZHONX_III/Drivers/STM32F4xx_HAL_Driver/Src/stm32f4xx_hal_cortex.o
                0x0800398c                HAL_NVIC_SetPriorityGrouping
 .text.HAL_NVIC_SetPriority
                0x080039a0       0x38 ./ZHONX_III/Drivers/STM32F4xx_HAL_Driver/Src/stm32f4xx_hal_cortex.o
                0x080039a0                HAL_NVIC_SetPriority
 .text.HAL_NVIC_EnableIRQ
                0x080039d8       0x1c ./ZHONX_III/Drivers/STM32F4xx_HAL_Driver/Src/stm32f4xx_hal_cortex.o
                0x080039d8                HAL_NVIC_EnableIRQ
 .text.HAL_SYSTICK_Config
                0x080039f4       0x18 ./ZHONX_III/Drivers/STM32F4xx_HAL_Driver/Src/stm32f4xx_hal_cortex.o
                0x080039f4                HAL_SYSTICK_Config
 .text.HAL_NVIC_ClearPendingIRQ
                0x08003a0c       0x1c ./ZHONX_III/Drivers/STM32F4xx_HAL_Driver/Src/stm32f4xx_hal_cortex.o
                0x08003a0c                HAL_NVIC_ClearPendingIRQ
 .text.HAL_SYSTICK_IRQHandler
                0x08003a28        0xc ./ZHONX_III/Drivers/STM32F4xx_HAL_Driver/Src/stm32f4xx_hal_cortex.o
                0x08003a28                HAL_SYSTICK_IRQHandler
 .text.HAL_SYSTICK_Callback
                0x08003a34        0xc ./ZHONX_III/Drivers/STM32F4xx_HAL_Driver/Src/stm32f4xx_hal_cortex.o
                0x08003a34                HAL_SYSTICK_Callback
 .text.HAL_DMA_Init
                0x08003a40       0xd8 ./ZHONX_III/Drivers/STM32F4xx_HAL_Driver/Src/stm32f4xx_hal_dma.o
                0x08003a40                HAL_DMA_Init
 .text.HAL_DMA_Start_IT
                0x08003b18       0xb4 ./ZHONX_III/Drivers/STM32F4xx_HAL_Driver/Src/stm32f4xx_hal_dma.o
                0x08003b18                HAL_DMA_Start_IT
 .text.HAL_DMA_Abort
                0x08003bcc       0x7c ./ZHONX_III/Drivers/STM32F4xx_HAL_Driver/Src/stm32f4xx_hal_dma.o
                0x08003bcc                HAL_DMA_Abort
 .text.HAL_DMA_IRQHandler
                0x08003c48     0x333c ./ZHONX_III/Drivers/STM32F4xx_HAL_Driver/Src/stm32f4xx_hal_dma.o
                0x08003c48                HAL_DMA_IRQHandler
 .text.DMA_SetConfig
                0x08006f84       0x4c ./ZHONX_III/Drivers/STM32F4xx_HAL_Driver/Src/stm32f4xx_hal_dma.o
 .text.HAL_GPIO_Init
                0x08006fd0      0x344 ./ZHONX_III/Drivers/STM32F4xx_HAL_Driver/Src/stm32f4xx_hal_gpio.o
                0x08006fd0                HAL_GPIO_Init
 .text.HAL_GPIO_WritePin
                0x08007314       0x30 ./ZHONX_III/Drivers/STM32F4xx_HAL_Driver/Src/stm32f4xx_hal_gpio.o
                0x08007314                HAL_GPIO_WritePin
 .text.HAL_I2C_Init
                0x08007344      0x1ac ./ZHONX_III/Drivers/STM32F4xx_HAL_Driver/Src/stm32f4xx_hal_i2c.o
                0x08007344                HAL_I2C_Init
 .text.HAL_I2C_Master_Transmit_DMA
                0x080074f0      0x10c ./ZHONX_III/Drivers/STM32F4xx_HAL_Driver/Src/stm32f4xx_hal_i2c.o
                0x080074f0                HAL_I2C_Master_Transmit_DMA
 .text.HAL_I2C_Master_Receive_DMA
                0x080075fc      0x134 ./ZHONX_III/Drivers/STM32F4xx_HAL_Driver/Src/stm32f4xx_hal_i2c.o
                0x080075fc                HAL_I2C_Master_Receive_DMA
 .text.HAL_I2C_EV_IRQHandler
                0x08007730      0x2e0 ./ZHONX_III/Drivers/STM32F4xx_HAL_Driver/Src/stm32f4xx_hal_i2c.o
                0x08007730                HAL_I2C_EV_IRQHandler
 .text.HAL_I2C_ER_IRQHandler
                0x08007a10      0x1d0 ./ZHONX_III/Drivers/STM32F4xx_HAL_Driver/Src/stm32f4xx_hal_i2c.o
                0x08007a10                HAL_I2C_ER_IRQHandler
 .text.HAL_I2C_MasterTxCpltCallback
                0x08007be0       0x14 ./ZHONX_III/Drivers/STM32F4xx_HAL_Driver/Src/stm32f4xx_hal_i2c.o
                0x08007be0                HAL_I2C_MasterTxCpltCallback
 .text.HAL_I2C_MasterRxCpltCallback
                0x08007bf4       0x14 ./ZHONX_III/Drivers/STM32F4xx_HAL_Driver/Src/stm32f4xx_hal_i2c.o
                0x08007bf4                HAL_I2C_MasterRxCpltCallback
 .text.HAL_I2C_SlaveTxCpltCallback
                0x08007c08       0x14 ./ZHONX_III/Drivers/STM32F4xx_HAL_Driver/Src/stm32f4xx_hal_i2c.o
                0x08007c08                HAL_I2C_SlaveTxCpltCallback
 .text.HAL_I2C_SlaveRxCpltCallback
                0x08007c1c       0x14 ./ZHONX_III/Drivers/STM32F4xx_HAL_Driver/Src/stm32f4xx_hal_i2c.o
                0x08007c1c                HAL_I2C_SlaveRxCpltCallback
 .text.HAL_I2C_MemTxCpltCallback
                0x08007c30       0x14 ./ZHONX_III/Drivers/STM32F4xx_HAL_Driver/Src/stm32f4xx_hal_i2c.o
                0x08007c30                HAL_I2C_MemTxCpltCallback
 .text.HAL_I2C_MemRxCpltCallback
                0x08007c44       0x14 ./ZHONX_III/Drivers/STM32F4xx_HAL_Driver/Src/stm32f4xx_hal_i2c.o
                0x08007c44                HAL_I2C_MemRxCpltCallback
 .text.HAL_I2C_ErrorCallback
                0x08007c58       0x14 ./ZHONX_III/Drivers/STM32F4xx_HAL_Driver/Src/stm32f4xx_hal_i2c.o
                0x08007c58                HAL_I2C_ErrorCallback
 .text.HAL_I2C_GetState
                0x08007c6c       0x1c ./ZHONX_III/Drivers/STM32F4xx_HAL_Driver/Src/stm32f4xx_hal_i2c.o
                0x08007c6c                HAL_I2C_GetState
 .text.I2C_MasterTransmit_TXE
                0x08007c88       0x50 ./ZHONX_III/Drivers/STM32F4xx_HAL_Driver/Src/stm32f4xx_hal_i2c.o
 .text.I2C_MasterTransmit_BTF
                0x08007cd8       0xa4 ./ZHONX_III/Drivers/STM32F4xx_HAL_Driver/Src/stm32f4xx_hal_i2c.o
 .text.I2C_MasterReceive_RXNE
                0x08007d7c       0xdc ./ZHONX_III/Drivers/STM32F4xx_HAL_Driver/Src/stm32f4xx_hal_i2c.o
 .text.I2C_MasterReceive_BTF
                0x08007e58      0x128 ./ZHONX_III/Drivers/STM32F4xx_HAL_Driver/Src/stm32f4xx_hal_i2c.o
 .text.I2C_SlaveTransmit_TXE
                0x08007f80       0x40 ./ZHONX_III/Drivers/STM32F4xx_HAL_Driver/Src/stm32f4xx_hal_i2c.o
 .text.I2C_SlaveTransmit_BTF
                0x08007fc0       0x40 ./ZHONX_III/Drivers/STM32F4xx_HAL_Driver/Src/stm32f4xx_hal_i2c.o
 .text.I2C_SlaveReceive_RXNE
                0x08008000       0x44 ./ZHONX_III/Drivers/STM32F4xx_HAL_Driver/Src/stm32f4xx_hal_i2c.o
 .text.I2C_SlaveReceive_BTF
                0x08008044       0x44 ./ZHONX_III/Drivers/STM32F4xx_HAL_Driver/Src/stm32f4xx_hal_i2c.o
 .text.I2C_Slave_ADDR
                0x08008088       0x24 ./ZHONX_III/Drivers/STM32F4xx_HAL_Driver/Src/stm32f4xx_hal_i2c.o
 .text.I2C_Slave_STOPF
                0x080080ac       0x70 ./ZHONX_III/Drivers/STM32F4xx_HAL_Driver/Src/stm32f4xx_hal_i2c.o
 .text.I2C_Slave_AF
                0x0800811c       0x64 ./ZHONX_III/Drivers/STM32F4xx_HAL_Driver/Src/stm32f4xx_hal_i2c.o
 .text.I2C_MasterRequestWrite
                0x08008180       0xcc ./ZHONX_III/Drivers/STM32F4xx_HAL_Driver/Src/stm32f4xx_hal_i2c.o
 .text.I2C_MasterRequestRead
                0x0800824c      0x14c ./ZHONX_III/Drivers/STM32F4xx_HAL_Driver/Src/stm32f4xx_hal_i2c.o
 .text.I2C_DMAMasterTransmitCplt
                0x08008398       0xb0 ./ZHONX_III/Drivers/STM32F4xx_HAL_Driver/Src/stm32f4xx_hal_i2c.o
 .text.I2C_DMAMasterReceiveCplt
                0x08008448       0xa8 ./ZHONX_III/Drivers/STM32F4xx_HAL_Driver/Src/stm32f4xx_hal_i2c.o
 .text.I2C_DMAError
                0x080084f0       0x4c ./ZHONX_III/Drivers/STM32F4xx_HAL_Driver/Src/stm32f4xx_hal_i2c.o
 .text.I2C_WaitOnFlagUntilTimeout
                0x0800853c      0x114 ./ZHONX_III/Drivers/STM32F4xx_HAL_Driver/Src/stm32f4xx_hal_i2c.o
 .text.I2C_WaitOnMasterAddressFlagUntilTimeout
                0x08008650       0xd8 ./ZHONX_III/Drivers/STM32F4xx_HAL_Driver/Src/stm32f4xx_hal_i2c.o
 .text.HAL_RCC_OscConfig
                0x08008728      0x4b8 ./ZHONX_III/Drivers/STM32F4xx_HAL_Driver/Src/stm32f4xx_hal_rcc.o
                0x08008728                HAL_RCC_OscConfig
 .text.HAL_RCC_ClockConfig
                0x08008be0      0x2b8 ./ZHONX_III/Drivers/STM32F4xx_HAL_Driver/Src/stm32f4xx_hal_rcc.o
                0x08008be0                HAL_RCC_ClockConfig
 .text.HAL_RCC_EnableCSS
                0x08008e98       0x18 ./ZHONX_III/Drivers/STM32F4xx_HAL_Driver/Src/stm32f4xx_hal_rcc.o
                0x08008e98                HAL_RCC_EnableCSS
 .text.HAL_RCC_GetSysClockFreq
                0x08008eb0      0x138 ./ZHONX_III/Drivers/STM32F4xx_HAL_Driver/Src/stm32f4xx_hal_rcc.o
                0x08008eb0                HAL_RCC_GetSysClockFreq
 .text.HAL_RCC_GetHCLKFreq
                0x08008fe8       0x58 ./ZHONX_III/Drivers/STM32F4xx_HAL_Driver/Src/stm32f4xx_hal_rcc.o
                0x08008fe8                HAL_RCC_GetHCLKFreq
 .text.HAL_RCC_GetPCLK1Freq
                0x08009040       0x50 ./ZHONX_III/Drivers/STM32F4xx_HAL_Driver/Src/stm32f4xx_hal_rcc.o
                0x08009040                HAL_RCC_GetPCLK1Freq
 .text.HAL_RCC_GetPCLK2Freq
                0x08009090       0x50 ./ZHONX_III/Drivers/STM32F4xx_HAL_Driver/Src/stm32f4xx_hal_rcc.o
                0x08009090                HAL_RCC_GetPCLK2Freq
 .text.HAL_TIM_Base_Init
                0x080090e0       0x50 ./ZHONX_III/Drivers/STM32F4xx_HAL_Driver/Src/stm32f4xx_hal_tim.o
                0x080090e0                HAL_TIM_Base_Init
 .text.HAL_TIM_Base_Start_IT
                0x08009130       0x38 ./ZHONX_III/Drivers/STM32F4xx_HAL_Driver/Src/stm32f4xx_hal_tim.o
                0x08009130                HAL_TIM_Base_Start_IT
 .text.HAL_TIM_PWM_Init
                0x08009168       0x50 ./ZHONX_III/Drivers/STM32F4xx_HAL_Driver/Src/stm32f4xx_hal_tim.o
                0x08009168                HAL_TIM_PWM_Init
 .text.HAL_TIM_PWM_Start
                0x080091b8       0x68 ./ZHONX_III/Drivers/STM32F4xx_HAL_Driver/Src/stm32f4xx_hal_tim.o
                0x080091b8                HAL_TIM_PWM_Start
 .text.HAL_TIM_PWM_Stop
                0x08009220       0xb0 ./ZHONX_III/Drivers/STM32F4xx_HAL_Driver/Src/stm32f4xx_hal_tim.o
                0x08009220                HAL_TIM_PWM_Stop
 .text.HAL_TIM_Encoder_Init
                0x080092d0      0x124 ./ZHONX_III/Drivers/STM32F4xx_HAL_Driver/Src/stm32f4xx_hal_tim.o
                0x080092d0                HAL_TIM_Encoder_Init
 .text.HAL_TIM_Encoder_Start
                0x080093f4       0x70 ./ZHONX_III/Drivers/STM32F4xx_HAL_Driver/Src/stm32f4xx_hal_tim.o
                0x080093f4                HAL_TIM_Encoder_Start
 .text.HAL_TIM_IRQHandler
                0x08009464      0x210 ./ZHONX_III/Drivers/STM32F4xx_HAL_Driver/Src/stm32f4xx_hal_tim.o
                0x08009464                HAL_TIM_IRQHandler
 .text.HAL_TIM_PWM_ConfigChannel
                0x08009674      0x18c ./ZHONX_III/Drivers/STM32F4xx_HAL_Driver/Src/stm32f4xx_hal_tim.o
                0x08009674                HAL_TIM_PWM_ConfigChannel
 .text.HAL_TIM_ConfigClockSource
                0x08009800      0x1c4 ./ZHONX_III/Drivers/STM32F4xx_HAL_Driver/Src/stm32f4xx_hal_tim.o
                0x08009800                HAL_TIM_ConfigClockSource
 .text.HAL_TIM_OC_DelayElapsedCallback
                0x080099c4       0x14 ./ZHONX_III/Drivers/STM32F4xx_HAL_Driver/Src/stm32f4xx_hal_tim.o
                0x080099c4                HAL_TIM_OC_DelayElapsedCallback
 .text.HAL_TIM_IC_CaptureCallback
                0x080099d8       0x14 ./ZHONX_III/Drivers/STM32F4xx_HAL_Driver/Src/stm32f4xx_hal_tim.o
                0x080099d8                HAL_TIM_IC_CaptureCallback
 .text.HAL_TIM_PWM_PulseFinishedCallback
                0x080099ec       0x14 ./ZHONX_III/Drivers/STM32F4xx_HAL_Driver/Src/stm32f4xx_hal_tim.o
                0x080099ec                HAL_TIM_PWM_PulseFinishedCallback
 .text.HAL_TIM_TriggerCallback
                0x08009a00       0x14 ./ZHONX_III/Drivers/STM32F4xx_HAL_Driver/Src/stm32f4xx_hal_tim.o
                0x08009a00                HAL_TIM_TriggerCallback
 .text.TIM_Base_SetConfig
                0x08009a14      0x150 ./ZHONX_III/Drivers/STM32F4xx_HAL_Driver/Src/stm32f4xx_hal_tim.o
                0x08009a14                TIM_Base_SetConfig
 .text.TIM_OC1_SetConfig
                0x08009b64       0xe4 ./ZHONX_III/Drivers/STM32F4xx_HAL_Driver/Src/stm32f4xx_hal_tim.o
 .text.TIM_OC2_SetConfig
                0x08009c48       0xf0 ./ZHONX_III/Drivers/STM32F4xx_HAL_Driver/Src/stm32f4xx_hal_tim.o
                0x08009c48                TIM_OC2_SetConfig
 .text.TIM_OC3_SetConfig
                0x08009d38       0xec ./ZHONX_III/Drivers/STM32F4xx_HAL_Driver/Src/stm32f4xx_hal_tim.o
 .text.TIM_OC4_SetConfig
                0x08009e24       0xc0 ./ZHONX_III/Drivers/STM32F4xx_HAL_Driver/Src/stm32f4xx_hal_tim.o
 .text.TIM_TI1_ConfigInputStage
                0x08009ee4       0x64 ./ZHONX_III/Drivers/STM32F4xx_HAL_Driver/Src/stm32f4xx_hal_tim.o
 .text.TIM_TI2_ConfigInputStage
                0x08009f48       0x68 ./ZHONX_III/Drivers/STM32F4xx_HAL_Driver/Src/stm32f4xx_hal_tim.o
 .text.TIM_ITRx_SetConfig
                0x08009fb0       0x3c ./ZHONX_III/Drivers/STM32F4xx_HAL_Driver/Src/stm32f4xx_hal_tim.o
 .text.TIM_ETR_SetConfig
                0x08009fec       0x44 ./ZHONX_III/Drivers/STM32F4xx_HAL_Driver/Src/stm32f4xx_hal_tim.o
 .text.TIM_CCxChannelCmd
                0x0800a030       0x44 ./ZHONX_III/Drivers/STM32F4xx_HAL_Driver/Src/stm32f4xx_hal_tim.o
                0x0800a030                TIM_CCxChannelCmd
 .text.HAL_TIMEx_MasterConfigSynchronization
                0x0800a074       0x8c ./ZHONX_III/Drivers/STM32F4xx_HAL_Driver/Src/stm32f4xx_hal_tim_ex.o
                0x0800a074                HAL_TIMEx_MasterConfigSynchronization
 .text.HAL_TIMEx_ConfigBreakDeadTime
                0x0800a100       0x74 ./ZHONX_III/Drivers/STM32F4xx_HAL_Driver/Src/stm32f4xx_hal_tim_ex.o
                0x0800a100                HAL_TIMEx_ConfigBreakDeadTime
 .text.HAL_TIMEx_CommutationCallback
                0x0800a174       0x14 ./ZHONX_III/Drivers/STM32F4xx_HAL_Driver/Src/stm32f4xx_hal_tim_ex.o
                0x0800a174                HAL_TIMEx_CommutationCallback
 .text.HAL_TIMEx_BreakCallback
                0x0800a188       0x14 ./ZHONX_III/Drivers/STM32F4xx_HAL_Driver/Src/stm32f4xx_hal_tim_ex.o
                0x0800a188                HAL_TIMEx_BreakCallback
 .text.HAL_UART_Init
                0x0800a19c       0x8c ./ZHONX_III/Drivers/STM32F4xx_HAL_Driver/Src/stm32f4xx_hal_uart.o
                0x0800a19c                HAL_UART_Init
 .text.UART_SetConfig
                0x0800a228      0x2dc ./ZHONX_III/Drivers/STM32F4xx_HAL_Driver/Src/stm32f4xx_hal_uart.o
 .text.Reset_Handler
                0x0800a504       0x58 ./ZHONX_III/Drivers/CMSIS/Device/ST/STM32F4xx/Source/Templates/gcc/startup_stm32f405xx.o
                0x0800a504                Reset_Handler
 .text.Default_Handler
                0x0800a55c        0x4 ./ZHONX_III/Drivers/CMSIS/Device/ST/STM32F4xx/Source/Templates/gcc/startup_stm32f405xx.o
                0x0800a55c                RTC_Alarm_IRQHandler
                0x0800a55c                HASH_RNG_IRQHandler
                0x0800a55c                EXTI2_IRQHandler
                0x0800a55c                TIM8_CC_IRQHandler
                0x0800a55c                DebugMon_Handler
                0x0800a55c                TIM1_CC_IRQHandler
                0x0800a55c                DMA2_Stream5_IRQHandler
                0x0800a55c                HardFault_Handler
                0x0800a55c                PVD_IRQHandler
                0x0800a55c                SDIO_IRQHandler
                0x0800a55c                TAMP_STAMP_IRQHandler
                0x0800a55c                PendSV_Handler
                0x0800a55c                NMI_Handler
                0x0800a55c                CAN2_RX1_IRQHandler
                0x0800a55c                EXTI3_IRQHandler
                0x0800a55c                TIM8_TRG_COM_TIM14_IRQHandler
                0x0800a55c                TIM8_UP_TIM13_IRQHandler
                0x0800a55c                I2C3_ER_IRQHandler
                0x0800a55c                EXTI0_IRQHandler
                0x0800a55c                I2C2_EV_IRQHandler
                0x0800a55c                DMA1_Stream2_IRQHandler
                0x0800a55c                CAN1_RX0_IRQHandler
                0x0800a55c                FPU_IRQHandler
                0x0800a55c                OTG_HS_WKUP_IRQHandler
                0x0800a55c                UsageFault_Handler
                0x0800a55c                CAN2_SCE_IRQHandler
                0x0800a55c                DMA2_Stream2_IRQHandler
                0x0800a55c                SPI1_IRQHandler
                0x0800a55c                TIM1_BRK_TIM9_IRQHandler
                0x0800a55c                CAN2_RX0_IRQHandler
                0x0800a55c                DMA2_Stream3_IRQHandler
                0x0800a55c                USART6_IRQHandler
                0x0800a55c                USART3_IRQHandler
                0x0800a55c                CAN1_RX1_IRQHandler
                0x0800a55c                UART5_IRQHandler
                0x0800a55c                DMA2_Stream0_IRQHandler
                0x0800a55c                TIM4_IRQHandler
                0x0800a55c                DMA1_Stream1_IRQHandler
                0x0800a55c                UART4_IRQHandler
                0x0800a55c                RCC_IRQHandler
                0x0800a55c                TIM8_BRK_TIM12_IRQHandler
                0x0800a55c                Default_Handler
                0x0800a55c                EXTI15_10_IRQHandler
                0x0800a55c                ADC_IRQHandler
                0x0800a55c                DMA1_Stream7_IRQHandler
                0x0800a55c                CAN2_TX_IRQHandler
                0x0800a55c                TIM5_IRQHandler
                0x0800a55c                DMA2_Stream7_IRQHandler
                0x0800a55c                I2C3_EV_IRQHandler
                0x0800a55c                EXTI9_5_IRQHandler
                0x0800a55c                RTC_WKUP_IRQHandler
                0x0800a55c                SPI2_IRQHandler
                0x0800a55c                OTG_HS_EP1_IN_IRQHandler
                0x0800a55c                MemManage_Handler
                0x0800a55c                DMA1_Stream0_IRQHandler
                0x0800a55c                CAN1_TX_IRQHandler
                0x0800a55c                SVC_Handler
                0x0800a55c                EXTI4_IRQHandler
                0x0800a55c                FSMC_IRQHandler
                0x0800a55c                OTG_HS_EP1_OUT_IRQHandler
                0x0800a55c                WWDG_IRQHandler
                0x0800a55c                TIM2_IRQHandler
                0x0800a55c                OTG_FS_WKUP_IRQHandler
                0x0800a55c                TIM1_TRG_COM_TIM11_IRQHandler
                0x0800a55c                OTG_HS_IRQHandler
                0x0800a55c                EXTI1_IRQHandler
                0x0800a55c                USART2_IRQHandler
                0x0800a55c                I2C2_ER_IRQHandler
                0x0800a55c                DMA2_Stream1_IRQHandler
                0x0800a55c                CAN1_SCE_IRQHandler
                0x0800a55c                FLASH_IRQHandler
                0x0800a55c                DMA2_Stream4_IRQHandler
                0x0800a55c                BusFault_Handler
                0x0800a55c                USART1_IRQHandler
                0x0800a55c                OTG_FS_IRQHandler
                0x0800a55c                SPI3_IRQHandler
                0x0800a55c                DMA1_Stream4_IRQHandler
                0x0800a55c                DMA2_Stream6_IRQHandler
                0x0800a55c                DMA1_Stream3_IRQHandler
 .text.SystemInit
                0x0800a560       0x6c ./ZHONX_III/Drivers/CMSIS/Device/ST/STM32F4xx/Source/Templates/system_stm32f4xx.o
                0x0800a560                SystemInit
 .text.arm_pid_init_f32
                0x0800a5cc       0x6c ./ZHONX_III/DSP_lib/ControllerFunctions/arm_pid_init_f32.o
                0x0800a5cc                arm_pid_init_f32
 .text.__libc_init_array
                0x0800a638       0x50 c:/eclipse-arm/gcc-4_8-2014/bin/../lib/gcc/arm-none-eabi/4.8.4/../../../../arm-none-eabi/lib/armv7e-m/fpu\libg.a(lib_a-init.o)
                0x0800a638                __libc_init_array
 .text.memset   0x0800a688       0x94 c:/eclipse-arm/gcc-4_8-2014/bin/../lib/gcc/arm-none-eabi/4.8.4/../../../../arm-none-eabi/lib/armv7e-m/fpu\libg.a(lib_a-memset.o)
                0x0800a688                memset
 .text.sprintf  0x0800a71c       0x4c c:/eclipse-arm/gcc-4_8-2014/bin/../lib/gcc/arm-none-eabi/4.8.4/../../../../arm-none-eabi/lib/armv7e-m/fpu\libg.a(lib_a-sprintf.o)
                0x0800a71c                sprintf
 .text.strlen   0x0800a768       0x60 c:/eclipse-arm/gcc-4_8-2014/bin/../lib/gcc/arm-none-eabi/4.8.4/../../../../arm-none-eabi/lib/armv7e-m/fpu\libg.a(lib_a-strlen.o)
                0x0800a768                strlen
 .text._svfprintf_r
                0x0800a7c8     0x14f0 c:/eclipse-arm/gcc-4_8-2014/bin/../lib/gcc/arm-none-eabi/4.8.4/../../../../arm-none-eabi/lib/armv7e-m/fpu\libg.a(lib_a-svfprintf.o)
                0x0800a7c8                _svfprintf_r
 .text.startup.register_fini
                0x0800bcb8       0x14 c:/eclipse-arm/gcc-4_8-2014/bin/../lib/gcc/arm-none-eabi/4.8.4/../../../../arm-none-eabi/lib/armv7e-m/fpu\libg.a(lib_a-__call_atexit.o)
 .text.atexit   0x0800bccc        0xc c:/eclipse-arm/gcc-4_8-2014/bin/../lib/gcc/arm-none-eabi/4.8.4/../../../../arm-none-eabi/lib/armv7e-m/fpu\libg.a(lib_a-atexit.o)
                0x0800bccc                atexit
 .text.quorem   0x0800bcd8      0x130 c:/eclipse-arm/gcc-4_8-2014/bin/../lib/gcc/arm-none-eabi/4.8.4/../../../../arm-none-eabi/lib/armv7e-m/fpu\libg.a(lib_a-dtoa.o)
 .text._dtoa_r  0x0800be08      0xe58 c:/eclipse-arm/gcc-4_8-2014/bin/../lib/gcc/arm-none-eabi/4.8.4/../../../../arm-none-eabi/lib/armv7e-m/fpu\libg.a(lib_a-dtoa.o)
                0x0800be08                _dtoa_r
 .text.__libc_fini_array
                0x0800cc60       0x30 c:/eclipse-arm/gcc-4_8-2014/bin/../lib/gcc/arm-none-eabi/4.8.4/../../../../arm-none-eabi/lib/armv7e-m/fpu\libg.a(lib_a-fini.o)
                0x0800cc60                __libc_fini_array
 .text._malloc_trim_r
                0x0800cc90       0x9c c:/eclipse-arm/gcc-4_8-2014/bin/../lib/gcc/arm-none-eabi/4.8.4/../../../../arm-none-eabi/lib/armv7e-m/fpu\libg.a(lib_a-freer.o)
                0x0800cc90                _malloc_trim_r
 .text._free_r  0x0800cd2c      0x19c c:/eclipse-arm/gcc-4_8-2014/bin/../lib/gcc/arm-none-eabi/4.8.4/../../../../arm-none-eabi/lib/armv7e-m/fpu\libg.a(lib_a-freer.o)
                0x0800cd2c                _free_r
 .text._localeconv_r
                0x0800cec8        0x8 c:/eclipse-arm/gcc-4_8-2014/bin/../lib/gcc/arm-none-eabi/4.8.4/../../../../arm-none-eabi/lib/armv7e-m/fpu\libg.a(lib_a-locale.o)
                0x0800cec8                _localeconv_r
 .text._malloc_r
                0x0800ced0      0x538 c:/eclipse-arm/gcc-4_8-2014/bin/../lib/gcc/arm-none-eabi/4.8.4/../../../../arm-none-eabi/lib/armv7e-m/fpu\libg.a(lib_a-mallocr.o)
                0x0800ced0                _malloc_r
 .text.memchr   0x0800d408       0x90 c:/eclipse-arm/gcc-4_8-2014/bin/../lib/gcc/arm-none-eabi/4.8.4/../../../../arm-none-eabi/lib/armv7e-m/fpu\libg.a(lib_a-memchr-stub.o)
                0x0800d408                memchr
 .text.__malloc_lock
                0x0800d498        0x4 c:/eclipse-arm/gcc-4_8-2014/bin/../lib/gcc/arm-none-eabi/4.8.4/../../../../arm-none-eabi/lib/armv7e-m/fpu\libg.a(lib_a-mlock.o)
                0x0800d498                __malloc_lock
 .text.__malloc_unlock
                0x0800d49c        0x4 c:/eclipse-arm/gcc-4_8-2014/bin/../lib/gcc/arm-none-eabi/4.8.4/../../../../arm-none-eabi/lib/armv7e-m/fpu\libg.a(lib_a-mlock.o)
                0x0800d49c                __malloc_unlock
 .text._Balloc  0x0800d4a0       0x4c c:/eclipse-arm/gcc-4_8-2014/bin/../lib/gcc/arm-none-eabi/4.8.4/../../../../arm-none-eabi/lib/armv7e-m/fpu\libg.a(lib_a-mprec.o)
                0x0800d4a0                _Balloc
 .text._Bfree   0x0800d4ec       0x14 c:/eclipse-arm/gcc-4_8-2014/bin/../lib/gcc/arm-none-eabi/4.8.4/../../../../arm-none-eabi/lib/armv7e-m/fpu\libg.a(lib_a-mprec.o)
                0x0800d4ec                _Bfree
 .text.__multadd
                0x0800d500       0x98 c:/eclipse-arm/gcc-4_8-2014/bin/../lib/gcc/arm-none-eabi/4.8.4/../../../../arm-none-eabi/lib/armv7e-m/fpu\libg.a(lib_a-mprec.o)
                0x0800d500                __multadd
 .text.__hi0bits
                0x0800d598       0x40 c:/eclipse-arm/gcc-4_8-2014/bin/../lib/gcc/arm-none-eabi/4.8.4/../../../../arm-none-eabi/lib/armv7e-m/fpu\libg.a(lib_a-mprec.o)
                0x0800d598                __hi0bits
 .text.__lo0bits
                0x0800d5d8       0x5c c:/eclipse-arm/gcc-4_8-2014/bin/../lib/gcc/arm-none-eabi/4.8.4/../../../../arm-none-eabi/lib/armv7e-m/fpu\libg.a(lib_a-mprec.o)
                0x0800d5d8                __lo0bits
 .text.__i2b    0x0800d634       0x14 c:/eclipse-arm/gcc-4_8-2014/bin/../lib/gcc/arm-none-eabi/4.8.4/../../../../arm-none-eabi/lib/armv7e-m/fpu\libg.a(lib_a-mprec.o)
                0x0800d634                __i2b
 .text.__multiply
                0x0800d648      0x13c c:/eclipse-arm/gcc-4_8-2014/bin/../lib/gcc/arm-none-eabi/4.8.4/../../../../arm-none-eabi/lib/armv7e-m/fpu\libg.a(lib_a-mprec.o)
                0x0800d648                __multiply
 .text.__pow5mult
                0x0800d784       0x9c c:/eclipse-arm/gcc-4_8-2014/bin/../lib/gcc/arm-none-eabi/4.8.4/../../../../arm-none-eabi/lib/armv7e-m/fpu\libg.a(lib_a-mprec.o)
                0x0800d784                __pow5mult
 .text.__lshift
                0x0800d820       0xbc c:/eclipse-arm/gcc-4_8-2014/bin/../lib/gcc/arm-none-eabi/4.8.4/../../../../arm-none-eabi/lib/armv7e-m/fpu\libg.a(lib_a-mprec.o)
                0x0800d820                __lshift
 .text.__mcmp   0x0800d8dc       0x48 c:/eclipse-arm/gcc-4_8-2014/bin/../lib/gcc/arm-none-eabi/4.8.4/../../../../arm-none-eabi/lib/armv7e-m/fpu\libg.a(lib_a-mprec.o)
                0x0800d8dc                __mcmp
 .text.__mdiff  0x0800d924       0xd4 c:/eclipse-arm/gcc-4_8-2014/bin/../lib/gcc/arm-none-eabi/4.8.4/../../../../arm-none-eabi/lib/armv7e-m/fpu\libg.a(lib_a-mprec.o)
                0x0800d924                __mdiff
 .text.__d2b    0x0800d9f8       0xb4 c:/eclipse-arm/gcc-4_8-2014/bin/../lib/gcc/arm-none-eabi/4.8.4/../../../../arm-none-eabi/lib/armv7e-m/fpu\libg.a(lib_a-mprec.o)
                0x0800d9f8                __d2b
 .text.__fpclassifyd
                0x0800daac       0x54 c:/eclipse-arm/gcc-4_8-2014/bin/../lib/gcc/arm-none-eabi/4.8.4/../../../../arm-none-eabi/lib/armv7e-m/fpu\libg.a(lib_a-s_fpclassify.o)
                0x0800daac                __fpclassifyd
 .text._sbrk_r  0x0800db00       0x24 c:/eclipse-arm/gcc-4_8-2014/bin/../lib/gcc/arm-none-eabi/4.8.4/../../../../arm-none-eabi/lib/armv7e-m/fpu\libg.a(lib_a-sbrkr.o)
                0x0800db00                _sbrk_r
 .text.__ssprint_r
                0x0800db24      0x100 c:/eclipse-arm/gcc-4_8-2014/bin/../lib/gcc/arm-none-eabi/4.8.4/../../../../arm-none-eabi/lib/armv7e-m/fpu\libg.a(lib_a-svfiprintf.o)
                0x0800db24                __ssprint_r
 .text.__register_exitproc
                0x0800dc24       0xa8 c:/eclipse-arm/gcc-4_8-2014/bin/../lib/gcc/arm-none-eabi/4.8.4/../../../../arm-none-eabi/lib/armv7e-m/fpu\libg.a(lib_a-__atexit.o)
                0x0800dc24                __register_exitproc
 .text._calloc_r
                0x0800dccc       0x60 c:/eclipse-arm/gcc-4_8-2014/bin/../lib/gcc/arm-none-eabi/4.8.4/../../../../arm-none-eabi/lib/armv7e-m/fpu\libg.a(lib_a-callocr.o)
                0x0800dccc                _calloc_r
 .text.memmove  0x0800dd2c       0xc0 c:/eclipse-arm/gcc-4_8-2014/bin/../lib/gcc/arm-none-eabi/4.8.4/../../../../arm-none-eabi/lib/armv7e-m/fpu\libg.a(lib_a-memmove.o)
                0x0800dd2c                memmove
 .text._realloc_r
                0x0800ddec      0x3cc c:/eclipse-arm/gcc-4_8-2014/bin/../lib/gcc/arm-none-eabi/4.8.4/../../../../arm-none-eabi/lib/armv7e-m/fpu\libg.a(lib_a-reallocr.o)
                0x0800ddec                _realloc_r
 *(.glue_7)
 .glue_7        0x00000000        0x0 linker stubs
 *(.glue_7t)
 .glue_7t       0x00000000        0x0 linker stubs
 *(.eh_frame)
 .eh_frame      0x0800e1b8        0x0 c:/eclipse-arm/gcc-4_8-2014/bin/../lib/gcc/arm-none-eabi/4.8.4/armv7e-m/fpu/crtbegin.o
 *(.init)
 .init          0x0800e1b8        0x4 c:/eclipse-arm/gcc-4_8-2014/bin/../lib/gcc/arm-none-eabi/4.8.4/armv7e-m/fpu/crti.o
                0x0800e1b8                _init
 .init          0x0800e1bc        0x8 c:/eclipse-arm/gcc-4_8-2014/bin/../lib/gcc/arm-none-eabi/4.8.4/armv7e-m/fpu/crtn.o
 *(.fini)
 .fini          0x0800e1c4        0x4 c:/eclipse-arm/gcc-4_8-2014/bin/../lib/gcc/arm-none-eabi/4.8.4/armv7e-m/fpu/crti.o
                0x0800e1c4                _fini
 .fini          0x0800e1c8        0x8 c:/eclipse-arm/gcc-4_8-2014/bin/../lib/gcc/arm-none-eabi/4.8.4/armv7e-m/fpu/crtn.o
                0x0800e1d0                . = ALIGN (0x4)
                0x0800e1d0                _etext = .

.vfp11_veneer   0x0800e1d0        0x0
 .vfp11_veneer  0x00000000        0x0 linker stubs

.v4_bx          0x0800e1d0        0x0
 .v4_bx         0x00000000        0x0 linker stubs

.iplt           0x0800e1d0        0x0
 .iplt          0x00000000        0x0 c:/eclipse-arm/gcc-4_8-2014/bin/../lib/gcc/arm-none-eabi/4.8.4/armv7e-m/fpu/crtbegin.o

.rodata         0x0800e1d0      0x5fc
                0x0800e1d0                . = ALIGN (0x4)
 *(.rodata)
 .rodata        0x0800e1d0      0x178 ./ZHONX_III/Peripherals/Tests/tests.o
 .rodata        0x0800e348       0x24 ./ZHONX_III/Peripherals/Gyroscope/ADXRS620.o
 .rodata        0x0800e36c        0xc ./ZHONX_III/Peripherals/Display/src/ssd1306.o
 *(.rodata*)
 .rodata.Font_3x6
                0x0800e378        0x8 ./ZHONX_III/Peripherals/Display/src/smallfonts.o
                0x0800e378                Font_3x6
 .rodata.Font_5x8
                0x0800e380        0x8 ./ZHONX_III/Peripherals/Display/src/smallfonts.o
                0x0800e380                Font_5x8
 .rodata.au8Font3x6
                0x0800e388       0xc4 ./ZHONX_III/Peripherals/Display/src/smallfonts.o
                0x0800e388                au8Font3x6
 .rodata.au8Font5x8
                0x0800e44c      0x1e8 ./ZHONX_III/Peripherals/Display/src/smallfonts.o
                0x0800e44c                au8Font5x8
 .rodata.APBAHBPrescTable
                0x0800e634       0x10 ./ZHONX_III/Drivers/STM32F4xx_HAL_Driver/Src/stm32f4xx_hal_rcc.o
                0x0800e634                APBAHBPrescTable
 .rodata.str1.4
                0x0800e644        0x2 c:/eclipse-arm/gcc-4_8-2014/bin/../lib/gcc/arm-none-eabi/4.8.4/../../../../arm-none-eabi/lib/armv7e-m/fpu\libg.a(lib_a-impure.o)
                                  0x4 (size before relaxing)
 *fill*         0x0800e646        0x2 
 .rodata._global_impure_ptr
                0x0800e648        0x4 c:/eclipse-arm/gcc-4_8-2014/bin/../lib/gcc/arm-none-eabi/4.8.4/../../../../arm-none-eabi/lib/armv7e-m/fpu\libg.a(lib_a-impure.o)
                0x0800e648                _global_impure_ptr
 .rodata.zeroes.6763
                0x0800e64c       0x10 c:/eclipse-arm/gcc-4_8-2014/bin/../lib/gcc/arm-none-eabi/4.8.4/../../../../arm-none-eabi/lib/armv7e-m/fpu\libg.a(lib_a-svfprintf.o)
 .rodata.str1.4
                0x0800e65c       0x42 c:/eclipse-arm/gcc-4_8-2014/bin/../lib/gcc/arm-none-eabi/4.8.4/../../../../arm-none-eabi/lib/armv7e-m/fpu\libg.a(lib_a-svfprintf.o)
                                 0x44 (size before relaxing)
 *fill*         0x0800e69e        0x2 
 .rodata.blanks.6762
                0x0800e6a0       0x10 c:/eclipse-arm/gcc-4_8-2014/bin/../lib/gcc/arm-none-eabi/4.8.4/../../../../arm-none-eabi/lib/armv7e-m/fpu\libg.a(lib_a-svfprintf.o)
 .rodata.str1.4
                0x0800e6b0       0x10 c:/eclipse-arm/gcc-4_8-2014/bin/../lib/gcc/arm-none-eabi/4.8.4/../../../../arm-none-eabi/lib/armv7e-m/fpu\libg.a(lib_a-dtoa.o)
                                 0x14 (size before relaxing)
 .rodata.str1.4
                0x0800e6c0        0xc c:/eclipse-arm/gcc-4_8-2014/bin/../lib/gcc/arm-none-eabi/4.8.4/../../../../arm-none-eabi/lib/armv7e-m/fpu\libg.a(lib_a-locale.o)
                                 0x14 (size before relaxing)
 *fill*         0x0800e6cc        0x4 
 .rodata.__mprec_tens
                0x0800e6d0       0xc8 c:/eclipse-arm/gcc-4_8-2014/bin/../lib/gcc/arm-none-eabi/4.8.4/../../../../arm-none-eabi/lib/armv7e-m/fpu\libg.a(lib_a-mprec.o)
                0x0800e6d0                __mprec_tens
 .rodata.__mprec_bigtens
                0x0800e798       0x28 c:/eclipse-arm/gcc-4_8-2014/bin/../lib/gcc/arm-none-eabi/4.8.4/../../../../arm-none-eabi/lib/armv7e-m/fpu\libg.a(lib_a-mprec.o)
                0x0800e798                __mprec_bigtens
 .rodata.p05.5269
                0x0800e7c0        0xc c:/eclipse-arm/gcc-4_8-2014/bin/../lib/gcc/arm-none-eabi/4.8.4/../../../../arm-none-eabi/lib/armv7e-m/fpu\libg.a(lib_a-mprec.o)
                0x0800e7cc                . = ALIGN (0x4)

.ARM.extab
 *(.ARM.extab* .gnu.linkonce.armextab.*)

.ARM            0x0800e7cc        0x8
                0x0800e7cc                __exidx_start = .
 *(.ARM.exidx*)
 .ARM.exidx     0x0800e7cc        0x8 c:/eclipse-arm/gcc-4_8-2014/bin/../lib/gcc/arm-none-eabi/4.8.4/armv7e-m/fpu\libgcc.a(_divdi3.o)
 .ARM.exidx     0x0800e7d4        0x0 c:/eclipse-arm/gcc-4_8-2014/bin/../lib/gcc/arm-none-eabi/4.8.4/armv7e-m/fpu\libgcc.a(_udivdi3.o)
                                  0x8 (size before relaxing)
                0x0800e7d4                __exidx_end = .

.rel.dyn        0x0800e7d4        0x0
 .rel.iplt      0x00000000        0x0 c:/eclipse-arm/gcc-4_8-2014/bin/../lib/gcc/arm-none-eabi/4.8.4/armv7e-m/fpu/crtbegin.o

.preinit_array  0x0800e7d4        0x0
                0x0800e7d4                PROVIDE (__preinit_array_start, .)
 *(.preinit_array*)
                0x0800e7d4                PROVIDE (__preinit_array_end, .)

.init_array     0x0800e7d4        0x8
                0x0800e7d4                PROVIDE (__init_array_start, .)
 *(SORT(.init_array.*))
 .init_array.00000
                0x0800e7d4        0x4 c:/eclipse-arm/gcc-4_8-2014/bin/../lib/gcc/arm-none-eabi/4.8.4/../../../../arm-none-eabi/lib/armv7e-m/fpu\libg.a(lib_a-__call_atexit.o)
 *(.init_array*)
 .init_array    0x0800e7d8        0x4 c:/eclipse-arm/gcc-4_8-2014/bin/../lib/gcc/arm-none-eabi/4.8.4/armv7e-m/fpu/crtbegin.o
                0x0800e7dc                PROVIDE (__init_array_end, .)

.fini_array     0x0800e7dc        0x4
                0x0800e7dc                PROVIDE (__fini_array_start, .)
 *(SORT(.fini_array.*))
 *(.fini_array*)
 .fini_array    0x0800e7dc        0x4 c:/eclipse-arm/gcc-4_8-2014/bin/../lib/gcc/arm-none-eabi/4.8.4/armv7e-m/fpu/crtbegin.o
                0x0800e7e0                PROVIDE (__fini_array_end, .)
                0x0800e7e0                _sidata = LOADADDR (.data)

.data           0x20000000      0x894 load address 0x0800e7e0
                0x20000000                . = ALIGN (0x4)
                0x20000000                _sdata = .
 *(.data)
 *(.data*)
 .data.Blink    0x20000000        0xc ./ZHONX_III/TimesBase/TimesBase.o
                0x20000000                Blink
 *fill*         0x2000000c        0x4 
 .data.Alfa     0x20000010        0x8 ./ZHONX_III/Peripherals/Gyroscope/ADXRS620.o
                0x20000010                Alfa
 .data.SystemCoreClock
                0x20000018        0x4 ./ZHONX_III/Drivers/CMSIS/Device/ST/STM32F4xx/Source/Templates/system_stm32f4xx.o
                0x20000018                SystemCoreClock
 *fill*         0x2000001c        0x4 
 .data.impure_data
                0x20000020      0x428 c:/eclipse-arm/gcc-4_8-2014/bin/../lib/gcc/arm-none-eabi/4.8.4/../../../../arm-none-eabi/lib/armv7e-m/fpu\libg.a(lib_a-impure.o)
 .data._impure_ptr
                0x20000448        0x4 c:/eclipse-arm/gcc-4_8-2014/bin/../lib/gcc/arm-none-eabi/4.8.4/../../../../arm-none-eabi/lib/armv7e-m/fpu\libg.a(lib_a-impure.o)
                0x20000448                _impure_ptr
 .data.lconv    0x2000044c       0x38 c:/eclipse-arm/gcc-4_8-2014/bin/../lib/gcc/arm-none-eabi/4.8.4/../../../../arm-none-eabi/lib/armv7e-m/fpu\libg.a(lib_a-locale.o)
 .data.__malloc_av_
                0x20000484      0x408 c:/eclipse-arm/gcc-4_8-2014/bin/../lib/gcc/arm-none-eabi/4.8.4/../../../../arm-none-eabi/lib/armv7e-m/fpu\libg.a(lib_a-mallocr.o)
                0x20000484                __malloc_av_
 .data.__malloc_trim_threshold
                0x2000088c        0x4 c:/eclipse-arm/gcc-4_8-2014/bin/../lib/gcc/arm-none-eabi/4.8.4/../../../../arm-none-eabi/lib/armv7e-m/fpu\libg.a(lib_a-mallocr.o)
                0x2000088c                __malloc_trim_threshold
 .data.__malloc_sbrk_base
                0x20000890        0x4 c:/eclipse-arm/gcc-4_8-2014/bin/../lib/gcc/arm-none-eabi/4.8.4/../../../../arm-none-eabi/lib/armv7e-m/fpu\libg.a(lib_a-mallocr.o)
                0x20000890                __malloc_sbrk_base
                0x20000894                . = ALIGN (0x4)
                0x20000894                _edata = .
                0x0800f074                _siccmram = LOADADDR (.ccmram)

.jcr            0x20000894        0x0 load address 0x0800f074
 .jcr           0x20000894        0x0 c:/eclipse-arm/gcc-4_8-2014/bin/../lib/gcc/arm-none-eabi/4.8.4/armv7e-m/fpu/crtbegin.o

.igot.plt       0x20000894        0x0 load address 0x0800f074
 .igot.plt      0x00000000        0x0 c:/eclipse-arm/gcc-4_8-2014/bin/../lib/gcc/arm-none-eabi/4.8.4/armv7e-m/fpu/crtbegin.o

.ccmram         0x10000000        0x0 load address 0x0800f074
                0x10000000                . = ALIGN (0x4)
                0x10000000                _sccmram = .
 *(.ccmram)
 *(.ccmram*)
                0x10000000                . = ALIGN (0x4)
                0x10000000                _eccmram = .
                0x10000000                . = ALIGN (0x4)

.bss            0x20000898      0x85c
                0x20000898                _sbss = .
                0x20000898                __bss_start__ = _sbss
 *(.bss)
 .bss           0x20000898       0x1c c:/eclipse-arm/gcc-4_8-2014/bin/../lib/gcc/arm-none-eabi/4.8.4/armv7e-m/fpu/crtbegin.o
 *(.bss*)
 .bss.cnt_led.10327
                0x200008b4        0x4 ./ZHONX_III/TimesBase/TimesBase.o
 .bss.heap_end.5585
                0x200008b8        0x4 ./ZHONX_III/Src/syscalls.o
 .bss.uhADCxConvertedValue_LDIAG
                0x200008bc        0x4 ./ZHONX_III/Peripherals/Telemeters/Telemeters.o
                0x200008bc                uhADCxConvertedValue_LDIAG
 .bss.uhADCxConvertedValue_RDIAG
                0x200008c0        0x4 ./ZHONX_III/Peripherals/Telemeters/Telemeters.o
                0x200008c0                uhADCxConvertedValue_RDIAG
 .bss.uhADCxConvertedValue_LFRONT
                0x200008c4        0x4 ./ZHONX_III/Peripherals/Telemeters/Telemeters.o
                0x200008c4                uhADCxConvertedValue_LFRONT
 .bss.uhADCxConvertedValue_RFRONT
                0x200008c8        0x4 ./ZHONX_III/Peripherals/Telemeters/Telemeters.o
                0x200008c8                uhADCxConvertedValue_RFRONT
 .bss.L_diag_distance
                0x200008cc        0x4 ./ZHONX_III/Peripherals/Telemeters/Telemeters.o
                0x200008cc                L_diag_distance
 .bss.R_diag_distance
                0x200008d0        0x4 ./ZHONX_III/Peripherals/Telemeters/Telemeters.o
                0x200008d0                R_diag_distance
 .bss.L_front_distance
                0x200008d4        0x4 ./ZHONX_III/Peripherals/Telemeters/Telemeters.o
                0x200008d4                L_front_distance
 .bss.R_front_distance
                0x200008d8        0x4 ./ZHONX_III/Peripherals/Telemeters/Telemeters.o
                0x200008d8                R_front_distance
 .bss.selector.7838
                0x200008dc        0x1 ./ZHONX_III/Peripherals/Telemeters/Telemeters.o
 *fill*         0x200008dd        0x3 
 .bss.Beta      0x200008e0        0x8 ./ZHONX_III/Peripherals/Gyroscope/ADXRS620.o
                0x200008e0                Beta
 .bss.gyro_Current_Angle
                0x200008e8        0x4 ./ZHONX_III/Peripherals/Gyroscope/ADXRS620.o
                0x200008e8                gyro_Current_Angle
 .bss.left_encoder
                0x200008ec        0x8 ./ZHONX_III/Peripherals/Encoders/IE512.o
                0x200008ec                left_encoder
 .bss.right_encoder
                0x200008f4        0x8 ./ZHONX_III/Peripherals/Encoders/IE512.o
                0x200008f4                right_encoder
 .bss.buffer    0x200008fc      0x400 ./ZHONX_III/Peripherals/Display/src/ssd1306.o
                0x200008fc                buffer
 .bss.consigne  0x20000cfc        0x4 ./ZHONX_III/Enslavements/Straight_Controls/Straight_Controls.o
                0x20000cfc                consigne
 .bss.Pulses    0x20000d00        0x8 ./ZHONX_III/Enslavements/Straight_Controls/Straight_Controls.o
                0x20000d00                Pulses
 .bss.uwTick    0x20000d08        0x4 ./ZHONX_III/Drivers/STM32F4xx_HAL_Driver/Src/stm32f4xx_hal.o
 .bss.__malloc_max_total_mem
                0x20000d0c        0x4 c:/eclipse-arm/gcc-4_8-2014/bin/../lib/gcc/arm-none-eabi/4.8.4/../../../../arm-none-eabi/lib/armv7e-m/fpu\libg.a(lib_a-mallocr.o)
                0x20000d0c                __malloc_max_total_mem
 .bss.__malloc_max_sbrked_mem
                0x20000d10        0x4 c:/eclipse-arm/gcc-4_8-2014/bin/../lib/gcc/arm-none-eabi/4.8.4/../../../../arm-none-eabi/lib/armv7e-m/fpu\libg.a(lib_a-mallocr.o)
                0x20000d10                __malloc_max_sbrked_mem
 .bss.__malloc_top_pad
                0x20000d14        0x4 c:/eclipse-arm/gcc-4_8-2014/bin/../lib/gcc/arm-none-eabi/4.8.4/../../../../arm-none-eabi/lib/armv7e-m/fpu\libg.a(lib_a-mallocr.o)
                0x20000d14                __malloc_top_pad
 .bss.__malloc_current_mallinfo
                0x20000d18       0x28 c:/eclipse-arm/gcc-4_8-2014/bin/../lib/gcc/arm-none-eabi/4.8.4/../../../../arm-none-eabi/lib/armv7e-m/fpu\libg.a(lib_a-mallocr.o)
                0x20000d18                __malloc_current_mallinfo
 *(COMMON)
 COMMON         0x20000d40       0x14 ./ZHONX_III/TimesBase/TimesBase.o
                0x20000d40                GPIO_InitStruct
 COMMON         0x20000d54      0x34c ./ZHONX_III/Src/main.o
                0x20000d54                htim8
                0x20000d90                htim4
                0x20000dcc                huart3
                0x20000e08                hdma_i2c1_tx
                0x20000e58                hi2c1
                0x20000e90                htim10
                0x20000ecc                htim3
                0x20000f08                hadc1
                0x20000f4c                hdma_adc1
                0x20000f9c                htim6
                0x20000fd8                htim1
                0x20001014                hdma_i2c1_rx
                0x20001064                htim7
 COMMON         0x200010a0        0x4 ./ZHONX_III/Peripherals/Gyroscope/ADXRS620.o
                0x200010a0                DMA_ADC_Gyro_Rate
 COMMON         0x200010a4       0x4c ./ZHONX_III/Enslavements/Straight_Controls/Straight_Controls.o
                0x200010a4                trajectory_control
                0x200010b0                gyro_pid_instance
                0x200010d4                sConfigOC
 COMMON         0x200010f0        0x4 c:/eclipse-arm/gcc-4_8-2014/bin/../lib/gcc/arm-none-eabi/4.8.4/../../../../arm-none-eabi/lib/armv7e-m/fpu\libg.a(lib_a-reent.o)
                0x200010f0                errno
                0x200010f4                . = ALIGN (0x4)
                0x200010f4                _ebss = .
                0x200010f4                __bss_end__ = _ebss

._user_heap_stack
                0x200010f4      0x400
                0x200010f4                . = ALIGN (0x4)
                0x200010f4                PROVIDE (end, .)
                0x200010f4                PROVIDE (_end, .)
                0x200010f4                . = (. + _Min_Heap_Size)
                0x200014f4                . = (. + _Min_Stack_Size)
 *fill*         0x200010f4      0x400 
                0x200014f4                . = ALIGN (0x4)

/DISCARD/
 libc.a(*)
 libm.a(*)
 libgcc.a(*)

.ARM.attributes
                0x00000000       0x30
 *(.ARM.attributes)
 .ARM.attributes
                0x00000000       0x22 c:/eclipse-arm/gcc-4_8-2014/bin/../lib/gcc/arm-none-eabi/4.8.4/armv7e-m/fpu/crti.o
 .ARM.attributes
                0x00000022       0x34 c:/eclipse-arm/gcc-4_8-2014/bin/../lib/gcc/arm-none-eabi/4.8.4/armv7e-m/fpu/crtbegin.o
 .ARM.attributes
                0x00000056       0x39 ./ZHONX_III/TimesBase/TimesBase.o
 .ARM.attributes
                0x0000008f       0x39 ./ZHONX_III/Src/main.o
 .ARM.attributes
                0x000000c8       0x39 ./ZHONX_III/Src/stm32f4xx_hal_msp.o
 .ARM.attributes
                0x00000101       0x39 ./ZHONX_III/Src/stm32f4xx_it.o
 .ARM.attributes
                0x0000013a       0x39 ./ZHONX_III/Src/syscalls.o
 .ARM.attributes
                0x00000173       0x39 ./ZHONX_III/Src/user_it_callback.o
 .ARM.attributes
                0x000001ac       0x39 ./ZHONX_III/Peripherals/Tests/tests.o
 .ARM.attributes
                0x000001e5       0x39 ./ZHONX_III/Peripherals/Telemeters/Telemeters.o
 .ARM.attributes
                0x0000021e       0x39 ./ZHONX_III/Peripherals/Gyroscope/ADXRS620.o
 .ARM.attributes
                0x00000257       0x39 ./ZHONX_III/Peripherals/Expander/PCF8574.o
 .ARM.attributes
                0x00000290       0x39 ./ZHONX_III/Peripherals/Encoders/IE512.o
 .ARM.attributes
                0x000002c9       0x39 ./ZHONX_III/Peripherals/Display/src/smallfonts.o
 .ARM.attributes
                0x00000302       0x39 ./ZHONX_III/Peripherals/Display/src/ssd1306.o
 .ARM.attributes
                0x0000033b       0x39 ./ZHONX_III/Enslavements/Straight_Controls/Straight_Controls.o
 .ARM.attributes
                0x00000374       0x39 ./ZHONX_III/Enslavements/PID/PID.o
 .ARM.attributes
                0x000003ad       0x39 ./ZHONX_III/Drivers/STM32F4xx_HAL_Driver/Src/stm32f4xx_hal.o
 .ARM.attributes
                0x000003e6       0x39 ./ZHONX_III/Drivers/STM32F4xx_HAL_Driver/Src/stm32f4xx_hal_adc.o
 .ARM.attributes
                0x0000041f       0x39 ./ZHONX_III/Drivers/STM32F4xx_HAL_Driver/Src/stm32f4xx_hal_cortex.o
 .ARM.attributes
                0x00000458       0x39 ./ZHONX_III/Drivers/STM32F4xx_HAL_Driver/Src/stm32f4xx_hal_dma.o
 .ARM.attributes
                0x00000491       0x39 ./ZHONX_III/Drivers/STM32F4xx_HAL_Driver/Src/stm32f4xx_hal_gpio.o
 .ARM.attributes
                0x000004ca       0x39 ./ZHONX_III/Drivers/STM32F4xx_HAL_Driver/Src/stm32f4xx_hal_i2c.o
 .ARM.attributes
                0x00000503       0x39 ./ZHONX_III/Drivers/STM32F4xx_HAL_Driver/Src/stm32f4xx_hal_rcc.o
 .ARM.attributes
                0x0000053c       0x39 ./ZHONX_III/Drivers/STM32F4xx_HAL_Driver/Src/stm32f4xx_hal_tim.o
 .ARM.attributes
                0x00000575       0x39 ./ZHONX_III/Drivers/STM32F4xx_HAL_Driver/Src/stm32f4xx_hal_tim_ex.o
 .ARM.attributes
                0x000005ae       0x39 ./ZHONX_III/Drivers/STM32F4xx_HAL_Driver/Src/stm32f4xx_hal_uart.o
 .ARM.attributes
                0x000005e7       0x21 ./ZHONX_III/Drivers/CMSIS/Device/ST/STM32F4xx/Source/Templates/gcc/startup_stm32f405xx.o
 .ARM.attributes
                0x00000608       0x39 ./ZHONX_III/Drivers/CMSIS/Device/ST/STM32F4xx/Source/Templates/system_stm32f4xx.o
 .ARM.attributes
                0x00000641       0x39 ./ZHONX_III/DSP_lib/ControllerFunctions/arm_pid_init_f32.o
 .ARM.attributes
                0x0000067a       0x22 c:/eclipse-arm/gcc-4_8-2014/bin/../lib/gcc/arm-none-eabi/4.8.4/armv7e-m/fpu\libgcc.a(_arm_addsubdf3.o)
 .ARM.attributes
                0x0000069c       0x22 c:/eclipse-arm/gcc-4_8-2014/bin/../lib/gcc/arm-none-eabi/4.8.4/armv7e-m/fpu\libgcc.a(_arm_muldivdf3.o)
 .ARM.attributes
                0x000006be       0x22 c:/eclipse-arm/gcc-4_8-2014/bin/../lib/gcc/arm-none-eabi/4.8.4/armv7e-m/fpu\libgcc.a(_arm_fixdfsi.o)
 .ARM.attributes
                0x000006e0       0x22 c:/eclipse-arm/gcc-4_8-2014/bin/../lib/gcc/arm-none-eabi/4.8.4/armv7e-m/fpu\libgcc.a(_arm_truncdfsf2.o)
 .ARM.attributes
                0x00000702       0x34 c:/eclipse-arm/gcc-4_8-2014/bin/../lib/gcc/arm-none-eabi/4.8.4/../../../../arm-none-eabi/lib/armv7e-m/fpu\libg.a(lib_a-impure.o)
 .ARM.attributes
                0x00000736       0x34 c:/eclipse-arm/gcc-4_8-2014/bin/../lib/gcc/arm-none-eabi/4.8.4/../../../../arm-none-eabi/lib/armv7e-m/fpu\libg.a(lib_a-init.o)
 .ARM.attributes
                0x0000076a       0x34 c:/eclipse-arm/gcc-4_8-2014/bin/../lib/gcc/arm-none-eabi/4.8.4/../../../../arm-none-eabi/lib/armv7e-m/fpu\libg.a(lib_a-memset.o)
 .ARM.attributes
                0x0000079e       0x34 c:/eclipse-arm/gcc-4_8-2014/bin/../lib/gcc/arm-none-eabi/4.8.4/../../../../arm-none-eabi/lib/armv7e-m/fpu\libg.a(lib_a-reent.o)
 .ARM.attributes
                0x000007d2       0x34 c:/eclipse-arm/gcc-4_8-2014/bin/../lib/gcc/arm-none-eabi/4.8.4/../../../../arm-none-eabi/lib/armv7e-m/fpu\libg.a(lib_a-sprintf.o)
 .ARM.attributes
                0x00000806       0x34 c:/eclipse-arm/gcc-4_8-2014/bin/../lib/gcc/arm-none-eabi/4.8.4/../../../../arm-none-eabi/lib/armv7e-m/fpu\libg.a(lib_a-strlen.o)
 .ARM.attributes
                0x0000083a       0x34 c:/eclipse-arm/gcc-4_8-2014/bin/../lib/gcc/arm-none-eabi/4.8.4/../../../../arm-none-eabi/lib/armv7e-m/fpu\libg.a(lib_a-svfprintf.o)
 .ARM.attributes
                0x0000086e       0x34 c:/eclipse-arm/gcc-4_8-2014/bin/../lib/gcc/arm-none-eabi/4.8.4/../../../../arm-none-eabi/lib/armv7e-m/fpu\libg.a(lib_a-__call_atexit.o)
 .ARM.attributes
                0x000008a2       0x34 c:/eclipse-arm/gcc-4_8-2014/bin/../lib/gcc/arm-none-eabi/4.8.4/../../../../arm-none-eabi/lib/armv7e-m/fpu\libg.a(lib_a-atexit.o)
 .ARM.attributes
                0x000008d6       0x34 c:/eclipse-arm/gcc-4_8-2014/bin/../lib/gcc/arm-none-eabi/4.8.4/../../../../arm-none-eabi/lib/armv7e-m/fpu\libg.a(lib_a-dtoa.o)
 .ARM.attributes
                0x0000090a       0x34 c:/eclipse-arm/gcc-4_8-2014/bin/../lib/gcc/arm-none-eabi/4.8.4/../../../../arm-none-eabi/lib/armv7e-m/fpu\libg.a(lib_a-fini.o)
 .ARM.attributes
                0x0000093e       0x34 c:/eclipse-arm/gcc-4_8-2014/bin/../lib/gcc/arm-none-eabi/4.8.4/../../../../arm-none-eabi/lib/armv7e-m/fpu\libg.a(lib_a-freer.o)
 .ARM.attributes
                0x00000972       0x34 c:/eclipse-arm/gcc-4_8-2014/bin/../lib/gcc/arm-none-eabi/4.8.4/../../../../arm-none-eabi/lib/armv7e-m/fpu\libg.a(lib_a-locale.o)
 .ARM.attributes
                0x000009a6       0x34 c:/eclipse-arm/gcc-4_8-2014/bin/../lib/gcc/arm-none-eabi/4.8.4/../../../../arm-none-eabi/lib/armv7e-m/fpu\libg.a(lib_a-mallocr.o)
 .ARM.attributes
                0x000009da       0x34 c:/eclipse-arm/gcc-4_8-2014/bin/../lib/gcc/arm-none-eabi/4.8.4/../../../../arm-none-eabi/lib/armv7e-m/fpu\libg.a(lib_a-memchr-stub.o)
 .ARM.attributes
                0x00000a0e       0x20 c:/eclipse-arm/gcc-4_8-2014/bin/../lib/gcc/arm-none-eabi/4.8.4/../../../../arm-none-eabi/lib/armv7e-m/fpu\libg.a(lib_a-memcpy.o)
 .ARM.attributes
                0x00000a2e       0x34 c:/eclipse-arm/gcc-4_8-2014/bin/../lib/gcc/arm-none-eabi/4.8.4/../../../../arm-none-eabi/lib/armv7e-m/fpu\libg.a(lib_a-mlock.o)
 .ARM.attributes
                0x00000a62       0x34 c:/eclipse-arm/gcc-4_8-2014/bin/../lib/gcc/arm-none-eabi/4.8.4/../../../../arm-none-eabi/lib/armv7e-m/fpu\libg.a(lib_a-mprec.o)
 .ARM.attributes
                0x00000a96       0x34 c:/eclipse-arm/gcc-4_8-2014/bin/../lib/gcc/arm-none-eabi/4.8.4/../../../../arm-none-eabi/lib/armv7e-m/fpu\libg.a(lib_a-s_fpclassify.o)
 .ARM.attributes
                0x00000aca       0x34 c:/eclipse-arm/gcc-4_8-2014/bin/../lib/gcc/arm-none-eabi/4.8.4/../../../../arm-none-eabi/lib/armv7e-m/fpu\libg.a(lib_a-sbrkr.o)
 .ARM.attributes
                0x00000afe       0x34 c:/eclipse-arm/gcc-4_8-2014/bin/../lib/gcc/arm-none-eabi/4.8.4/../../../../arm-none-eabi/lib/armv7e-m/fpu\libg.a(lib_a-svfiprintf.o)
 .ARM.attributes
                0x00000b32       0x34 c:/eclipse-arm/gcc-4_8-2014/bin/../lib/gcc/arm-none-eabi/4.8.4/../../../../arm-none-eabi/lib/armv7e-m/fpu\libg.a(lib_a-__atexit.o)
 .ARM.attributes
                0x00000b66       0x34 c:/eclipse-arm/gcc-4_8-2014/bin/../lib/gcc/arm-none-eabi/4.8.4/../../../../arm-none-eabi/lib/armv7e-m/fpu\libg.a(lib_a-callocr.o)
 .ARM.attributes
                0x00000b9a       0x34 c:/eclipse-arm/gcc-4_8-2014/bin/../lib/gcc/arm-none-eabi/4.8.4/../../../../arm-none-eabi/lib/armv7e-m/fpu\libg.a(lib_a-memmove.o)
 .ARM.attributes
                0x00000bce       0x34 c:/eclipse-arm/gcc-4_8-2014/bin/../lib/gcc/arm-none-eabi/4.8.4/../../../../arm-none-eabi/lib/armv7e-m/fpu\libg.a(lib_a-reallocr.o)
 .ARM.attributes
                0x00000c02       0x22 c:/eclipse-arm/gcc-4_8-2014/bin/../lib/gcc/arm-none-eabi/4.8.4/armv7e-m/fpu\libgcc.a(_arm_cmpdf2.o)
 .ARM.attributes
                0x00000c24       0x22 c:/eclipse-arm/gcc-4_8-2014/bin/../lib/gcc/arm-none-eabi/4.8.4/armv7e-m/fpu\libgcc.a(_aeabi_uldivmod.o)
 .ARM.attributes
                0x00000c46       0x34 c:/eclipse-arm/gcc-4_8-2014/bin/../lib/gcc/arm-none-eabi/4.8.4/armv7e-m/fpu\libgcc.a(bpabi.o)
 .ARM.attributes
                0x00000c7a       0x22 c:/eclipse-arm/gcc-4_8-2014/bin/../lib/gcc/arm-none-eabi/4.8.4/armv7e-m/fpu\libgcc.a(_dvmd_tls.o)
 .ARM.attributes
                0x00000c9c       0x34 c:/eclipse-arm/gcc-4_8-2014/bin/../lib/gcc/arm-none-eabi/4.8.4/armv7e-m/fpu\libgcc.a(_divdi3.o)
 .ARM.attributes
                0x00000cd0       0x34 c:/eclipse-arm/gcc-4_8-2014/bin/../lib/gcc/arm-none-eabi/4.8.4/armv7e-m/fpu\libgcc.a(_udivdi3.o)
 .ARM.attributes
                0x00000d04       0x22 c:/eclipse-arm/gcc-4_8-2014/bin/../lib/gcc/arm-none-eabi/4.8.4/armv7e-m/fpu/crtn.o
OUTPUT(ZHONX_III.elf elf32-littlearm)

.debug_info     0x00000000    0x12f99
 .debug_info    0x00000000      0x7f2 ./ZHONX_III/TimesBase/TimesBase.o
 .debug_info    0x000007f2     0x17d1 ./ZHONX_III/Src/main.o
 .debug_info    0x00001fc3     0x1341 ./ZHONX_III/Src/stm32f4xx_hal_msp.o
 .debug_info    0x00003304      0xabe ./ZHONX_III/Src/stm32f4xx_it.o
 .debug_info    0x00003dc2      0x66e ./ZHONX_III/Src/syscalls.o
 .debug_info    0x00004430      0x5c6 ./ZHONX_III/Src/user_it_callback.o
 .debug_info    0x000049f6     0x122f ./ZHONX_III/Peripherals/Tests/tests.o
 .debug_info    0x00005c25      0xad7 ./ZHONX_III/Peripherals/Telemeters/Telemeters.o
 .debug_info    0x000066fc      0x7ba ./ZHONX_III/Peripherals/Gyroscope/ADXRS620.o
 .debug_info    0x00006eb6      0x71a ./ZHONX_III/Peripherals/Expander/PCF8574.o
 .debug_info    0x000075d0      0x70e ./ZHONX_III/Peripherals/Encoders/IE512.o
 .debug_info    0x00007cde      0x1a5 ./ZHONX_III/Peripherals/Display/src/smallfonts.o
 .debug_info    0x00007e83      0xf3b ./ZHONX_III/Peripherals/Display/src/ssd1306.o
 .debug_info    0x00008dbe      0xa8f ./ZHONX_III/Enslavements/Straight_Controls/Straight_Controls.o
 .debug_info    0x0000984d      0x2db ./ZHONX_III/Enslavements/PID/PID.o
 .debug_info    0x00009b28      0x7b3 ./ZHONX_III/Drivers/STM32F4xx_HAL_Driver/Src/stm32f4xx_hal.o
 .debug_info    0x0000a2db      0xc22 ./ZHONX_III/Drivers/STM32F4xx_HAL_Driver/Src/stm32f4xx_hal_adc.o
 .debug_info    0x0000aefd      0xb53 ./ZHONX_III/Drivers/STM32F4xx_HAL_Driver/Src/stm32f4xx_hal_cortex.o
 .debug_info    0x0000ba50      0x634 ./ZHONX_III/Drivers/STM32F4xx_HAL_Driver/Src/stm32f4xx_hal_dma.o
 .debug_info    0x0000c084      0x6d4 ./ZHONX_III/Drivers/STM32F4xx_HAL_Driver/Src/stm32f4xx_hal_gpio.o
 .debug_info    0x0000c758     0x1554 ./ZHONX_III/Drivers/STM32F4xx_HAL_Driver/Src/stm32f4xx_hal_i2c.o
 .debug_info    0x0000dcac      0xe23 ./ZHONX_III/Drivers/STM32F4xx_HAL_Driver/Src/stm32f4xx_hal_rcc.o
 .debug_info    0x0000eacf     0x20e8 ./ZHONX_III/Drivers/STM32F4xx_HAL_Driver/Src/stm32f4xx_hal_tim.o
 .debug_info    0x00010bb7      0xf06 ./ZHONX_III/Drivers/STM32F4xx_HAL_Driver/Src/stm32f4xx_hal_tim_ex.o
 .debug_info    0x00011abd      0xe35 ./ZHONX_III/Drivers/STM32F4xx_HAL_Driver/Src/stm32f4xx_hal_uart.o
 .debug_info    0x000128f2       0xa7 ./ZHONX_III/Drivers/CMSIS/Device/ST/STM32F4xx/Source/Templates/gcc/startup_stm32f405xx.o
 .debug_info    0x00012999      0x49e ./ZHONX_III/Drivers/CMSIS/Device/ST/STM32F4xx/Source/Templates/system_stm32f4xx.o
 .debug_info    0x00012e37      0x162 ./ZHONX_III/DSP_lib/ControllerFunctions/arm_pid_init_f32.o

.debug_abbrev   0x00000000     0x2dbd
 .debug_abbrev  0x00000000      0x1ab ./ZHONX_III/TimesBase/TimesBase.o
 .debug_abbrev  0x000001ab      0x1fd ./ZHONX_III/Src/main.o
 .debug_abbrev  0x000003a8      0x197 ./ZHONX_III/Src/stm32f4xx_hal_msp.o
 .debug_abbrev  0x0000053f      0x130 ./ZHONX_III/Src/stm32f4xx_it.o
 .debug_abbrev  0x0000066f      0x168 ./ZHONX_III/Src/syscalls.o
 .debug_abbrev  0x000007d7      0x141 ./ZHONX_III/Src/user_it_callback.o
 .debug_abbrev  0x00000918      0x210 ./ZHONX_III/Peripherals/Tests/tests.o
 .debug_abbrev  0x00000b28      0x17a ./ZHONX_III/Peripherals/Telemeters/Telemeters.o
 .debug_abbrev  0x00000ca2      0x1a3 ./ZHONX_III/Peripherals/Gyroscope/ADXRS620.o
 .debug_abbrev  0x00000e45      0x1c1 ./ZHONX_III/Peripherals/Expander/PCF8574.o
 .debug_abbrev  0x00001006      0x17a ./ZHONX_III/Peripherals/Encoders/IE512.o
 .debug_abbrev  0x00001180       0x91 ./ZHONX_III/Peripherals/Display/src/smallfonts.o
 .debug_abbrev  0x00001211      0x294 ./ZHONX_III/Peripherals/Display/src/ssd1306.o
 .debug_abbrev  0x000014a5      0x1c1 ./ZHONX_III/Enslavements/Straight_Controls/Straight_Controls.o
 .debug_abbrev  0x00001666      0x192 ./ZHONX_III/Enslavements/PID/PID.o
 .debug_abbrev  0x000017f8      0x18c ./ZHONX_III/Drivers/STM32F4xx_HAL_Driver/Src/stm32f4xx_hal.o
 .debug_abbrev  0x00001984      0x212 ./ZHONX_III/Drivers/STM32F4xx_HAL_Driver/Src/stm32f4xx_hal_adc.o
 .debug_abbrev  0x00001b96      0x299 ./ZHONX_III/Drivers/STM32F4xx_HAL_Driver/Src/stm32f4xx_hal_cortex.o
 .debug_abbrev  0x00001e2f      0x1c2 ./ZHONX_III/Drivers/STM32F4xx_HAL_Driver/Src/stm32f4xx_hal_dma.o
 .debug_abbrev  0x00001ff1      0x1a1 ./ZHONX_III/Drivers/STM32F4xx_HAL_Driver/Src/stm32f4xx_hal_gpio.o
 .debug_abbrev  0x00002192      0x1d6 ./ZHONX_III/Drivers/STM32F4xx_HAL_Driver/Src/stm32f4xx_hal_i2c.o
 .debug_abbrev  0x00002368      0x289 ./ZHONX_III/Drivers/STM32F4xx_HAL_Driver/Src/stm32f4xx_hal_rcc.o
 .debug_abbrev  0x000025f1      0x204 ./ZHONX_III/Drivers/STM32F4xx_HAL_Driver/Src/stm32f4xx_hal_tim.o
 .debug_abbrev  0x000027f5      0x20c ./ZHONX_III/Drivers/STM32F4xx_HAL_Driver/Src/stm32f4xx_hal_tim_ex.o
 .debug_abbrev  0x00002a01      0x1e7 ./ZHONX_III/Drivers/STM32F4xx_HAL_Driver/Src/stm32f4xx_hal_uart.o
 .debug_abbrev  0x00002be8       0x12 ./ZHONX_III/Drivers/CMSIS/Device/ST/STM32F4xx/Source/Templates/gcc/startup_stm32f405xx.o
 .debug_abbrev  0x00002bfa      0x101 ./ZHONX_III/Drivers/CMSIS/Device/ST/STM32F4xx/Source/Templates/system_stm32f4xx.o
 .debug_abbrev  0x00002cfb       0xc2 ./ZHONX_III/DSP_lib/ControllerFunctions/arm_pid_init_f32.o

.debug_aranges  0x00000000     0x1158
 .debug_aranges
                0x00000000       0x40 ./ZHONX_III/TimesBase/TimesBase.o
 .debug_aranges
                0x00000040       0x88 ./ZHONX_III/Src/main.o
 .debug_aranges
                0x000000c8       0x78 ./ZHONX_III/Src/stm32f4xx_hal_msp.o
 .debug_aranges
                0x00000140       0x60 ./ZHONX_III/Src/stm32f4xx_it.o
 .debug_aranges
                0x000001a0       0xb0 ./ZHONX_III/Src/syscalls.o
 .debug_aranges
                0x00000250       0x20 ./ZHONX_III/Src/user_it_callback.o
 .debug_aranges
                0x00000270       0x80 ./ZHONX_III/Peripherals/Tests/tests.o
 .debug_aranges
                0x000002f0       0x28 ./ZHONX_III/Peripherals/Telemeters/Telemeters.o
 .debug_aranges
                0x00000318       0x38 ./ZHONX_III/Peripherals/Gyroscope/ADXRS620.o
 .debug_aranges
                0x00000350       0x48 ./ZHONX_III/Peripherals/Expander/PCF8574.o
 .debug_aranges
                0x00000398       0x30 ./ZHONX_III/Peripherals/Encoders/IE512.o
 .debug_aranges
                0x000003c8       0x18 ./ZHONX_III/Peripherals/Display/src/smallfonts.o
 .debug_aranges
                0x000003e0       0xd8 ./ZHONX_III/Peripherals/Display/src/ssd1306.o
 .debug_aranges
                0x000004b8       0x38 ./ZHONX_III/Enslavements/Straight_Controls/Straight_Controls.o
 .debug_aranges
                0x000004f0       0x40 ./ZHONX_III/Enslavements/PID/PID.o
 .debug_aranges
                0x00000530       0xc0 ./ZHONX_III/Drivers/STM32F4xx_HAL_Driver/Src/stm32f4xx_hal.o
 .debug_aranges
                0x000005f0       0xe8 ./ZHONX_III/Drivers/STM32F4xx_HAL_Driver/Src/stm32f4xx_hal_adc.o
 .debug_aranges
                0x000006d8      0x100 ./ZHONX_III/Drivers/STM32F4xx_HAL_Driver/Src/stm32f4xx_hal_cortex.o
 .debug_aranges
                0x000007d8       0x68 ./ZHONX_III/Drivers/STM32F4xx_HAL_Driver/Src/stm32f4xx_hal_dma.o
 .debug_aranges
                0x00000840       0x58 ./ZHONX_III/Drivers/STM32F4xx_HAL_Driver/Src/stm32f4xx_hal_gpio.o
 .debug_aranges
                0x00000898      0x1e8 ./ZHONX_III/Drivers/STM32F4xx_HAL_Driver/Src/stm32f4xx_hal_i2c.o
 .debug_aranges
                0x00000a80       0x88 ./ZHONX_III/Drivers/STM32F4xx_HAL_Driver/Src/stm32f4xx_hal_rcc.o
 .debug_aranges
                0x00000b08      0x358 ./ZHONX_III/Drivers/STM32F4xx_HAL_Driver/Src/stm32f4xx_hal_tim.o
 .debug_aranges
                0x00000e60      0x140 ./ZHONX_III/Drivers/STM32F4xx_HAL_Driver/Src/stm32f4xx_hal_tim_ex.o
 .debug_aranges
                0x00000fa0      0x148 ./ZHONX_III/Drivers/STM32F4xx_HAL_Driver/Src/stm32f4xx_hal_uart.o
 .debug_aranges
                0x000010e8       0x28 ./ZHONX_III/Drivers/CMSIS/Device/ST/STM32F4xx/Source/Templates/gcc/startup_stm32f405xx.o
 .debug_aranges
                0x00001110       0x28 ./ZHONX_III/Drivers/CMSIS/Device/ST/STM32F4xx/Source/Templates/system_stm32f4xx.o
 .debug_aranges
                0x00001138       0x20 ./ZHONX_III/DSP_lib/ControllerFunctions/arm_pid_init_f32.o

.debug_ranges   0x00000000      0xf98
 .debug_ranges  0x00000000       0x30 ./ZHONX_III/TimesBase/TimesBase.o
 .debug_ranges  0x00000030       0x78 ./ZHONX_III/Src/main.o
 .debug_ranges  0x000000a8       0x68 ./ZHONX_III/Src/stm32f4xx_hal_msp.o
 .debug_ranges  0x00000110       0x50 ./ZHONX_III/Src/stm32f4xx_it.o
 .debug_ranges  0x00000160       0xa0 ./ZHONX_III/Src/syscalls.o
 .debug_ranges  0x00000200       0x10 ./ZHONX_III/Src/user_it_callback.o
 .debug_ranges  0x00000210       0x70 ./ZHONX_III/Peripherals/Tests/tests.o
 .debug_ranges  0x00000280       0x18 ./ZHONX_III/Peripherals/Telemeters/Telemeters.o
 .debug_ranges  0x00000298       0x28 ./ZHONX_III/Peripherals/Gyroscope/ADXRS620.o
 .debug_ranges  0x000002c0       0x38 ./ZHONX_III/Peripherals/Expander/PCF8574.o
 .debug_ranges  0x000002f8       0x20 ./ZHONX_III/Peripherals/Encoders/IE512.o
 .debug_ranges  0x00000318       0xc8 ./ZHONX_III/Peripherals/Display/src/ssd1306.o
 .debug_ranges  0x000003e0       0x28 ./ZHONX_III/Enslavements/Straight_Controls/Straight_Controls.o
 .debug_ranges  0x00000408       0x30 ./ZHONX_III/Enslavements/PID/PID.o
 .debug_ranges  0x00000438       0xb0 ./ZHONX_III/Drivers/STM32F4xx_HAL_Driver/Src/stm32f4xx_hal.o
 .debug_ranges  0x000004e8       0xd8 ./ZHONX_III/Drivers/STM32F4xx_HAL_Driver/Src/stm32f4xx_hal_adc.o
 .debug_ranges  0x000005c0       0xf0 ./ZHONX_III/Drivers/STM32F4xx_HAL_Driver/Src/stm32f4xx_hal_cortex.o
 .debug_ranges  0x000006b0       0x58 ./ZHONX_III/Drivers/STM32F4xx_HAL_Driver/Src/stm32f4xx_hal_dma.o
 .debug_ranges  0x00000708       0x48 ./ZHONX_III/Drivers/STM32F4xx_HAL_Driver/Src/stm32f4xx_hal_gpio.o
 .debug_ranges  0x00000750      0x1d8 ./ZHONX_III/Drivers/STM32F4xx_HAL_Driver/Src/stm32f4xx_hal_i2c.o
 .debug_ranges  0x00000928       0x78 ./ZHONX_III/Drivers/STM32F4xx_HAL_Driver/Src/stm32f4xx_hal_rcc.o
 .debug_ranges  0x000009a0      0x348 ./ZHONX_III/Drivers/STM32F4xx_HAL_Driver/Src/stm32f4xx_hal_tim.o
 .debug_ranges  0x00000ce8      0x130 ./ZHONX_III/Drivers/STM32F4xx_HAL_Driver/Src/stm32f4xx_hal_tim_ex.o
 .debug_ranges  0x00000e18      0x138 ./ZHONX_III/Drivers/STM32F4xx_HAL_Driver/Src/stm32f4xx_hal_uart.o
 .debug_ranges  0x00000f50       0x20 ./ZHONX_III/Drivers/CMSIS/Device/ST/STM32F4xx/Source/Templates/gcc/startup_stm32f405xx.o
 .debug_ranges  0x00000f70       0x18 ./ZHONX_III/Drivers/CMSIS/Device/ST/STM32F4xx/Source/Templates/system_stm32f4xx.o
 .debug_ranges  0x00000f88       0x10 ./ZHONX_III/DSP_lib/ControllerFunctions/arm_pid_init_f32.o

.debug_line     0x00000000     0x90c9
 .debug_line    0x00000000      0x2ef ./ZHONX_III/TimesBase/TimesBase.o
 .debug_line    0x000002ef      0x540 ./ZHONX_III/Src/main.o
 .debug_line    0x0000082f      0x3e9 ./ZHONX_III/Src/stm32f4xx_hal_msp.o
 .debug_line    0x00000c18      0x2da ./ZHONX_III/Src/stm32f4xx_it.o
 .debug_line    0x00000ef2      0x227 ./ZHONX_III/Src/syscalls.o
 .debug_line    0x00001119      0x236 ./ZHONX_III/Src/user_it_callback.o
 .debug_line    0x0000134f      0x6ce ./ZHONX_III/Peripherals/Tests/tests.o
 .debug_line    0x00001a1d      0x333 ./ZHONX_III/Peripherals/Telemeters/Telemeters.o
 .debug_line    0x00001d50      0x328 ./ZHONX_III/Peripherals/Gyroscope/ADXRS620.o
 .debug_line    0x00002078      0x2aa ./ZHONX_III/Peripherals/Expander/PCF8574.o
 .debug_line    0x00002322      0x2fe ./ZHONX_III/Peripherals/Encoders/IE512.o
 .debug_line    0x00002620       0xa7 ./ZHONX_III/Peripherals/Display/src/smallfonts.o
 .debug_line    0x000026c7      0x6c9 ./ZHONX_III/Peripherals/Display/src/ssd1306.o
 .debug_line    0x00002d90      0x3e2 ./ZHONX_III/Enslavements/Straight_Controls/Straight_Controls.o
 .debug_line    0x00003172      0x24e ./ZHONX_III/Enslavements/PID/PID.o
 .debug_line    0x000033c0      0x3ab ./ZHONX_III/Drivers/STM32F4xx_HAL_Driver/Src/stm32f4xx_hal.o
 .debug_line    0x0000376b      0x624 ./ZHONX_III/Drivers/STM32F4xx_HAL_Driver/Src/stm32f4xx_hal_adc.o
 .debug_line    0x00003d8f      0x480 ./ZHONX_III/Drivers/STM32F4xx_HAL_Driver/Src/stm32f4xx_hal_cortex.o
 .debug_line    0x0000420f      0xf5a ./ZHONX_III/Drivers/STM32F4xx_HAL_Driver/Src/stm32f4xx_hal_dma.o
 .debug_line    0x00005169      0x371 ./ZHONX_III/Drivers/STM32F4xx_HAL_Driver/Src/stm32f4xx_hal_gpio.o
 .debug_line    0x000054da      0xee5 ./ZHONX_III/Drivers/STM32F4xx_HAL_Driver/Src/stm32f4xx_hal_i2c.o
 .debug_line    0x000063bf      0x639 ./ZHONX_III/Drivers/STM32F4xx_HAL_Driver/Src/stm32f4xx_hal_rcc.o
 .debug_line    0x000069f8     0x1258 ./ZHONX_III/Drivers/STM32F4xx_HAL_Driver/Src/stm32f4xx_hal_tim.o
 .debug_line    0x00007c50      0x79f ./ZHONX_III/Drivers/STM32F4xx_HAL_Driver/Src/stm32f4xx_hal_tim_ex.o
 .debug_line    0x000083ef      0x8dc ./ZHONX_III/Drivers/STM32F4xx_HAL_Driver/Src/stm32f4xx_hal_uart.o
 .debug_line    0x00008ccb       0xb8 ./ZHONX_III/Drivers/CMSIS/Device/ST/STM32F4xx/Source/Templates/gcc/startup_stm32f405xx.o
 .debug_line    0x00008d83      0x1f7 ./ZHONX_III/Drivers/CMSIS/Device/ST/STM32F4xx/Source/Templates/system_stm32f4xx.o
 .debug_line    0x00008f7a      0x14f ./ZHONX_III/DSP_lib/ControllerFunctions/arm_pid_init_f32.o

.debug_str      0x00000000     0x4b49
 .debug_str     0x00000000      0x74d ./ZHONX_III/TimesBase/TimesBase.o
                                0x7f6 (size before relaxing)
 .debug_str     0x0000074d     0x1121 ./ZHONX_III/Src/main.o
                               0x186f (size before relaxing)
 .debug_str     0x0000186e      0x145 ./ZHONX_III/Src/stm32f4xx_hal_msp.o
                               0x14d2 (size before relaxing)
 .debug_str     0x000019b3       0xd3 ./ZHONX_III/Src/stm32f4xx_it.o
                                0xe78 (size before relaxing)
 .debug_str     0x00001a86      0x20d ./ZHONX_III/Src/syscalls.o
                                0x3ec (size before relaxing)
 .debug_str     0x00001c93       0x47 ./ZHONX_III/Src/user_it_callback.o
                                0x6a8 (size before relaxing)
 .debug_str     0x00001cda      0x2fe ./ZHONX_III/Peripherals/Tests/tests.o
                               0x10e9 (size before relaxing)
 .debug_str     0x00001fd8       0xc6 ./ZHONX_III/Peripherals/Telemeters/Telemeters.o
                                0xb04 (size before relaxing)
 .debug_str     0x0000209e       0x8d ./ZHONX_III/Peripherals/Gyroscope/ADXRS620.o
                                0x88e (size before relaxing)
 .debug_str     0x0000212b       0x72 ./ZHONX_III/Peripherals/Expander/PCF8574.o
                                0x7b5 (size before relaxing)
 .debug_str     0x0000219d       0x59 ./ZHONX_III/Peripherals/Encoders/IE512.o
                                0x7ce (size before relaxing)
 .debug_str     0x000021f6       0x83 ./ZHONX_III/Peripherals/Display/src/smallfonts.o
                                0x207 (size before relaxing)
 .debug_str     0x00002279      0x203 ./ZHONX_III/Peripherals/Display/src/ssd1306.o
                                0x982 (size before relaxing)
 .debug_str     0x0000247c       0xfd ./ZHONX_III/Enslavements/Straight_Controls/Straight_Controls.o
                                0xa2f (size before relaxing)
 .debug_str     0x00002579       0x4b ./ZHONX_III/Enslavements/PID/PID.o
                                0x2ca (size before relaxing)
 .debug_str     0x000025c4      0x240 ./ZHONX_III/Drivers/STM32F4xx_HAL_Driver/Src/stm32f4xx_hal.o
                                0xa34 (size before relaxing)
 .debug_str     0x00002804      0x288 ./ZHONX_III/Drivers/STM32F4xx_HAL_Driver/Src/stm32f4xx_hal_adc.o
                                0xa88 (size before relaxing)
 .debug_str     0x00002a8c      0x2f8 ./ZHONX_III/Drivers/STM32F4xx_HAL_Driver/Src/stm32f4xx_hal_cortex.o
                                0xb01 (size before relaxing)
 .debug_str     0x00002d84      0x168 ./ZHONX_III/Drivers/STM32F4xx_HAL_Driver/Src/stm32f4xx_hal_dma.o
                                0x62a (size before relaxing)
 .debug_str     0x00002eec      0x179 ./ZHONX_III/Drivers/STM32F4xx_HAL_Driver/Src/stm32f4xx_hal_gpio.o
                                0x520 (size before relaxing)
 .debug_str     0x00003065      0x58f ./ZHONX_III/Drivers/STM32F4xx_HAL_Driver/Src/stm32f4xx_hal_i2c.o
                                0xd06 (size before relaxing)
 .debug_str     0x000035f4      0x1ca ./ZHONX_III/Drivers/STM32F4xx_HAL_Driver/Src/stm32f4xx_hal_rcc.o
                                0x6ec (size before relaxing)
 .debug_str     0x000037be      0xb02 ./ZHONX_III/Drivers/STM32F4xx_HAL_Driver/Src/stm32f4xx_hal_tim.o
                               0x13a0 (size before relaxing)
 .debug_str     0x000042c0      0x477 ./ZHONX_III/Drivers/STM32F4xx_HAL_Driver/Src/stm32f4xx_hal_tim_ex.o
                                0xc84 (size before relaxing)
 .debug_str     0x00004737      0x338 ./ZHONX_III/Drivers/STM32F4xx_HAL_Driver/Src/stm32f4xx_hal_uart.o
                                0xaae (size before relaxing)
 .debug_str     0x00004a6f       0x7e ./ZHONX_III/Drivers/CMSIS/Device/ST/STM32F4xx/Source/Templates/system_stm32f4xx.o
                                0x3e3 (size before relaxing)
 .debug_str     0x00004aed       0x5c ./ZHONX_III/DSP_lib/ControllerFunctions/arm_pid_init_f32.o
                                0x252 (size before relaxing)
